Copyright 1986-2021 Xilinx, Inc. All Rights Reserved.
-----------------------------------------------------------------------------------------------------------------------------------------------
| Tool Version : Vivado v.2021.1 (win64) Build 3247384 Thu Jun 10 19:36:33 MDT 2021
| Date         : Thu Oct  1 19:48:12 2026
| Host         : Vineet running 64-bit major release  (build 9200)
| Command      : report_timing_summary -file E:/hw-projects/systolic-array/syn/reports/vivado_4x4_xc7a100tcsg324-1_dsp/timing.rpt -max_paths 5
| Design       : sa_core
| Device       : 7a100t-csg324
| Speed File   : -1  PRODUCTION 1.23 2018-06-13
-----------------------------------------------------------------------------------------------------------------------------------------------

Timing Summary Report

------------------------------------------------------------------------------------------------
| Timer Settings
| --------------
------------------------------------------------------------------------------------------------

  Enable Multi Corner Analysis               :  Yes
  Enable Pessimism Removal                   :  Yes
  Pessimism Removal Resolution               :  Nearest Common Node
  Enable Input Delay Default Clock           :  No
  Enable Preset / Clear Arcs                 :  No
  Disable Flight Delays                      :  No
  Ignore I/O Paths                           :  No
  Timing Early Launch at Borrowing Latches   :  No
  Borrow Time for Max Delay Exceptions       :  Yes
  Merge Timing Exceptions                    :  Yes

  Corner  Analyze    Analyze    
  Name    Max Paths  Min Paths  
  ------  ---------  ---------  
  Slow    Yes        Yes        
  Fast    Yes        Yes        


------------------------------------------------------------------------------------------------
| Report Methodology
| ------------------
------------------------------------------------------------------------------------------------

No report available as report_methodology has not been run prior. Run report_methodology on the current design for the summary of methodology violations.



check_timing report

Table of Contents
-----------------
1. checking no_clock (0)
2. checking constant_clock (0)
3. checking pulse_width_clock (0)
4. checking unconstrained_internal_endpoints (0)
5. checking no_input_delay (72)
6. checking no_output_delay (135)
7. checking multiple_clock (0)
8. checking generated_clocks (0)
9. checking loops (0)
10. checking partial_input_delay (0)
11. checking partial_output_delay (0)
12. checking latch_loops (0)

1. checking no_clock (0)
------------------------
 There are 0 register/latch pins with no clock.


2. checking constant_clock (0)
------------------------------
 There are 0 register/latch pins with constant_clock.


3. checking pulse_width_clock (0)
---------------------------------
 There are 0 register/latch pins which need pulse_width check


4. checking unconstrained_internal_endpoints (0)
------------------------------------------------
 There are 0 pins that are not constrained for maximum delay.

 There are 0 pins that are not constrained for maximum delay due to constant clock.


5. checking no_input_delay (72)
-------------------------------
 There are 72 input ports with no input delay specified. (HIGH)

 There are 0 input ports with no input delay but user has a false path constraint.


6. checking no_output_delay (135)
---------------------------------
 There are 135 ports with no output delay specified. (HIGH)

 There are 0 ports with no output delay but user has a false path constraint

 There are 0 ports with no output delay but with a timing clock defined on it or propagating through it


7. checking multiple_clock (0)
------------------------------
 There are 0 register/latch pins with multiple clocks.


8. checking generated_clocks (0)
--------------------------------
 There are 0 generated clocks that are not connected to a clock source.


9. checking loops (0)
---------------------
 There are 0 combinational loops in the design.


10. checking partial_input_delay (0)
------------------------------------
 There are 0 input ports with partial input delay specified.


11. checking partial_output_delay (0)
-------------------------------------
 There are 0 ports with partial output delay specified.


12. checking latch_loops (0)
----------------------------
 There are 0 combinational latch loops in the design through latch input



------------------------------------------------------------------------------------------------
| Design Timing Summary
| ---------------------
------------------------------------------------------------------------------------------------

    WNS(ns)      TNS(ns)  TNS Failing Endpoints  TNS Total Endpoints      WHS(ns)      THS(ns)  THS Failing Endpoints  THS Total Endpoints     WPWS(ns)     TPWS(ns)  TPWS Failing Endpoints  TPWS Total Endpoints  
    -------      -------  ---------------------  -------------------      -------      -------  ---------------------  -------------------     --------     --------  ----------------------  --------------------  
     -1.678     -732.573                   1006                 3330        0.121        0.000                      0                 3330        0.116        0.000                       0                   913  


Timing constraints are not met.


------------------------------------------------------------------------------------------------
| Clock Summary
| -------------
------------------------------------------------------------------------------------------------

Clock  Waveform(ns)         Period(ns)      Frequency(MHz)
-----  ------------         ----------      --------------
clk    {0.000 2.000}        4.000           250.000         


------------------------------------------------------------------------------------------------
| Intra Clock Table
| -----------------
------------------------------------------------------------------------------------------------

Clock             WNS(ns)      TNS(ns)  TNS Failing Endpoints  TNS Total Endpoints      WHS(ns)      THS(ns)  THS Failing Endpoints  THS Total Endpoints     WPWS(ns)     TPWS(ns)  TPWS Failing Endpoints  TPWS Total Endpoints  
-----             -------      -------  ---------------------  -------------------      -------      -------  ---------------------  -------------------     --------     --------  ----------------------  --------------------  
clk                -1.678     -732.573                   1006                 3330        0.121        0.000                      0                 3330        0.116        0.000                       0                   913  


------------------------------------------------------------------------------------------------
| Inter Clock Table
| -----------------
------------------------------------------------------------------------------------------------

From Clock    To Clock          WNS(ns)      TNS(ns)  TNS Failing Endpoints  TNS Total Endpoints      WHS(ns)      THS(ns)  THS Failing Endpoints  THS Total Endpoints  
----------    --------          -------      -------  ---------------------  -------------------      -------      -------  ---------------------  -------------------  


------------------------------------------------------------------------------------------------
| Other Path Groups Table
| -----------------------
------------------------------------------------------------------------------------------------

Path Group    From Clock    To Clock          WNS(ns)      TNS(ns)  TNS Failing Endpoints  TNS Total Endpoints      WHS(ns)      THS(ns)  THS Failing Endpoints  THS Total Endpoints  
----------    ----------    --------          -------      -------  ---------------------  -------------------      -------      -------  ---------------------  -------------------  


------------------------------------------------------------------------------------------------
| Timing Details
| --------------
------------------------------------------------------------------------------------------------


---------------------------------------------------------------------------------------------------
From Clock:  clk
  To Clock:  clk

Setup :         1006  Failing Endpoints,  Worst Slack       -1.678ns,  Total Violation     -732.573ns
Hold  :            0  Failing Endpoints,  Worst Slack        0.121ns,  Total Violation        0.000ns
PW    :            0  Failing Endpoints,  Worst Slack        0.116ns,  Total Violation        0.000ns
---------------------------------------------------------------------------------------------------


Max Delay Paths
--------------------------------------------------------------------------------------
Slack (VIOLATED) :        -1.678ns  (required time - arrival time)
  Source:                 u_array/g_row[1].g_col[1].u_pe/a_bank_o_reg/C
                            (rising edge-triggered cell FDRE clocked by clk  {rise@0.000ns fall@2.000ns period=4.000ns})
  Destination:            u_array/g_row[2].g_col[1].u_pe/prod_q_reg/B[16]
                            (rising edge-triggered cell DSP48E1 clocked by clk  {rise@0.000ns fall@2.000ns period=4.000ns})
  Path Group:             clk
  Path Type:              Setup (Max at Slow Process Corner)
  Requirement:            4.000ns  (clk rise@4.000ns - clk rise@0.000ns)
  Data Path Delay:        2.058ns  (logic 0.580ns (28.181%)  route 1.478ns (71.819%))
  Logic Levels:           1  (LUT3=1)
  Clock Path Skew:        -0.049ns (DCD - SCD + CPR)
    Destination Clock Delay (DCD):    0.924ns = ( 4.924 - 4.000 ) 
    Source Clock Delay      (SCD):    0.973ns
    Clock Pessimism Removal (CPR):    0.000ns
  Clock Uncertainty:      0.035ns  ((TSJ^2 + TIJ^2)^1/2 + DJ) / 2 + PE
    Total System Jitter     (TSJ):    0.071ns
    Total Input Jitter      (TIJ):    0.000ns
    Discrete Jitter          (DJ):    0.000ns
    Phase Error              (PE):    0.000ns

    Location             Delay type                Incr(ns)  Path(ns)    Netlist Resource(s)
  -------------------------------------------------------------------    -------------------
                         (clock clk rise edge)        0.000     0.000 r  
                                                      0.000     0.000 r  clk (IN)
                         net (fo=912, unset)          0.973     0.973    u_array/g_row[1].g_col[1].u_pe/clk
    SLICE_X13Y52         FDRE                                         r  u_array/g_row[1].g_col[1].u_pe/a_bank_o_reg/C
  -------------------------------------------------------------------    -------------------
    SLICE_X13Y52         FDRE (Prop_fdre_C_Q)         0.456     1.429 r  u_array/g_row[1].g_col[1].u_pe/a_bank_o_reg/Q
                         net (fo=33, routed)          0.737     2.166    u_array/g_row[2].g_col[1].u_pe/b_h[1]_2
    SLICE_X13Y58         LUT3 (Prop_lut3_I2_O)        0.124     2.290 r  u_array/g_row[2].g_col[1].u_pe/sum_i_1/O
                         net (fo=22, routed)          0.741     3.031    u_array/g_row[2].g_col[1].u_pe/B[7]
    DSP48_X0Y22          DSP48E1                                      r  u_array/g_row[2].g_col[1].u_pe/prod_q_reg/B[16]
  -------------------------------------------------------------------    -------------------

                         (clock clk rise edge)        4.000     4.000 r  
                                                      0.000     4.000 r  clk (IN)
                         net (fo=912, unset)          0.924     4.924    u_array/g_row[2].g_col[1].u_pe/clk
    DSP48_X0Y22          DSP48E1                                      r  u_array/g_row[2].g_col[1].u_pe/prod_q_reg/CLK
                         clock pessimism              0.000     4.924    
                         clock uncertainty           -0.035     4.889    
    DSP48_X0Y22          DSP48E1 (Setup_dsp48e1_CLK_B[16])
                                                     -3.536     1.353    u_array/g_row[2].g_col[1].u_pe/prod_q_reg
  -------------------------------------------------------------------
                         required time                          1.353    
                         arrival time                          -3.031    
  -------------------------------------------------------------------
                         slack                                 -1.678    

Slack (VIOLATED) :        -1.667ns  (required time - arrival time)
  Source:                 u_array/g_row[1].g_col[1].u_pe/a_bank_o_reg/C
                            (rising edge-triggered cell FDRE clocked by clk  {rise@0.000ns fall@2.000ns period=4.000ns})
  Destination:            u_array/g_row[2].g_col[1].u_pe/prod_q_reg/B[8]
                            (rising edge-triggered cell DSP48E1 clocked by clk  {rise@0.000ns fall@2.000ns period=4.000ns})
  Path Group:             clk
  Path Type:              Setup (Max at Slow Process Corner)
  Requirement:            4.000ns  (clk rise@4.000ns - clk rise@0.000ns)
  Data Path Delay:        2.047ns  (logic 0.580ns (28.333%)  route 1.467ns (71.667%))
  Logic Levels:           1  (LUT3=1)
  Clock Path Skew:        -0.049ns (DCD - SCD + CPR)
    Destination Clock Delay (DCD):    0.924ns = ( 4.924 - 4.000 ) 
    Source Clock Delay      (SCD):    0.973ns
    Clock Pessimism Removal (CPR):    0.000ns
  Clock Uncertainty:      0.035ns  ((TSJ^2 + TIJ^2)^1/2 + DJ) / 2 + PE
    Total System Jitter     (TSJ):    0.071ns
    Total Input Jitter      (TIJ):    0.000ns
    Discrete Jitter          (DJ):    0.000ns
    Phase Error              (PE):    0.000ns

    Location             Delay type                Incr(ns)  Path(ns)    Netlist Resource(s)
  -------------------------------------------------------------------    -------------------
                         (clock clk rise edge)        0.000     0.000 r  
                                                      0.000     0.000 r  clk (IN)
                         net (fo=912, unset)          0.973     0.973    u_array/g_row[1].g_col[1].u_pe/clk
    SLICE_X13Y52         FDRE                                         r  u_array/g_row[1].g_col[1].u_pe/a_bank_o_reg/C
  -------------------------------------------------------------------    -------------------
    SLICE_X13Y52         FDRE (Prop_fdre_C_Q)         0.456     1.429 r  u_array/g_row[1].g_col[1].u_pe/a_bank_o_reg/Q
                         net (fo=33, routed)          0.737     2.166    u_array/g_row[2].g_col[1].u_pe/b_h[1]_2
    SLICE_X13Y58         LUT3 (Prop_lut3_I2_O)        0.124     2.290 r  u_array/g_row[2].g_col[1].u_pe/sum_i_1/O
                         net (fo=22, routed)          0.730     3.020    u_array/g_row[2].g_col[1].u_pe/B[7]
    DSP48_X0Y22          DSP48E1                                      r  u_array/g_row[2].g_col[1].u_pe/prod_q_reg/B[8]
  -------------------------------------------------------------------    -------------------

                         (clock clk rise edge)        4.000     4.000 r  
                                                      0.000     4.000 r  clk (IN)
                         net (fo=912, unset)          0.924     4.924    u_array/g_row[2].g_col[1].u_pe/clk
    DSP48_X0Y22          DSP48E1                                      r  u_array/g_row[2].g_col[1].u_pe/prod_q_reg/CLK
                         clock pessimism              0.000     4.924    
                         clock uncertainty           -0.035     4.889    
    DSP48_X0Y22          DSP48E1 (Setup_dsp48e1_CLK_B[8])
                                                     -3.536     1.353    u_array/g_row[2].g_col[1].u_pe/prod_q_reg
  -------------------------------------------------------------------
                         required time                          1.353    
                         arrival time                          -3.020    
  -------------------------------------------------------------------
                         slack                                 -1.667    

Slack (VIOLATED) :        -1.615ns  (required time - arrival time)
  Source:                 u_array/g_row[1].g_col[2].u_pe/a_bank_o_reg/C
                            (rising edge-triggered cell FDRE clocked by clk  {rise@0.000ns fall@2.000ns period=4.000ns})
  Destination:            u_array/g_row[3].g_col[1].u_pe/prod_q_reg/B[6]
                            (rising edge-triggered cell DSP48E1 clocked by clk  {rise@0.000ns fall@2.000ns period=4.000ns})
  Path Group:             clk
  Path Type:              Setup (Max at Slow Process Corner)
  Requirement:            4.000ns  (clk rise@4.000ns - clk rise@0.000ns)
  Data Path Delay:        1.995ns  (logic 0.580ns (29.075%)  route 1.415ns (70.925%))
  Logic Levels:           1  (LUT3=1)
  Clock Path Skew:        -0.049ns (DCD - SCD + CPR)
    Destination Clock Delay (DCD):    0.924ns = ( 4.924 - 4.000 ) 
    Source Clock Delay      (SCD):    0.973ns
    Clock Pessimism Removal (CPR):    0.000ns
  Clock Uncertainty:      0.035ns  ((TSJ^2 + TIJ^2)^1/2 + DJ) / 2 + PE
    Total System Jitter     (TSJ):    0.071ns
    Total Input Jitter      (TIJ):    0.000ns
    Discrete Jitter          (DJ):    0.000ns
    Phase Error              (PE):    0.000ns

    Location             Delay type                Incr(ns)  Path(ns)    Netlist Resource(s)
  -------------------------------------------------------------------    -------------------
                         (clock clk rise edge)        0.000     0.000 r  
                                                      0.000     0.000 r  clk (IN)
                         net (fo=912, unset)          0.973     0.973    u_array/g_row[1].g_col[2].u_pe/clk
    SLICE_X61Y64         FDRE                                         r  u_array/g_row[1].g_col[2].u_pe/a_bank_o_reg/C
  -------------------------------------------------------------------    -------------------
    SLICE_X61Y64         FDRE (Prop_fdre_C_Q)         0.456     1.429 r  u_array/g_row[1].g_col[2].u_pe/a_bank_o_reg/Q
                         net (fo=25, routed)          1.002     2.431    u_array/g_row[3].g_col[1].u_pe/b_h[1]_3
    SLICE_X58Y61         LUT3 (Prop_lut3_I2_O)        0.124     2.555 r  u_array/g_row[3].g_col[1].u_pe/sum_i_2/O
                         net (fo=2, routed)           0.413     2.968    u_array/g_row[3].g_col[1].u_pe/B[6]
    DSP48_X1Y25          DSP48E1                                      r  u_array/g_row[3].g_col[1].u_pe/prod_q_reg/B[6]
  -------------------------------------------------------------------    -------------------

                         (clock clk rise edge)        4.000     4.000 r  
                                                      0.000     4.000 r  clk (IN)
                         net (fo=912, unset)          0.924     4.924    u_array/g_row[3].g_col[1].u_pe/clk
    DSP48_X1Y25          DSP48E1                                      r  u_array/g_row[3].g_col[1].u_pe/prod_q_reg/CLK
                         clock pessimism              0.000     4.924    
                         clock uncertainty           -0.035     4.889    
    DSP48_X1Y25          DSP48E1 (Setup_dsp48e1_CLK_B[6])
                                                     -3.536     1.353    u_array/g_row[3].g_col[1].u_pe/prod_q_reg
  -------------------------------------------------------------------
                         required time                          1.353    
                         arrival time                          -2.968    
  -------------------------------------------------------------------
                         slack                                 -1.615    

Slack (VIOLATED) :        -1.612ns  (required time - arrival time)
  Source:                 u_array/g_row[1].g_col[2].u_pe/a_bank_o_reg/C
                            (rising edge-triggered cell FDRE clocked by clk  {rise@0.000ns fall@2.000ns period=4.000ns})
  Destination:            u_array/g_row[1].g_col[3].u_pe/prod_q_reg/B[9]
                            (rising edge-triggered cell DSP48E1 clocked by clk  {rise@0.000ns fall@2.000ns period=4.000ns})
  Path Group:             clk
  Path Type:              Setup (Max at Slow Process Corner)
  Requirement:            4.000ns  (clk rise@4.000ns - clk rise@0.000ns)
  Data Path Delay:        1.992ns  (logic 0.580ns (29.120%)  route 1.412ns (70.880%))
  Logic Levels:           1  (LUT3=1)
  Clock Path Skew:        -0.049ns (DCD - SCD + CPR)
    Destination Clock Delay (DCD):    0.924ns = ( 4.924 - 4.000 ) 
    Source Clock Delay      (SCD):    0.973ns
    Clock Pessimism Removal (CPR):    0.000ns
  Clock Uncertainty:      0.035ns  ((TSJ^2 + TIJ^2)^1/2 + DJ) / 2 + PE
    Total System Jitter     (TSJ):    0.071ns
    Total Input Jitter      (TIJ):    0.000ns
    Discrete Jitter          (DJ):    0.000ns
    Phase Error              (PE):    0.000ns

    Location             Delay type                Incr(ns)  Path(ns)    Netlist Resource(s)
  -------------------------------------------------------------------    -------------------
                         (clock clk rise edge)        0.000     0.000 r  
                                                      0.000     0.000 r  clk (IN)
                         net (fo=912, unset)          0.973     0.973    u_array/g_row[1].g_col[2].u_pe/clk
    SLICE_X61Y64         FDRE                                         r  u_array/g_row[1].g_col[2].u_pe/a_bank_o_reg/C
  -------------------------------------------------------------------    -------------------
    SLICE_X61Y64         FDRE (Prop_fdre_C_Q)         0.456     1.429 r  u_array/g_row[1].g_col[2].u_pe/a_bank_o_reg/Q
                         net (fo=25, routed)          0.708     2.137    u_array/g_row[1].g_col[3].u_pe/b_h[1]_3
    SLICE_X58Y67         LUT3 (Prop_lut3_I2_O)        0.124     2.261 r  u_array/g_row[1].g_col[3].u_pe/sum_i_2/O
                         net (fo=22, routed)          0.703     2.965    u_array/g_row[1].g_col[3].u_pe/B[7]
    DSP48_X1Y26          DSP48E1                                      r  u_array/g_row[1].g_col[3].u_pe/prod_q_reg/B[9]
  -------------------------------------------------------------------    -------------------

                         (clock clk rise edge)        4.000     4.000 r  
                                                      0.000     4.000 r  clk (IN)
                         net (fo=912, unset)          0.924     4.924    u_array/g_row[1].g_col[3].u_pe/clk
    DSP48_X1Y26          DSP48E1                                      r  u_array/g_row[1].g_col[3].u_pe/prod_q_reg/CLK
                         clock pessimism              0.000     4.924    
                         clock uncertainty           -0.035     4.889    
    DSP48_X1Y26          DSP48E1 (Setup_dsp48e1_CLK_B[9])
                                                     -3.536     1.353    u_array/g_row[1].g_col[3].u_pe/prod_q_reg
  -------------------------------------------------------------------
                         required time                          1.353    
                         arrival time                          -2.965    
  -------------------------------------------------------------------
                         slack                                 -1.612    

Slack (VIOLATED) :        -1.609ns  (required time - arrival time)
  Source:                 u_array/g_row[1].g_col[2].u_pe/w0_q_reg[7]/C
                            (rising edge-triggered cell FDRE clocked by clk  {rise@0.000ns fall@2.000ns period=4.000ns})
  Destination:            u_array/g_row[1].g_col[2].u_pe/prod_q_reg/B[7]
                            (rising edge-triggered cell DSP48E1 clocked by clk  {rise@0.000ns fall@2.000ns period=4.000ns})
  Path Group:             clk
  Path Type:              Setup (Max at Slow Process Corner)
  Requirement:            4.000ns  (clk rise@4.000ns - clk rise@0.000ns)
  Data Path Delay:        1.989ns  (logic 0.642ns (32.270%)  route 1.347ns (67.730%))
  Logic Levels:           1  (LUT3=1)
  Clock Path Skew:        -0.049ns (DCD - SCD + CPR)
    Destination Clock Delay (DCD):    0.924ns = ( 4.924 - 4.000 ) 
    Source Clock Delay      (SCD):    0.973ns
    Clock Pessimism Removal (CPR):    0.000ns
  Clock Uncertainty:      0.035ns  ((TSJ^2 + TIJ^2)^1/2 + DJ) / 2 + PE
    Total System Jitter     (TSJ):    0.071ns
    Total Input Jitter      (TIJ):    0.000ns
    Discrete Jitter          (DJ):    0.000ns
    Phase Error              (PE):    0.000ns

    Location             Delay type                Incr(ns)  Path(ns)    Netlist Resource(s)
  -------------------------------------------------------------------    -------------------
                         (clock clk rise edge)        0.000     0.000 r  
                                                      0.000     0.000 r  clk (IN)
                         net (fo=912, unset)          0.973     0.973    u_array/g_row[1].g_col[2].u_pe/clk
    SLICE_X14Y49         FDRE                                         r  u_array/g_row[1].g_col[2].u_pe/w0_q_reg[7]/C
  -------------------------------------------------------------------    -------------------
    SLICE_X14Y49         FDRE (Prop_fdre_C_Q)         0.518     1.491 r  u_array/g_row[1].g_col[2].u_pe/w0_q_reg[7]/Q
                         net (fo=1, routed)           0.566     2.057    u_array/g_row[1].g_col[2].u_pe/w0_q[7]
    SLICE_X13Y49         LUT3 (Prop_lut3_I1_O)        0.124     2.181 r  u_array/g_row[1].g_col[2].u_pe/sum_i_1/O
                         net (fo=22, routed)          0.781     2.962    u_array/g_row[1].g_col[2].u_pe/B[7]
    DSP48_X0Y18          DSP48E1                                      r  u_array/g_row[1].g_col[2].u_pe/prod_q_reg/B[7]
  -------------------------------------------------------------------    -------------------

                         (clock clk rise edge)        4.000     4.000 r  
                                                      0.000     4.000 r  clk (IN)
                         net (fo=912, unset)          0.924     4.924    u_array/g_row[1].g_col[2].u_pe/clk
    DSP48_X0Y18          DSP48E1                                      r  u_array/g_row[1].g_col[2].u_pe/prod_q_reg/CLK
                         clock pessimism              0.000     4.924    
                         clock uncertainty           -0.035     4.889    
    DSP48_X0Y18          DSP48E1 (Setup_dsp48e1_CLK_B[7])
                                                     -3.536     1.353    u_array/g_row[1].g_col[2].u_pe/prod_q_reg
  -------------------------------------------------------------------
                         required time                          1.353    
                         arrival time                          -2.962    
  -------------------------------------------------------------------
                         slack                                 -1.609    





Min Delay Paths
--------------------------------------------------------------------------------------
Slack (MET) :             0.121ns  (arrival time - required time)
  Source:                 g_deskew[0].g_delay.d_q_reg[37]_srl3_srlopt/C
                            (rising edge-triggered cell FDRE clocked by clk  {rise@0.000ns fall@2.000ns period=4.000ns})
  Destination:            g_deskew[0].g_delay.d_q_reg[37]_srl3/D
                            (rising edge-triggered cell SRL16E clocked by clk  {rise@0.000ns fall@2.000ns period=4.000ns})
  Path Group:             clk
  Path Type:              Hold (Min at Fast Process Corner)
  Requirement:            0.000ns  (clk rise@0.000ns - clk rise@0.000ns)
  Data Path Delay:        0.257ns  (logic 0.141ns (54.812%)  route 0.116ns (45.188%))
  Logic Levels:           0  
  Clock Path Skew:        0.022ns (DCD - SCD - CPR)
    Destination Clock Delay (DCD):    0.432ns
    Source Clock Delay      (SCD):    0.410ns
    Clock Pessimism Removal (CPR):    -0.000ns

    Location             Delay type                Incr(ns)  Path(ns)    Netlist Resource(s)
  -------------------------------------------------------------------    -------------------
                         (clock clk rise edge)        0.000     0.000 r  
                                                      0.000     0.000 r  clk (IN)
                         net (fo=912, unset)          0.410     0.410    clk
    SLICE_X53Y61         FDRE                                         r  g_deskew[0].g_delay.d_q_reg[37]_srl3_srlopt/C
  -------------------------------------------------------------------    -------------------
    SLICE_X53Y61         FDRE (Prop_fdre_C_Q)         0.141     0.551 r  g_deskew[0].g_delay.d_q_reg[37]_srl3_srlopt/Q
                         net (fo=1, routed)           0.116     0.667    srlopt_n_1
    SLICE_X56Y61         SRL16E                                       r  g_deskew[0].g_delay.d_q_reg[37]_srl3/D
  -------------------------------------------------------------------    -------------------

                         (clock clk rise edge)        0.000     0.000 r  
                                                      0.000     0.000 r  clk (IN)
                         net (fo=912, unset)          0.432     0.432    clk
    SLICE_X56Y61         SRL16E                                       r  g_deskew[0].g_delay.d_q_reg[37]_srl3/CLK
                         clock pessimism              0.000     0.432    
    SLICE_X56Y61         SRL16E (Hold_srl16e_CLK_D)
                                                      0.115     0.547    g_deskew[0].g_delay.d_q_reg[37]_srl3
  -------------------------------------------------------------------
                         required time                         -0.547    
                         arrival time                           0.667    
  -------------------------------------------------------------------
                         slack                                  0.121    

Slack (MET) :             0.146ns  (arrival time - required time)
  Source:                 u_array/g_bot[3].vld_q_reg/C
                            (rising edge-triggered cell FDCE clocked by clk  {rise@0.000ns fall@2.000ns period=4.000ns})
  Destination:            fifo_cnt_reg[1]/D
                            (rising edge-triggered cell FDCE clocked by clk  {rise@0.000ns fall@2.000ns period=4.000ns})
  Path Group:             clk
  Path Type:              Hold (Min at Fast Process Corner)
  Requirement:            0.000ns  (clk rise@0.000ns - clk rise@0.000ns)
  Data Path Delay:        0.298ns  (logic 0.189ns (63.357%)  route 0.109ns (36.643%))
  Logic Levels:           1  (LUT5=1)
  Clock Path Skew:        0.022ns (DCD - SCD - CPR)
    Destination Clock Delay (DCD):    0.432ns
    Source Clock Delay      (SCD):    0.410ns
    Clock Pessimism Removal (CPR):    -0.000ns

    Location             Delay type                Incr(ns)  Path(ns)    Netlist Resource(s)
  -------------------------------------------------------------------    -------------------
                         (clock clk rise edge)        0.000     0.000 r  
                                                      0.000     0.000 r  clk (IN)
                         net (fo=912, unset)          0.410     0.410    u_array/clk
    SLICE_X55Y73         FDCE                                         r  u_array/g_bot[3].vld_q_reg/C
  -------------------------------------------------------------------    -------------------
    SLICE_X55Y73         FDCE (Prop_fdce_C_Q)         0.141     0.551 r  u_array/g_bot[3].vld_q_reg/Q
                         net (fo=5, routed)           0.109     0.660    u_array/bot_vld[3]
    SLICE_X54Y73         LUT5 (Prop_lut5_I3_O)        0.048     0.708 r  u_array/fifo_cnt[1]_i_1/O
                         net (fo=1, routed)           0.000     0.708    u_array_n_35
    SLICE_X54Y73         FDCE                                         r  fifo_cnt_reg[1]/D
  -------------------------------------------------------------------    -------------------

                         (clock clk rise edge)        0.000     0.000 r  
                                                      0.000     0.000 r  clk (IN)
                         net (fo=912, unset)          0.432     0.432    clk
    SLICE_X54Y73         FDCE                                         r  fifo_cnt_reg[1]/C
                         clock pessimism              0.000     0.432    
    SLICE_X54Y73         FDCE (Hold_fdce_C_D)         0.131     0.563    fifo_cnt_reg[1]
  -------------------------------------------------------------------
                         required time                         -0.563    
                         arrival time                           0.708    
  -------------------------------------------------------------------
                         slack                                  0.146    

Slack (MET) :             0.154ns  (arrival time - required time)
  Source:                 u_array/g_bot[3].vld_q_reg/C
                            (rising edge-triggered cell FDCE clocked by clk  {rise@0.000ns fall@2.000ns period=4.000ns})
  Destination:            fifo_cnt_reg[0]/D
                            (rising edge-triggered cell FDCE clocked by clk  {rise@0.000ns fall@2.000ns period=4.000ns})
  Path Group:             clk
  Path Type:              Hold (Min at Fast Process Corner)
  Requirement:            0.000ns  (clk rise@0.000ns - clk rise@0.000ns)
  Data Path Delay:        0.295ns  (logic 0.186ns (62.984%)  route 0.109ns (37.016%))
  Logic Levels:           1  (LUT5=1)
  Clock Path Skew:        0.022ns (DCD - SCD - CPR)
    Destination Clock Delay (DCD):    0.432ns
    Source Clock Delay      (SCD):    0.410ns
    Clock Pessimism Removal (CPR):    -0.000ns

    Location             Delay type                Incr(ns)  Path(ns)    Netlist Resource(s)
  -------------------------------------------------------------------    -------------------
                         (clock clk rise edge)        0.000     0.000 r  
                                                      0.000     0.000 r  clk (IN)
                         net (fo=912, unset)          0.410     0.410    u_array/clk
    SLICE_X55Y73         FDCE                                         r  u_array/g_bot[3].vld_q_reg/C
  -------------------------------------------------------------------    -------------------
    SLICE_X55Y73         FDCE (Prop_fdce_C_Q)         0.141     0.551 r  u_array/g_bot[3].vld_q_reg/Q
                         net (fo=5, routed)           0.109     0.660    u_array/bot_vld[3]
    SLICE_X54Y73         LUT5 (Prop_lut5_I3_O)        0.045     0.705 r  u_array/fifo_cnt[0]_i_1/O
                         net (fo=1, routed)           0.000     0.705    u_array_n_36
    SLICE_X54Y73         FDCE                                         r  fifo_cnt_reg[0]/D
  -------------------------------------------------------------------    -------------------

                         (clock clk rise edge)        0.000     0.000 r  
                                                      0.000     0.000 r  clk (IN)
                         net (fo=912, unset)          0.432     0.432    clk
    SLICE_X54Y73         FDCE                                         r  fifo_cnt_reg[0]/C
                         clock pessimism              0.000     0.432    
    SLICE_X54Y73         FDCE (Hold_fdce_C_D)         0.120     0.552    fifo_cnt_reg[0]
  -------------------------------------------------------------------
                         required time                         -0.552    
                         arrival time                           0.705    
  -------------------------------------------------------------------
                         slack                                  0.154    

Slack (MET) :             0.157ns  (arrival time - required time)
  Source:                 u_array/g_bot[3].vld_q_reg/C
                            (rising edge-triggered cell FDCE clocked by clk  {rise@0.000ns fall@2.000ns period=4.000ns})
  Destination:            wr_ptr_reg/D
                            (rising edge-triggered cell FDCE clocked by clk  {rise@0.000ns fall@2.000ns period=4.000ns})
  Path Group:             clk
  Path Type:              Hold (Min at Fast Process Corner)
  Requirement:            0.000ns  (clk rise@0.000ns - clk rise@0.000ns)
  Data Path Delay:        0.299ns  (logic 0.186ns (62.143%)  route 0.113ns (37.857%))
  Logic Levels:           1  (LUT3=1)
  Clock Path Skew:        0.022ns (DCD - SCD - CPR)
    Destination Clock Delay (DCD):    0.432ns
    Source Clock Delay      (SCD):    0.410ns
    Clock Pessimism Removal (CPR):    -0.000ns

    Location             Delay type                Incr(ns)  Path(ns)    Netlist Resource(s)
  -------------------------------------------------------------------    -------------------
                         (clock clk rise edge)        0.000     0.000 r  
                                                      0.000     0.000 r  clk (IN)
                         net (fo=912, unset)          0.410     0.410    u_array/clk
    SLICE_X55Y73         FDCE                                         r  u_array/g_bot[3].vld_q_reg/C
  -------------------------------------------------------------------    -------------------
    SLICE_X55Y73         FDCE (Prop_fdce_C_Q)         0.141     0.551 r  u_array/g_bot[3].vld_q_reg/Q
                         net (fo=5, routed)           0.113     0.664    u_array/bot_vld[3]
    SLICE_X54Y73         LUT3 (Prop_lut3_I0_O)        0.045     0.709 r  u_array/wr_ptr_i_1/O
                         net (fo=1, routed)           0.000     0.709    u_array_n_106
    SLICE_X54Y73         FDCE                                         r  wr_ptr_reg/D
  -------------------------------------------------------------------    -------------------

                         (clock clk rise edge)        0.000     0.000 r  
                                                      0.000     0.000 r  clk (IN)
                         net (fo=912, unset)          0.432     0.432    clk
    SLICE_X54Y73         FDCE                                         r  wr_ptr_reg/C
                         clock pessimism              0.000     0.432    
    SLICE_X54Y73         FDCE (Hold_fdce_C_D)         0.121     0.553    wr_ptr_reg
  -------------------------------------------------------------------
                         required time                         -0.553    
                         arrival time                           0.709    
  -------------------------------------------------------------------
                         slack                                  0.157    

Slack (MET) :             0.158ns  (arrival time - required time)
  Source:                 u_array/g_row[3].g_col[2].u_pe/a_vld_o_reg/C
                            (rising edge-triggered cell FDCE clocked by clk  {rise@0.000ns fall@2.000ns period=4.000ns})
  Destination:            u_array/ovf_q_reg[11]/D
                            (rising edge-triggered cell FDCE clocked by clk  {rise@0.000ns fall@2.000ns period=4.000ns})
  Path Group:             clk
  Path Type:              Hold (Min at Fast Process Corner)
  Requirement:            0.000ns  (clk rise@0.000ns - clk rise@0.000ns)
  Data Path Delay:        0.300ns  (logic 0.186ns (61.916%)  route 0.114ns (38.084%))
  Logic Levels:           1  (LUT5=1)
  Clock Path Skew:        0.022ns (DCD - SCD - CPR)
    Destination Clock Delay (DCD):    0.432ns
    Source Clock Delay      (SCD):    0.410ns
    Clock Pessimism Removal (CPR):    -0.000ns

    Location             Delay type                Incr(ns)  Path(ns)    Netlist Resource(s)
  -------------------------------------------------------------------    -------------------
                         (clock clk rise edge)        0.000     0.000 r  
                                                      0.000     0.000 r  clk (IN)
                         net (fo=912, unset)          0.410     0.410    u_array/g_row[3].g_col[2].u_pe/clk
    SLICE_X59Y70         FDCE                                         r  u_array/g_row[3].g_col[2].u_pe/a_vld_o_reg/C
  -------------------------------------------------------------------    -------------------
    SLICE_X59Y70         FDCE (Prop_fdce_C_Q)         0.141     0.551 r  u_array/g_row[3].g_col[2].u_pe/a_vld_o_reg/Q
                         net (fo=6, routed)           0.114     0.666    u_array/g_row[2].g_col[3].u_pe/v_h[3]_3
    SLICE_X58Y70         LUT5 (Prop_lut5_I4_O)        0.045     0.711 r  u_array/g_row[2].g_col[3].u_pe/ovf_q[11]_i_1/O
                         net (fo=1, routed)           0.000     0.711    u_array/g_row[2].g_col[3].u_pe_n_0
    SLICE_X58Y70         FDCE                                         r  u_array/ovf_q_reg[11]/D
  -------------------------------------------------------------------    -------------------

                         (clock clk rise edge)        0.000     0.000 r  
                                                      0.000     0.000 r  clk (IN)
                         net (fo=912, unset)          0.432     0.432    u_array/clk
    SLICE_X58Y70         FDCE                                         r  u_array/ovf_q_reg[11]/C
                         clock pessimism              0.000     0.432    
    SLICE_X58Y70         FDCE (Hold_fdce_C_D)         0.121     0.553    u_array/ovf_q_reg[11]
  -------------------------------------------------------------------
                         required time                         -0.553    
                         arrival time                           0.711    
  -------------------------------------------------------------------
                         slack                                  0.158    





Pulse Width Checks
--------------------------------------------------------------------------------------
Clock Name:         clk
Waveform(ns):       { 0.000 2.000 }
Period(ns):         4.000
Sources:            { clk }

Check Type        Corner  Lib Pin      Reference Pin  Required(ns)  Actual(ns)  Slack(ns)  Location      Pin
Min Period        n/a     DSP48E1/CLK  n/a            3.884         4.000       0.116      DSP48_X1Y18   u_array/g_row[0].g_col[1].u_pe/prod_q_reg/CLK
Min Period        n/a     DSP48E1/CLK  n/a            3.884         4.000       0.116      DSP48_X1Y19   u_array/g_row[0].g_col[1].u_pe/sum/CLK
Min Period        n/a     DSP48E1/CLK  n/a            3.884         4.000       0.116      DSP48_X2Y28   u_array/g_row[0].g_col[2].u_pe/prod_q_reg/CLK
Min Period        n/a     DSP48E1/CLK  n/a            3.884         4.000       0.116      DSP48_X2Y29   u_array/g_row[0].g_col[2].u_pe/sum/CLK
Min Period        n/a     DSP48E1/CLK  n/a            3.884         4.000       0.116      DSP48_X0Y20   u_array/g_row[0].g_col[3].u_pe/prod_q_reg/CLK
Low Pulse Width   Slow    SRL16E/CLK   n/a            0.980         2.000       1.020      SLICE_X56Y61  g_deskew[0].g_delay.d_q_reg[32]_srl3/CLK
Low Pulse Width   Fast    SRL16E/CLK   n/a            0.980         2.000       1.020      SLICE_X56Y61  g_deskew[0].g_delay.d_q_reg[32]_srl3/CLK
Low Pulse Width   Slow    SRL16E/CLK   n/a            0.980         2.000       1.020      SLICE_X56Y61  g_deskew[0].g_delay.d_q_reg[33]_srl3/CLK
Low Pulse Width   Fast    SRL16E/CLK   n/a            0.980         2.000       1.020      SLICE_X56Y61  g_deskew[0].g_delay.d_q_reg[33]_srl3/CLK
Low Pulse Width   Slow    SRL16E/CLK   n/a            0.980         2.000       1.020      SLICE_X56Y61  g_deskew[0].g_delay.d_q_reg[34]_srl3/CLK
High Pulse Width  Slow    SRL16E/CLK   n/a            0.980         2.000       1.020      SLICE_X56Y61  g_deskew[0].g_delay.d_q_reg[32]_srl3/CLK
High Pulse Width  Fast    SRL16E/CLK   n/a            0.980         2.000       1.020      SLICE_X56Y61  g_deskew[0].g_delay.d_q_reg[32]_srl3/CLK
High Pulse Width  Slow    SRL16E/CLK   n/a            0.980         2.000       1.020      SLICE_X56Y61  g_deskew[0].g_delay.d_q_reg[33]_srl3/CLK
High Pulse Width  Fast    SRL16E/CLK   n/a            0.980         2.000       1.020      SLICE_X56Y61  g_deskew[0].g_delay.d_q_reg[33]_srl3/CLK
High Pulse Width  Slow    SRL16E/CLK   n/a            0.980         2.000       1.020      SLICE_X56Y61  g_deskew[0].g_delay.d_q_reg[34]_srl3/CLK



