Copyright 1986-2021 Xilinx, Inc. All Rights Reserved.
----------------------------------------------------------------------------------------------------------------------------------------------
| Tool Version : Vivado v.2021.1 (win64) Build 3247384 Thu Jun 10 19:36:33 MDT 2021
| Date         : Thu Oct  1 19:49:17 2026
| Host         : Vineet running 64-bit major release  (build 9200)
| Command      : report_timing -file E:/hw-projects/systolic-array/syn/reports/vivado_8x8_xc7a100tcsg324-1_lut/critical_path.rpt -max_paths 1
| Design       : sa_core
| Device       : 7a100t-csg324
| Speed File   : -1  PRODUCTION 1.23 2018-06-13
----------------------------------------------------------------------------------------------------------------------------------------------

Timing Report

Slack (VIOLATED) :        -2.827ns  (required time - arrival time)
  Source:                 u_array/g_row[1].g_col[5].u_pe/a_bank_o_reg_rep/C
                            (rising edge-triggered cell FDRE clocked by clk  {rise@0.000ns fall@2.000ns period=4.000ns})
  Destination:            u_array/g_row[4].g_col[3].u_pe/prod_q_reg[13]/D
                            (rising edge-triggered cell FDRE clocked by clk  {rise@0.000ns fall@2.000ns period=4.000ns})
  Path Group:             clk
  Path Type:              Setup (Max at Slow Process Corner)
  Requirement:            4.000ns  (clk rise@4.000ns - clk rise@0.000ns)
  Data Path Delay:        6.805ns  (logic 3.027ns (44.484%)  route 3.778ns (55.516%))
  Logic Levels:           8  (CARRY4=4 LUT3=2 LUT4=1 LUT6=1)
  Clock Path Skew:        -0.049ns (DCD - SCD + CPR)
    Destination Clock Delay (DCD):    0.924ns = ( 4.924 - 4.000 ) 
    Source Clock Delay      (SCD):    0.973ns
    Clock Pessimism Removal (CPR):    0.000ns
  Clock Uncertainty:      0.035ns  ((TSJ^2 + TIJ^2)^1/2 + DJ) / 2 + PE
    Total System Jitter     (TSJ):    0.071ns
    Total Input Jitter      (TIJ):    0.000ns
    Discrete Jitter          (DJ):    0.000ns
    Phase Error              (PE):    0.000ns

    Location             Delay type                Incr(ns)  Path(ns)    Netlist Resource(s)
  -------------------------------------------------------------------    -------------------
                         (clock clk rise edge)        0.000     0.000 r  
                                                      0.000     0.000 r  clk (IN)
                         net (fo=4776, unset)         0.973     0.973    u_array/g_row[1].g_col[5].u_pe/clk
    SLICE_X62Y132        FDRE                                         r  u_array/g_row[1].g_col[5].u_pe/a_bank_o_reg_rep/C
  -------------------------------------------------------------------    -------------------
    SLICE_X62Y132        FDRE (Prop_fdre_C_Q)         0.518     1.491 r  u_array/g_row[1].g_col[5].u_pe/a_bank_o_reg_rep/Q
                         net (fo=168, routed)         1.133     2.624    u_array/g_row[4].g_col[3].u_pe/prod_q_reg[2]_1
    SLICE_X55Y133        LUT3 (Prop_lut3_I1_O)        0.124     2.748 r  u_array/g_row[4].g_col[3].u_pe/mult__30_carry_i_9__34/O
                         net (fo=16, routed)          0.841     3.589    u_array/g_row[4].g_col[3].u_pe/w1_q_reg[5]_0
    SLICE_X52Y131        LUT6 (Prop_lut6_I3_O)        0.124     3.713 r  u_array/g_row[4].g_col[3].u_pe/mult__30_carry_i_1__34/O
                         net (fo=1, routed)           0.622     4.335    u_array/g_row[4].g_col[3].u_pe/mult__30_carry_i_1__34_n_0
    SLICE_X54Y131        CARRY4 (Prop_carry4_DI[3]_CO[3])
                                                      0.396     4.731 r  u_array/g_row[4].g_col[3].u_pe/mult__30_carry/CO[3]
                         net (fo=1, routed)           0.000     4.731    u_array/g_row[4].g_col[3].u_pe/mult__30_carry_n_0
    SLICE_X54Y132        CARRY4 (Prop_carry4_CI_O[1])
                                                      0.323     5.054 r  u_array/g_row[4].g_col[3].u_pe/mult__30_carry__0/O[1]
                         net (fo=2, routed)           0.713     5.767    u_array/g_row[4].g_col[3].u_pe/mult__30_carry__0_n_6
    SLICE_X53Y132        LUT3 (Prop_lut3_I2_O)        0.332     6.099 r  u_array/g_row[4].g_col[3].u_pe/mult__85_carry__0_i_3__34/O
                         net (fo=2, routed)           0.469     6.568    u_array/g_row[4].g_col[3].u_pe/mult__85_carry__0_i_3__34_n_0
    SLICE_X53Y132        LUT4 (Prop_lut4_I3_O)        0.326     6.894 r  u_array/g_row[4].g_col[3].u_pe/mult__85_carry__0_i_7__34/O
                         net (fo=1, routed)           0.000     6.894    u_array/g_row[4].g_col[3].u_pe/mult__85_carry__0_i_7__34_n_0
    SLICE_X53Y132        CARRY4 (Prop_carry4_S[1]_CO[3])
                                                      0.550     7.444 r  u_array/g_row[4].g_col[3].u_pe/mult__85_carry__0/CO[3]
                         net (fo=1, routed)           0.000     7.444    u_array/g_row[4].g_col[3].u_pe/mult__85_carry__0_n_0
    SLICE_X53Y133        CARRY4 (Prop_carry4_CI_O[1])
                                                      0.334     7.778 r  u_array/g_row[4].g_col[3].u_pe/mult__85_carry__1/O[1]
                         net (fo=1, routed)           0.000     7.778    u_array/g_row[4].g_col[3].u_pe/mult__85_carry__1_n_6
    SLICE_X53Y133        FDRE                                         r  u_array/g_row[4].g_col[3].u_pe/prod_q_reg[13]/D
  -------------------------------------------------------------------    -------------------

                         (clock clk rise edge)        4.000     4.000 r  
                                                      0.000     4.000 r  clk (IN)
                         net (fo=4776, unset)         0.924     4.924    u_array/g_row[4].g_col[3].u_pe/clk
    SLICE_X53Y133        FDRE                                         r  u_array/g_row[4].g_col[3].u_pe/prod_q_reg[13]/C
                         clock pessimism              0.000     4.924    
                         clock uncertainty           -0.035     4.889    
    SLICE_X53Y133        FDRE (Setup_fdre_C_D)        0.062     4.951    u_array/g_row[4].g_col[3].u_pe/prod_q_reg[13]
  -------------------------------------------------------------------
                         required time                          4.951    
                         arrival time                          -7.778    
  -------------------------------------------------------------------
                         slack                                 -2.827    




