Copyright 1986-2021 Xilinx, Inc. All Rights Reserved.
------------------------------------------------------------------------------------------------------------------------------------
| Tool Version     : Vivado v.2021.1 (win64) Build 3247384 Thu Jun 10 19:36:33 MDT 2021
| Date             : Thu Oct  1 19:49:18 2026
| Host             : Vineet running 64-bit major release  (build 9200)
| Command          : report_power -file E:/hw-projects/systolic-array/syn/reports/vivado_8x8_xc7a100tcsg324-1_lut/power.rpt
| Design           : sa_core
| Device           : xc7a100tcsg324-1
| Design State     : routed
| Grade            : commercial
| Process          : typical
| Characterization : Production
------------------------------------------------------------------------------------------------------------------------------------

Power Report

Table of Contents
-----------------
1. Summary
1.1 On-Chip Components
1.2 Power Supply Summary
1.3 Confidence Level
2. Settings
2.1 Environment
2.2 Clock Constraints
3. Detailed Reports
3.1 By Hierarchy

1. Summary
----------

+--------------------------+--------------+
| Total On-Chip Power (W)  | 0.314        |
| Design Power Budget (W)  | Unspecified* |
| Power Budget Margin (W)  | NA           |
| Dynamic (W)              | 0.230        |
| Device Static (W)        | 0.085        |
| Effective TJA (C/W)      | 4.6          |
| Max Ambient (C)          | 83.6         |
| Junction Temperature (C) | 26.4         |
| Confidence Level         | Medium       |
| Setting File             | ---          |
| Simulation Activity File | ---          |
| Design Nets Matched      | NA           |
+--------------------------+--------------+
* Specify Design Power Budget using, set_operating_conditions -design_power_budget <value in Watts>


1.1 On-Chip Components
----------------------

+-------------------------+-----------+----------+-----------+-----------------+
| On-Chip                 | Power (W) | Used     | Available | Utilization (%) |
+-------------------------+-----------+----------+-----------+-----------------+
| Clocks                  |     0.067 |        3 |       --- |             --- |
| Slice Logic             |     0.081 |    13560 |       --- |             --- |
|   LUT as Logic          |     0.061 |     6838 |     63400 |           10.79 |
|   CARRY4                |     0.013 |     1080 |     15850 |            6.81 |
|   Register              |     0.005 |     4623 |    126800 |            3.65 |
|   LUT as Shift Register |     0.002 |       83 |     19000 |            0.44 |
|   Others                |     0.000 |      132 |       --- |             --- |
| Signals                 |     0.082 |    10562 |       --- |             --- |
| Static Power            |     0.085 |          |           |                 |
| Total                   |     0.314 |          |           |                 |
+-------------------------+-----------+----------+-----------+-----------------+


1.2 Power Supply Summary
------------------------

+-----------+-------------+-----------+-------------+------------+-------------+-------------+------------+
| Source    | Voltage (V) | Total (A) | Dynamic (A) | Static (A) | Powerup (A) | Budget (A)  | Margin (A) |
+-----------+-------------+-----------+-------------+------------+-------------+-------------+------------+
| Vccint    |       1.000 |     0.245 |       0.230 |      0.016 |       NA    | Unspecified | NA         |
| Vccaux    |       1.800 |     0.018 |       0.000 |      0.018 |       NA    | Unspecified | NA         |
| Vcco33    |       3.300 |     0.000 |       0.000 |      0.000 |       NA    | Unspecified | NA         |
| Vcco25    |       2.500 |     0.000 |       0.000 |      0.000 |       NA    | Unspecified | NA         |
| Vcco18    |       1.800 |     0.000 |       0.000 |      0.000 |       NA    | Unspecified | NA         |
| Vcco15    |       1.500 |     0.000 |       0.000 |      0.000 |       NA    | Unspecified | NA         |
| Vcco135   |       1.350 |     0.000 |       0.000 |      0.000 |       NA    | Unspecified | NA         |
| Vcco12    |       1.200 |     0.000 |       0.000 |      0.000 |       NA    | Unspecified | NA         |
| Vccaux_io |       1.800 |     0.000 |       0.000 |      0.000 |       NA    | Unspecified | NA         |
| Vccbram   |       1.000 |     0.000 |       0.000 |      0.000 |       NA    | Unspecified | NA         |
| MGTAVcc   |       1.000 |     0.000 |       0.000 |      0.000 |       NA    | Unspecified | NA         |
| MGTAVtt   |       1.200 |     0.000 |       0.000 |      0.000 |       NA    | Unspecified | NA         |
| Vccadc    |       1.800 |     0.020 |       0.000 |      0.020 |       NA    | Unspecified | NA         |
+-----------+-------------+-----------+-------------+------------+-------------+-------------+------------+


1.3 Confidence Level
--------------------

+-----------------------------+------------+------------------------------------------------+------------------------------------------------------------------------------------------------------------+
| User Input Data             | Confidence | Details                                        | Action                                                                                                     |
+-----------------------------+------------+------------------------------------------------+------------------------------------------------------------------------------------------------------------+
| Design implementation state | High       | Design is routed                               |                                                                                                            |
| Clock nodes activity        | High       | User specified more than 95% of clocks         |                                                                                                            |
| I/O nodes activity          | High       | User specified more than 95% of inputs         |                                                                                                            |
| Internal nodes activity     | Medium     | User specified less than 25% of internal nodes | Provide missing internal nodes activity with simulation results or by editing the "By Resource Type" views |
| Device models               | High       | Device models are Production                   |                                                                                                            |
|                             |            |                                                |                                                                                                            |
| Overall confidence level    | Medium     |                                                |                                                                                                            |
+-----------------------------+------------+------------------------------------------------+------------------------------------------------------------------------------------------------------------+


2. Settings
-----------

2.1 Environment
---------------

+-----------------------+--------------------------+
| Ambient Temp (C)      | 25.0                     |
| ThetaJA (C/W)         | 4.6                      |
| Airflow (LFM)         | 250                      |
| Heat Sink             | medium (Medium Profile)  |
| ThetaSA (C/W)         | 4.6                      |
| Board Selection       | medium (10"x10")         |
| # of Board Layers     | 12to15 (12 to 15 Layers) |
| Board Temperature (C) | 25.0                     |
+-----------------------+--------------------------+


2.2 Clock Constraints
---------------------

+-------+--------+-----------------+
| Clock | Domain | Constraint (ns) |
+-------+--------+-----------------+
| clk   | clk    |             4.0 |
+-------+--------+-----------------+


3. Detailed Reports
-------------------

3.1 By Hierarchy
----------------

+----------------------------+-----------+
| Name                       | Power (W) |
+----------------------------+-----------+
| sa_core                    |     0.230 |
|   u_array                  |     0.206 |
|     g_row[0].g_col[0].u_pe |     0.003 |
|     g_row[0].g_col[1].u_pe |     0.003 |
|     g_row[0].g_col[2].u_pe |     0.003 |
|     g_row[0].g_col[3].u_pe |     0.003 |
|     g_row[0].g_col[4].u_pe |     0.003 |
|     g_row[0].g_col[5].u_pe |     0.003 |
|     g_row[0].g_col[6].u_pe |     0.003 |
|     g_row[0].g_col[7].u_pe |     0.002 |
|     g_row[1].g_col[0].u_pe |     0.003 |
|     g_row[1].g_col[1].u_pe |     0.003 |
|     g_row[1].g_col[2].u_pe |     0.003 |
|     g_row[1].g_col[3].u_pe |     0.003 |
|     g_row[1].g_col[4].u_pe |     0.003 |
|     g_row[1].g_col[5].u_pe |     0.003 |
|     g_row[1].g_col[6].u_pe |     0.003 |
|     g_row[1].g_col[7].u_pe |     0.003 |
|     g_row[2].g_col[0].u_pe |     0.003 |
|     g_row[2].g_col[1].u_pe |     0.003 |
|     g_row[2].g_col[2].u_pe |     0.003 |
|     g_row[2].g_col[3].u_pe |     0.003 |
|     g_row[2].g_col[4].u_pe |     0.003 |
|     g_row[2].g_col[5].u_pe |     0.003 |
|     g_row[2].g_col[6].u_pe |     0.003 |
|     g_row[2].g_col[7].u_pe |     0.003 |
|     g_row[3].g_col[0].u_pe |     0.003 |
|     g_row[3].g_col[1].u_pe |     0.003 |
|     g_row[3].g_col[2].u_pe |     0.003 |
|     g_row[3].g_col[3].u_pe |     0.003 |
|     g_row[3].g_col[4].u_pe |     0.003 |
|     g_row[3].g_col[5].u_pe |     0.004 |
|     g_row[3].g_col[6].u_pe |     0.003 |
|     g_row[3].g_col[7].u_pe |     0.003 |
|     g_row[4].g_col[0].u_pe |     0.003 |
|     g_row[4].g_col[1].u_pe |     0.003 |
|     g_row[4].g_col[2].u_pe |     0.003 |
|     g_row[4].g_col[3].u_pe |     0.003 |
|     g_row[4].g_col[4].u_pe |     0.003 |
|     g_row[4].g_col[5].u_pe |     0.003 |
|     g_row[4].g_col[6].u_pe |     0.003 |
|     g_row[4].g_col[7].u_pe |     0.003 |
|     g_row[5].g_col[0].u_pe |     0.003 |
|     g_row[5].g_col[1].u_pe |     0.003 |
|     g_row[5].g_col[2].u_pe |     0.003 |
|     g_row[5].g_col[3].u_pe |     0.003 |
|     g_row[5].g_col[4].u_pe |     0.003 |
|     g_row[5].g_col[5].u_pe |     0.003 |
|     g_row[5].g_col[6].u_pe |     0.003 |
|     g_row[5].g_col[7].u_pe |     0.003 |
|     g_row[6].g_col[0].u_pe |     0.004 |
|     g_row[6].g_col[1].u_pe |     0.004 |
|     g_row[6].g_col[2].u_pe |     0.003 |
|     g_row[6].g_col[3].u_pe |     0.004 |
|     g_row[6].g_col[4].u_pe |     0.004 |
|     g_row[6].g_col[5].u_pe |     0.003 |
|     g_row[6].g_col[6].u_pe |     0.003 |
|     g_row[6].g_col[7].u_pe |     0.003 |
|     g_row[7].g_col[0].u_pe |     0.004 |
|     g_row[7].g_col[1].u_pe |     0.004 |
|     g_row[7].g_col[2].u_pe |     0.003 |
|     g_row[7].g_col[3].u_pe |     0.003 |
|     g_row[7].g_col[4].u_pe |     0.003 |
|     g_row[7].g_col[5].u_pe |     0.003 |
|     g_row[7].g_col[6].u_pe |     0.004 |
|     g_row[7].g_col[7].u_pe |     0.003 |
+----------------------------+-----------+


