Copyright 1986-2021 Xilinx, Inc. All Rights Reserved.
-----------------------------------------------------------------------------------------------------------------------------------------------
| Tool Version : Vivado v.2021.1 (win64) Build 3247384 Thu Jun 10 19:36:33 MDT 2021
| Date         : Thu Oct  1 19:49:17 2026
| Host         : Vineet running 64-bit major release  (build 9200)
| Command      : report_timing_summary -file E:/hw-projects/systolic-array/syn/reports/vivado_8x8_xc7a100tcsg324-1_lut/timing.rpt -max_paths 5
| Design       : sa_core
| Device       : 7a100t-csg324
| Speed File   : -1  PRODUCTION 1.23 2018-06-13
-----------------------------------------------------------------------------------------------------------------------------------------------

Timing Summary Report

------------------------------------------------------------------------------------------------
| Timer Settings
| --------------
------------------------------------------------------------------------------------------------

  Enable Multi Corner Analysis               :  Yes
  Enable Pessimism Removal                   :  Yes
  Pessimism Removal Resolution               :  Nearest Common Node
  Enable Input Delay Default Clock           :  No
  Enable Preset / Clear Arcs                 :  No
  Disable Flight Delays                      :  No
  Ignore I/O Paths                           :  No
  Timing Early Launch at Borrowing Latches   :  No
  Borrow Time for Max Delay Exceptions       :  Yes
  Merge Timing Exceptions                    :  Yes

  Corner  Analyze    Analyze    
  Name    Max Paths  Min Paths  
  ------  ---------  ---------  
  Slow    Yes        Yes        
  Fast    Yes        Yes        


------------------------------------------------------------------------------------------------
| Report Methodology
| ------------------
------------------------------------------------------------------------------------------------

No report available as report_methodology has not been run prior. Run report_methodology on the current design for the summary of methodology violations.



check_timing report

Table of Contents
-----------------
1. checking no_clock (0)
2. checking constant_clock (0)
3. checking pulse_width_clock (0)
4. checking unconstrained_internal_endpoints (0)
5. checking no_input_delay (137)
6. checking no_output_delay (263)
7. checking multiple_clock (0)
8. checking generated_clocks (0)
9. checking loops (0)
10. checking partial_input_delay (0)
11. checking partial_output_delay (0)
12. checking latch_loops (0)

1. checking no_clock (0)
------------------------
 There are 0 register/latch pins with no clock.


2. checking constant_clock (0)
------------------------------
 There are 0 register/latch pins with constant_clock.


3. checking pulse_width_clock (0)
---------------------------------
 There are 0 register/latch pins which need pulse_width check


4. checking unconstrained_internal_endpoints (0)
------------------------------------------------
 There are 0 pins that are not constrained for maximum delay.

 There are 0 pins that are not constrained for maximum delay due to constant clock.


5. checking no_input_delay (137)
--------------------------------
 There are 137 input ports with no input delay specified. (HIGH)

 There are 0 input ports with no input delay but user has a false path constraint.


6. checking no_output_delay (263)
---------------------------------
 There are 263 ports with no output delay specified. (HIGH)

 There are 0 ports with no output delay but user has a false path constraint

 There are 0 ports with no output delay but with a timing clock defined on it or propagating through it


7. checking multiple_clock (0)
------------------------------
 There are 0 register/latch pins with multiple clocks.


8. checking generated_clocks (0)
--------------------------------
 There are 0 generated clocks that are not connected to a clock source.


9. checking loops (0)
---------------------
 There are 0 combinational loops in the design.


10. checking partial_input_delay (0)
------------------------------------
 There are 0 input ports with partial input delay specified.


11. checking partial_output_delay (0)
-------------------------------------
 There are 0 ports with partial output delay specified.


12. checking latch_loops (0)
----------------------------
 There are 0 combinational latch loops in the design through latch input



------------------------------------------------------------------------------------------------
| Design Timing Summary
| ---------------------
------------------------------------------------------------------------------------------------

    WNS(ns)      TNS(ns)  TNS Failing Endpoints  TNS Total Endpoints      WHS(ns)      THS(ns)  THS Failing Endpoints  THS Total Endpoints     WPWS(ns)     TPWS(ns)  TPWS Failing Endpoints  TPWS Total Endpoints  
    -------      -------  ---------------------  -------------------      -------      -------  ---------------------  -------------------     --------     --------  ----------------------  --------------------  
     -2.827    -4936.882                   4571                 9358        0.040        0.000                      0                 9358        1.020        0.000                       0                  4777  


Timing constraints are not met.


------------------------------------------------------------------------------------------------
| Clock Summary
| -------------
------------------------------------------------------------------------------------------------

Clock  Waveform(ns)         Period(ns)      Frequency(MHz)
-----  ------------         ----------      --------------
clk    {0.000 2.000}        4.000           250.000         


------------------------------------------------------------------------------------------------
| Intra Clock Table
| -----------------
------------------------------------------------------------------------------------------------

Clock             WNS(ns)      TNS(ns)  TNS Failing Endpoints  TNS Total Endpoints      WHS(ns)      THS(ns)  THS Failing Endpoints  THS Total Endpoints     WPWS(ns)     TPWS(ns)  TPWS Failing Endpoints  TPWS Total Endpoints  
-----             -------      -------  ---------------------  -------------------      -------      -------  ---------------------  -------------------     --------     --------  ----------------------  --------------------  
clk                -2.827    -4936.882                   4571                 9358        0.040        0.000                      0                 9358        1.020        0.000                       0                  4777  


------------------------------------------------------------------------------------------------
| Inter Clock Table
| -----------------
------------------------------------------------------------------------------------------------

From Clock    To Clock          WNS(ns)      TNS(ns)  TNS Failing Endpoints  TNS Total Endpoints      WHS(ns)      THS(ns)  THS Failing Endpoints  THS Total Endpoints  
----------    --------          -------      -------  ---------------------  -------------------      -------      -------  ---------------------  -------------------  


------------------------------------------------------------------------------------------------
| Other Path Groups Table
| -----------------------
------------------------------------------------------------------------------------------------

Path Group    From Clock    To Clock          WNS(ns)      TNS(ns)  TNS Failing Endpoints  TNS Total Endpoints      WHS(ns)      THS(ns)  THS Failing Endpoints  THS Total Endpoints  
----------    ----------    --------          -------      -------  ---------------------  -------------------      -------      -------  ---------------------  -------------------  


------------------------------------------------------------------------------------------------
| Timing Details
| --------------
------------------------------------------------------------------------------------------------


---------------------------------------------------------------------------------------------------
From Clock:  clk
  To Clock:  clk

Setup :         4571  Failing Endpoints,  Worst Slack       -2.827ns,  Total Violation    -4936.882ns
Hold  :            0  Failing Endpoints,  Worst Slack        0.040ns,  Total Violation        0.000ns
PW    :            0  Failing Endpoints,  Worst Slack        1.020ns,  Total Violation        0.000ns
---------------------------------------------------------------------------------------------------


Max Delay Paths
--------------------------------------------------------------------------------------
Slack (VIOLATED) :        -2.827ns  (required time - arrival time)
  Source:                 u_array/g_row[1].g_col[5].u_pe/a_bank_o_reg_rep/C
                            (rising edge-triggered cell FDRE clocked by clk  {rise@0.000ns fall@2.000ns period=4.000ns})
  Destination:            u_array/g_row[4].g_col[3].u_pe/prod_q_reg[13]/D
                            (rising edge-triggered cell FDRE clocked by clk  {rise@0.000ns fall@2.000ns period=4.000ns})
  Path Group:             clk
  Path Type:              Setup (Max at Slow Process Corner)
  Requirement:            4.000ns  (clk rise@4.000ns - clk rise@0.000ns)
  Data Path Delay:        6.805ns  (logic 3.027ns (44.484%)  route 3.778ns (55.516%))
  Logic Levels:           8  (CARRY4=4 LUT3=2 LUT4=1 LUT6=1)
  Clock Path Skew:        -0.049ns (DCD - SCD + CPR)
    Destination Clock Delay (DCD):    0.924ns = ( 4.924 - 4.000 ) 
    Source Clock Delay      (SCD):    0.973ns
    Clock Pessimism Removal (CPR):    0.000ns
  Clock Uncertainty:      0.035ns  ((TSJ^2 + TIJ^2)^1/2 + DJ) / 2 + PE
    Total System Jitter     (TSJ):    0.071ns
    Total Input Jitter      (TIJ):    0.000ns
    Discrete Jitter          (DJ):    0.000ns
    Phase Error              (PE):    0.000ns

    Location             Delay type                Incr(ns)  Path(ns)    Netlist Resource(s)
  -------------------------------------------------------------------    -------------------
                         (clock clk rise edge)        0.000     0.000 r  
                                                      0.000     0.000 r  clk (IN)
                         net (fo=4776, unset)         0.973     0.973    u_array/g_row[1].g_col[5].u_pe/clk
    SLICE_X62Y132        FDRE                                         r  u_array/g_row[1].g_col[5].u_pe/a_bank_o_reg_rep/C
  -------------------------------------------------------------------    -------------------
    SLICE_X62Y132        FDRE (Prop_fdre_C_Q)         0.518     1.491 r  u_array/g_row[1].g_col[5].u_pe/a_bank_o_reg_rep/Q
                         net (fo=168, routed)         1.133     2.624    u_array/g_row[4].g_col[3].u_pe/prod_q_reg[2]_1
    SLICE_X55Y133        LUT3 (Prop_lut3_I1_O)        0.124     2.748 r  u_array/g_row[4].g_col[3].u_pe/mult__30_carry_i_9__34/O
                         net (fo=16, routed)          0.841     3.589    u_array/g_row[4].g_col[3].u_pe/w1_q_reg[5]_0
    SLICE_X52Y131        LUT6 (Prop_lut6_I3_O)        0.124     3.713 r  u_array/g_row[4].g_col[3].u_pe/mult__30_carry_i_1__34/O
                         net (fo=1, routed)           0.622     4.335    u_array/g_row[4].g_col[3].u_pe/mult__30_carry_i_1__34_n_0
    SLICE_X54Y131        CARRY4 (Prop_carry4_DI[3]_CO[3])
                                                      0.396     4.731 r  u_array/g_row[4].g_col[3].u_pe/mult__30_carry/CO[3]
                         net (fo=1, routed)           0.000     4.731    u_array/g_row[4].g_col[3].u_pe/mult__30_carry_n_0
    SLICE_X54Y132        CARRY4 (Prop_carry4_CI_O[1])
                                                      0.323     5.054 r  u_array/g_row[4].g_col[3].u_pe/mult__30_carry__0/O[1]
                         net (fo=2, routed)           0.713     5.767    u_array/g_row[4].g_col[3].u_pe/mult__30_carry__0_n_6
    SLICE_X53Y132        LUT3 (Prop_lut3_I2_O)        0.332     6.099 r  u_array/g_row[4].g_col[3].u_pe/mult__85_carry__0_i_3__34/O
                         net (fo=2, routed)           0.469     6.568    u_array/g_row[4].g_col[3].u_pe/mult__85_carry__0_i_3__34_n_0
    SLICE_X53Y132        LUT4 (Prop_lut4_I3_O)        0.326     6.894 r  u_array/g_row[4].g_col[3].u_pe/mult__85_carry__0_i_7__34/O
                         net (fo=1, routed)           0.000     6.894    u_array/g_row[4].g_col[3].u_pe/mult__85_carry__0_i_7__34_n_0
    SLICE_X53Y132        CARRY4 (Prop_carry4_S[1]_CO[3])
                                                      0.550     7.444 r  u_array/g_row[4].g_col[3].u_pe/mult__85_carry__0/CO[3]
                         net (fo=1, routed)           0.000     7.444    u_array/g_row[4].g_col[3].u_pe/mult__85_carry__0_n_0
    SLICE_X53Y133        CARRY4 (Prop_carry4_CI_O[1])
                                                      0.334     7.778 r  u_array/g_row[4].g_col[3].u_pe/mult__85_carry__1/O[1]
                         net (fo=1, routed)           0.000     7.778    u_array/g_row[4].g_col[3].u_pe/mult__85_carry__1_n_6
    SLICE_X53Y133        FDRE                                         r  u_array/g_row[4].g_col[3].u_pe/prod_q_reg[13]/D
  -------------------------------------------------------------------    -------------------

                         (clock clk rise edge)        4.000     4.000 r  
                                                      0.000     4.000 r  clk (IN)
                         net (fo=4776, unset)         0.924     4.924    u_array/g_row[4].g_col[3].u_pe/clk
    SLICE_X53Y133        FDRE                                         r  u_array/g_row[4].g_col[3].u_pe/prod_q_reg[13]/C
                         clock pessimism              0.000     4.924    
                         clock uncertainty           -0.035     4.889    
    SLICE_X53Y133        FDRE (Setup_fdre_C_D)        0.062     4.951    u_array/g_row[4].g_col[3].u_pe/prod_q_reg[13]
  -------------------------------------------------------------------
                         required time                          4.951    
                         arrival time                          -7.778    
  -------------------------------------------------------------------
                         slack                                 -2.827    

Slack (VIOLATED) :        -2.806ns  (required time - arrival time)
  Source:                 u_array/g_row[1].g_col[5].u_pe/a_bank_o_reg_rep/C
                            (rising edge-triggered cell FDRE clocked by clk  {rise@0.000ns fall@2.000ns period=4.000ns})
  Destination:            u_array/g_row[4].g_col[3].u_pe/prod_q_reg[15]/D
                            (rising edge-triggered cell FDRE clocked by clk  {rise@0.000ns fall@2.000ns period=4.000ns})
  Path Group:             clk
  Path Type:              Setup (Max at Slow Process Corner)
  Requirement:            4.000ns  (clk rise@4.000ns - clk rise@0.000ns)
  Data Path Delay:        6.784ns  (logic 3.006ns (44.312%)  route 3.778ns (55.688%))
  Logic Levels:           8  (CARRY4=4 LUT3=2 LUT4=1 LUT6=1)
  Clock Path Skew:        -0.049ns (DCD - SCD + CPR)
    Destination Clock Delay (DCD):    0.924ns = ( 4.924 - 4.000 ) 
    Source Clock Delay      (SCD):    0.973ns
    Clock Pessimism Removal (CPR):    0.000ns
  Clock Uncertainty:      0.035ns  ((TSJ^2 + TIJ^2)^1/2 + DJ) / 2 + PE
    Total System Jitter     (TSJ):    0.071ns
    Total Input Jitter      (TIJ):    0.000ns
    Discrete Jitter          (DJ):    0.000ns
    Phase Error              (PE):    0.000ns

    Location             Delay type                Incr(ns)  Path(ns)    Netlist Resource(s)
  -------------------------------------------------------------------    -------------------
                         (clock clk rise edge)        0.000     0.000 r  
                                                      0.000     0.000 r  clk (IN)
                         net (fo=4776, unset)         0.973     0.973    u_array/g_row[1].g_col[5].u_pe/clk
    SLICE_X62Y132        FDRE                                         r  u_array/g_row[1].g_col[5].u_pe/a_bank_o_reg_rep/C
  -------------------------------------------------------------------    -------------------
    SLICE_X62Y132        FDRE (Prop_fdre_C_Q)         0.518     1.491 r  u_array/g_row[1].g_col[5].u_pe/a_bank_o_reg_rep/Q
                         net (fo=168, routed)         1.133     2.624    u_array/g_row[4].g_col[3].u_pe/prod_q_reg[2]_1
    SLICE_X55Y133        LUT3 (Prop_lut3_I1_O)        0.124     2.748 r  u_array/g_row[4].g_col[3].u_pe/mult__30_carry_i_9__34/O
                         net (fo=16, routed)          0.841     3.589    u_array/g_row[4].g_col[3].u_pe/w1_q_reg[5]_0
    SLICE_X52Y131        LUT6 (Prop_lut6_I3_O)        0.124     3.713 r  u_array/g_row[4].g_col[3].u_pe/mult__30_carry_i_1__34/O
                         net (fo=1, routed)           0.622     4.335    u_array/g_row[4].g_col[3].u_pe/mult__30_carry_i_1__34_n_0
    SLICE_X54Y131        CARRY4 (Prop_carry4_DI[3]_CO[3])
                                                      0.396     4.731 r  u_array/g_row[4].g_col[3].u_pe/mult__30_carry/CO[3]
                         net (fo=1, routed)           0.000     4.731    u_array/g_row[4].g_col[3].u_pe/mult__30_carry_n_0
    SLICE_X54Y132        CARRY4 (Prop_carry4_CI_O[1])
                                                      0.323     5.054 r  u_array/g_row[4].g_col[3].u_pe/mult__30_carry__0/O[1]
                         net (fo=2, routed)           0.713     5.767    u_array/g_row[4].g_col[3].u_pe/mult__30_carry__0_n_6
    SLICE_X53Y132        LUT3 (Prop_lut3_I2_O)        0.332     6.099 r  u_array/g_row[4].g_col[3].u_pe/mult__85_carry__0_i_3__34/O
                         net (fo=2, routed)           0.469     6.568    u_array/g_row[4].g_col[3].u_pe/mult__85_carry__0_i_3__34_n_0
    SLICE_X53Y132        LUT4 (Prop_lut4_I3_O)        0.326     6.894 r  u_array/g_row[4].g_col[3].u_pe/mult__85_carry__0_i_7__34/O
                         net (fo=1, routed)           0.000     6.894    u_array/g_row[4].g_col[3].u_pe/mult__85_carry__0_i_7__34_n_0
    SLICE_X53Y132        CARRY4 (Prop_carry4_S[1]_CO[3])
                                                      0.550     7.444 r  u_array/g_row[4].g_col[3].u_pe/mult__85_carry__0/CO[3]
                         net (fo=1, routed)           0.000     7.444    u_array/g_row[4].g_col[3].u_pe/mult__85_carry__0_n_0
    SLICE_X53Y133        CARRY4 (Prop_carry4_CI_O[3])
                                                      0.313     7.757 r  u_array/g_row[4].g_col[3].u_pe/mult__85_carry__1/O[3]
                         net (fo=1, routed)           0.000     7.757    u_array/g_row[4].g_col[3].u_pe/mult__85_carry__1_n_4
    SLICE_X53Y133        FDRE                                         r  u_array/g_row[4].g_col[3].u_pe/prod_q_reg[15]/D
  -------------------------------------------------------------------    -------------------

                         (clock clk rise edge)        4.000     4.000 r  
                                                      0.000     4.000 r  clk (IN)
                         net (fo=4776, unset)         0.924     4.924    u_array/g_row[4].g_col[3].u_pe/clk
    SLICE_X53Y133        FDRE                                         r  u_array/g_row[4].g_col[3].u_pe/prod_q_reg[15]/C
                         clock pessimism              0.000     4.924    
                         clock uncertainty           -0.035     4.889    
    SLICE_X53Y133        FDRE (Setup_fdre_C_D)        0.062     4.951    u_array/g_row[4].g_col[3].u_pe/prod_q_reg[15]
  -------------------------------------------------------------------
                         required time                          4.951    
                         arrival time                          -7.757    
  -------------------------------------------------------------------
                         slack                                 -2.806    

Slack (VIOLATED) :        -2.762ns  (required time - arrival time)
  Source:                 u_array/g_row[2].g_col[1].u_pe/a_bank_o_reg/C
                            (rising edge-triggered cell FDRE clocked by clk  {rise@0.000ns fall@2.000ns period=4.000ns})
  Destination:            u_array/g_row[1].g_col[3].u_pe/prod_q_reg[13]/D
                            (rising edge-triggered cell FDRE clocked by clk  {rise@0.000ns fall@2.000ns period=4.000ns})
  Path Group:             clk
  Path Type:              Setup (Max at Slow Process Corner)
  Requirement:            4.000ns  (clk rise@4.000ns - clk rise@0.000ns)
  Data Path Delay:        6.787ns  (logic 2.859ns (42.128%)  route 3.928ns (57.872%))
  Logic Levels:           7  (CARRY4=4 LUT3=2 LUT6=1)
  Clock Path Skew:        -0.049ns (DCD - SCD + CPR)
    Destination Clock Delay (DCD):    0.924ns = ( 4.924 - 4.000 ) 
    Source Clock Delay      (SCD):    0.973ns
    Clock Pessimism Removal (CPR):    0.000ns
  Clock Uncertainty:      0.035ns  ((TSJ^2 + TIJ^2)^1/2 + DJ) / 2 + PE
    Total System Jitter     (TSJ):    0.071ns
    Total Input Jitter      (TIJ):    0.000ns
    Discrete Jitter          (DJ):    0.000ns
    Phase Error              (PE):    0.000ns

    Location             Delay type                Incr(ns)  Path(ns)    Netlist Resource(s)
  -------------------------------------------------------------------    -------------------
                         (clock clk rise edge)        0.000     0.000 r  
                                                      0.000     0.000 r  clk (IN)
                         net (fo=4776, unset)         0.973     0.973    u_array/g_row[2].g_col[1].u_pe/clk
    SLICE_X66Y124        FDRE                                         r  u_array/g_row[2].g_col[1].u_pe/a_bank_o_reg/C
  -------------------------------------------------------------------    -------------------
    SLICE_X66Y124        FDRE (Prop_fdre_C_Q)         0.518     1.491 r  u_array/g_row[2].g_col[1].u_pe/a_bank_o_reg/Q
                         net (fo=170, routed)         1.071     2.562    u_array/g_row[1].g_col[3].u_pe/a_bank_o_reg_1
    SLICE_X74Y128        LUT3 (Prop_lut3_I1_O)        0.124     2.686 r  u_array/g_row[1].g_col[3].u_pe/mult__30_carry_i_8__10/O
                         net (fo=8, routed)           0.712     3.398    u_array/g_row[1].g_col[3].u_pe/w1_q_reg[3]_0
    SLICE_X74Y127        LUT6 (Prop_lut6_I0_O)        0.124     3.522 r  u_array/g_row[1].g_col[3].u_pe/mult__30_carry_i_1__10/O
                         net (fo=1, routed)           0.700     4.222    u_array/g_row[1].g_col[3].u_pe/mult__30_carry_i_1__10_n_0
    SLICE_X71Y126        CARRY4 (Prop_carry4_DI[3]_CO[3])
                                                      0.385     4.607 r  u_array/g_row[1].g_col[3].u_pe/mult__30_carry/CO[3]
                         net (fo=1, routed)           0.000     4.607    u_array/g_row[1].g_col[3].u_pe/mult__30_carry_n_0
    SLICE_X71Y127        CARRY4 (Prop_carry4_CI_O[1])
                                                      0.334     4.941 r  u_array/g_row[1].g_col[3].u_pe/mult__30_carry__0/O[1]
                         net (fo=2, routed)           0.667     5.608    u_array/g_row[1].g_col[3].u_pe/mult__30_carry__0_n_6
    SLICE_X70Y127        LUT3 (Prop_lut3_I2_O)        0.327     5.935 r  u_array/g_row[1].g_col[3].u_pe/mult__85_carry__0_i_3__10/O
                         net (fo=2, routed)           0.777     6.713    u_array/g_row[1].g_col[3].u_pe/mult__85_carry__0_i_3__10_n_0
    SLICE_X70Y127        CARRY4 (Prop_carry4_DI[1]_CO[3])
                                                      0.724     7.437 r  u_array/g_row[1].g_col[3].u_pe/mult__85_carry__0/CO[3]
                         net (fo=1, routed)           0.000     7.437    u_array/g_row[1].g_col[3].u_pe/mult__85_carry__0_n_0
    SLICE_X70Y128        CARRY4 (Prop_carry4_CI_O[1])
                                                      0.323     7.760 r  u_array/g_row[1].g_col[3].u_pe/mult__85_carry__1/O[1]
                         net (fo=1, routed)           0.000     7.760    u_array/g_row[1].g_col[3].u_pe/mult__85_carry__1_n_6
    SLICE_X70Y128        FDRE                                         r  u_array/g_row[1].g_col[3].u_pe/prod_q_reg[13]/D
  -------------------------------------------------------------------    -------------------

                         (clock clk rise edge)        4.000     4.000 r  
                                                      0.000     4.000 r  clk (IN)
                         net (fo=4776, unset)         0.924     4.924    u_array/g_row[1].g_col[3].u_pe/clk
    SLICE_X70Y128        FDRE                                         r  u_array/g_row[1].g_col[3].u_pe/prod_q_reg[13]/C
                         clock pessimism              0.000     4.924    
                         clock uncertainty           -0.035     4.889    
    SLICE_X70Y128        FDRE (Setup_fdre_C_D)        0.109     4.998    u_array/g_row[1].g_col[3].u_pe/prod_q_reg[13]
  -------------------------------------------------------------------
                         required time                          4.998    
                         arrival time                          -7.760    
  -------------------------------------------------------------------
                         slack                                 -2.762    

Slack (VIOLATED) :        -2.754ns  (required time - arrival time)
  Source:                 u_array/g_row[2].g_col[1].u_pe/a_bank_o_reg/C
                            (rising edge-triggered cell FDRE clocked by clk  {rise@0.000ns fall@2.000ns period=4.000ns})
  Destination:            u_array/g_row[1].g_col[3].u_pe/prod_q_reg[15]/D
                            (rising edge-triggered cell FDRE clocked by clk  {rise@0.000ns fall@2.000ns period=4.000ns})
  Path Group:             clk
  Path Type:              Setup (Max at Slow Process Corner)
  Requirement:            4.000ns  (clk rise@4.000ns - clk rise@0.000ns)
  Data Path Delay:        6.779ns  (logic 2.851ns (42.059%)  route 3.928ns (57.941%))
  Logic Levels:           7  (CARRY4=4 LUT3=2 LUT6=1)
  Clock Path Skew:        -0.049ns (DCD - SCD + CPR)
    Destination Clock Delay (DCD):    0.924ns = ( 4.924 - 4.000 ) 
    Source Clock Delay      (SCD):    0.973ns
    Clock Pessimism Removal (CPR):    0.000ns
  Clock Uncertainty:      0.035ns  ((TSJ^2 + TIJ^2)^1/2 + DJ) / 2 + PE
    Total System Jitter     (TSJ):    0.071ns
    Total Input Jitter      (TIJ):    0.000ns
    Discrete Jitter          (DJ):    0.000ns
    Phase Error              (PE):    0.000ns

    Location             Delay type                Incr(ns)  Path(ns)    Netlist Resource(s)
  -------------------------------------------------------------------    -------------------
                         (clock clk rise edge)        0.000     0.000 r  
                                                      0.000     0.000 r  clk (IN)
                         net (fo=4776, unset)         0.973     0.973    u_array/g_row[2].g_col[1].u_pe/clk
    SLICE_X66Y124        FDRE                                         r  u_array/g_row[2].g_col[1].u_pe/a_bank_o_reg/C
  -------------------------------------------------------------------    -------------------
    SLICE_X66Y124        FDRE (Prop_fdre_C_Q)         0.518     1.491 r  u_array/g_row[2].g_col[1].u_pe/a_bank_o_reg/Q
                         net (fo=170, routed)         1.071     2.562    u_array/g_row[1].g_col[3].u_pe/a_bank_o_reg_1
    SLICE_X74Y128        LUT3 (Prop_lut3_I1_O)        0.124     2.686 r  u_array/g_row[1].g_col[3].u_pe/mult__30_carry_i_8__10/O
                         net (fo=8, routed)           0.712     3.398    u_array/g_row[1].g_col[3].u_pe/w1_q_reg[3]_0
    SLICE_X74Y127        LUT6 (Prop_lut6_I0_O)        0.124     3.522 r  u_array/g_row[1].g_col[3].u_pe/mult__30_carry_i_1__10/O
                         net (fo=1, routed)           0.700     4.222    u_array/g_row[1].g_col[3].u_pe/mult__30_carry_i_1__10_n_0
    SLICE_X71Y126        CARRY4 (Prop_carry4_DI[3]_CO[3])
                                                      0.385     4.607 r  u_array/g_row[1].g_col[3].u_pe/mult__30_carry/CO[3]
                         net (fo=1, routed)           0.000     4.607    u_array/g_row[1].g_col[3].u_pe/mult__30_carry_n_0
    SLICE_X71Y127        CARRY4 (Prop_carry4_CI_O[1])
                                                      0.334     4.941 r  u_array/g_row[1].g_col[3].u_pe/mult__30_carry__0/O[1]
                         net (fo=2, routed)           0.667     5.608    u_array/g_row[1].g_col[3].u_pe/mult__30_carry__0_n_6
    SLICE_X70Y127        LUT3 (Prop_lut3_I2_O)        0.327     5.935 r  u_array/g_row[1].g_col[3].u_pe/mult__85_carry__0_i_3__10/O
                         net (fo=2, routed)           0.777     6.713    u_array/g_row[1].g_col[3].u_pe/mult__85_carry__0_i_3__10_n_0
    SLICE_X70Y127        CARRY4 (Prop_carry4_DI[1]_CO[3])
                                                      0.724     7.437 r  u_array/g_row[1].g_col[3].u_pe/mult__85_carry__0/CO[3]
                         net (fo=1, routed)           0.000     7.437    u_array/g_row[1].g_col[3].u_pe/mult__85_carry__0_n_0
    SLICE_X70Y128        CARRY4 (Prop_carry4_CI_O[3])
                                                      0.315     7.752 r  u_array/g_row[1].g_col[3].u_pe/mult__85_carry__1/O[3]
                         net (fo=1, routed)           0.000     7.752    u_array/g_row[1].g_col[3].u_pe/mult__85_carry__1_n_4
    SLICE_X70Y128        FDRE                                         r  u_array/g_row[1].g_col[3].u_pe/prod_q_reg[15]/D
  -------------------------------------------------------------------    -------------------

                         (clock clk rise edge)        4.000     4.000 r  
                                                      0.000     4.000 r  clk (IN)
                         net (fo=4776, unset)         0.924     4.924    u_array/g_row[1].g_col[3].u_pe/clk
    SLICE_X70Y128        FDRE                                         r  u_array/g_row[1].g_col[3].u_pe/prod_q_reg[15]/C
                         clock pessimism              0.000     4.924    
                         clock uncertainty           -0.035     4.889    
    SLICE_X70Y128        FDRE (Setup_fdre_C_D)        0.109     4.998    u_array/g_row[1].g_col[3].u_pe/prod_q_reg[15]
  -------------------------------------------------------------------
                         required time                          4.998    
                         arrival time                          -7.752    
  -------------------------------------------------------------------
                         slack                                 -2.754    

Slack (VIOLATED) :        -2.753ns  (required time - arrival time)
  Source:                 u_array/g_row[6].g_col[3].u_pe/a_bank_o_reg_rep/C
                            (rising edge-triggered cell FDRE clocked by clk  {rise@0.000ns fall@2.000ns period=4.000ns})
  Destination:            u_array/g_row[3].g_col[7].u_pe/prod_q_reg[13]/D
                            (rising edge-triggered cell FDRE clocked by clk  {rise@0.000ns fall@2.000ns period=4.000ns})
  Path Group:             clk
  Path Type:              Setup (Max at Slow Process Corner)
  Requirement:            4.000ns  (clk rise@4.000ns - clk rise@0.000ns)
  Data Path Delay:        6.778ns  (logic 2.941ns (43.389%)  route 3.837ns (56.611%))
  Logic Levels:           9  (CARRY4=5 LUT3=2 LUT4=1 LUT6=1)
  Clock Path Skew:        -0.049ns (DCD - SCD + CPR)
    Destination Clock Delay (DCD):    0.924ns = ( 4.924 - 4.000 ) 
    Source Clock Delay      (SCD):    0.973ns
    Clock Pessimism Removal (CPR):    0.000ns
  Clock Uncertainty:      0.035ns  ((TSJ^2 + TIJ^2)^1/2 + DJ) / 2 + PE
    Total System Jitter     (TSJ):    0.071ns
    Total Input Jitter      (TIJ):    0.000ns
    Discrete Jitter          (DJ):    0.000ns
    Phase Error              (PE):    0.000ns

    Location             Delay type                Incr(ns)  Path(ns)    Netlist Resource(s)
  -------------------------------------------------------------------    -------------------
                         (clock clk rise edge)        0.000     0.000 r  
                                                      0.000     0.000 r  clk (IN)
                         net (fo=4776, unset)         0.973     0.973    u_array/g_row[6].g_col[3].u_pe/clk
    SLICE_X53Y154        FDRE                                         r  u_array/g_row[6].g_col[3].u_pe/a_bank_o_reg_rep/C
  -------------------------------------------------------------------    -------------------
    SLICE_X53Y154        FDRE (Prop_fdre_C_Q)         0.419     1.392 r  u_array/g_row[6].g_col[3].u_pe/a_bank_o_reg_rep/Q
                         net (fo=42, routed)          0.675     2.067    u_array/g_row[3].g_col[7].u_pe/prod_q_reg[2]_1
    SLICE_X52Y154        LUT3 (Prop_lut3_I1_O)        0.296     2.363 r  u_array/g_row[3].g_col[7].u_pe/mult__0_carry_i_10__30/O
                         net (fo=14, routed)          1.017     3.380    u_array/g_row[3].g_col[7].u_pe/w1_q_reg[1]_0
    SLICE_X54Y151        LUT6 (Prop_lut6_I5_O)        0.124     3.504 r  u_array/g_row[3].g_col[7].u_pe/mult__0_carry_i_1__30/O
                         net (fo=1, routed)           0.529     4.033    u_array/g_row[3].g_col[7].u_pe/mult__0_carry_i_1__30_n_0
    SLICE_X52Y151        CARRY4 (Prop_carry4_DI[3]_CO[3])
                                                      0.385     4.418 r  u_array/g_row[3].g_col[7].u_pe/mult__0_carry/CO[3]
                         net (fo=1, routed)           0.000     4.418    u_array/g_row[3].g_col[7].u_pe/mult__0_carry_n_0
    SLICE_X52Y152        CARRY4 (Prop_carry4_CI_O[2])
                                                      0.239     4.657 r  u_array/g_row[3].g_col[7].u_pe/mult__0_carry__0/O[2]
                         net (fo=2, routed)           0.937     5.594    u_array/g_row[3].g_col[7].u_pe/mult__0_carry__0_n_5
    SLICE_X54Y154        LUT3 (Prop_lut3_I0_O)        0.331     5.925 r  u_array/g_row[3].g_col[7].u_pe/mult__85_carry_i_1__30/O
                         net (fo=2, routed)           0.679     6.604    u_array/g_row[3].g_col[7].u_pe/mult__85_carry_i_1__30_n_0
    SLICE_X54Y154        LUT4 (Prop_lut4_I3_O)        0.331     6.935 r  u_array/g_row[3].g_col[7].u_pe/mult__85_carry_i_5__30/O
                         net (fo=1, routed)           0.000     6.935    u_array/g_row[3].g_col[7].u_pe/mult__85_carry_i_5__30_n_0
    SLICE_X54Y154        CARRY4 (Prop_carry4_S[3]_CO[3])
                                                      0.376     7.311 r  u_array/g_row[3].g_col[7].u_pe/mult__85_carry/CO[3]
                         net (fo=1, routed)           0.000     7.311    u_array/g_row[3].g_col[7].u_pe/mult__85_carry_n_0
    SLICE_X54Y155        CARRY4 (Prop_carry4_CI_CO[3])
                                                      0.117     7.428 r  u_array/g_row[3].g_col[7].u_pe/mult__85_carry__0/CO[3]
                         net (fo=1, routed)           0.000     7.428    u_array/g_row[3].g_col[7].u_pe/mult__85_carry__0_n_0
    SLICE_X54Y156        CARRY4 (Prop_carry4_CI_O[1])
                                                      0.323     7.751 r  u_array/g_row[3].g_col[7].u_pe/mult__85_carry__1/O[1]
                         net (fo=1, routed)           0.000     7.751    u_array/g_row[3].g_col[7].u_pe/mult__85_carry__1_n_6
    SLICE_X54Y156        FDRE                                         r  u_array/g_row[3].g_col[7].u_pe/prod_q_reg[13]/D
  -------------------------------------------------------------------    -------------------

                         (clock clk rise edge)        4.000     4.000 r  
                                                      0.000     4.000 r  clk (IN)
                         net (fo=4776, unset)         0.924     4.924    u_array/g_row[3].g_col[7].u_pe/clk
    SLICE_X54Y156        FDRE                                         r  u_array/g_row[3].g_col[7].u_pe/prod_q_reg[13]/C
                         clock pessimism              0.000     4.924    
                         clock uncertainty           -0.035     4.889    
    SLICE_X54Y156        FDRE (Setup_fdre_C_D)        0.109     4.998    u_array/g_row[3].g_col[7].u_pe/prod_q_reg[13]
  -------------------------------------------------------------------
                         required time                          4.998    
                         arrival time                          -7.751    
  -------------------------------------------------------------------
                         slack                                 -2.753    





Min Delay Paths
--------------------------------------------------------------------------------------
Slack (MET) :             0.040ns  (arrival time - required time)
  Source:                 g_skew[7].g_delay.d_q_reg[7]/C
                            (rising edge-triggered cell FDRE clocked by clk  {rise@0.000ns fall@2.000ns period=4.000ns})
  Destination:            g_skew[7].g_delay.d_q_reg[47]_srl5/D
                            (rising edge-triggered cell SRL16E clocked by clk  {rise@0.000ns fall@2.000ns period=4.000ns})
  Path Group:             clk
  Path Type:              Hold (Min at Fast Process Corner)
  Requirement:            0.000ns  (clk rise@0.000ns - clk rise@0.000ns)
  Data Path Delay:        0.245ns  (logic 0.141ns (57.585%)  route 0.104ns (42.415%))
  Logic Levels:           0  
  Clock Path Skew:        0.022ns (DCD - SCD - CPR)
    Destination Clock Delay (DCD):    0.432ns
    Source Clock Delay      (SCD):    0.410ns
    Clock Pessimism Removal (CPR):    -0.000ns

    Location             Delay type                Incr(ns)  Path(ns)    Netlist Resource(s)
  -------------------------------------------------------------------    -------------------
                         (clock clk rise edge)        0.000     0.000 r  
                                                      0.000     0.000 r  clk (IN)
                         net (fo=4776, unset)         0.410     0.410    clk
    SLICE_X32Y112        FDRE                                         r  g_skew[7].g_delay.d_q_reg[7]/C
  -------------------------------------------------------------------    -------------------
    SLICE_X32Y112        FDRE (Prop_fdre_C_Q)         0.141     0.551 r  g_skew[7].g_delay.d_q_reg[7]/Q
                         net (fo=1, routed)           0.104     0.655    g_skew[7].g_delay.d_q_reg_n_0_[7]
    SLICE_X30Y112        SRL16E                                       r  g_skew[7].g_delay.d_q_reg[47]_srl5/D
  -------------------------------------------------------------------    -------------------

                         (clock clk rise edge)        0.000     0.000 r  
                                                      0.000     0.000 r  clk (IN)
                         net (fo=4776, unset)         0.432     0.432    clk
    SLICE_X30Y112        SRL16E                                       r  g_skew[7].g_delay.d_q_reg[47]_srl5/CLK
                         clock pessimism              0.000     0.432    
    SLICE_X30Y112        SRL16E (Hold_srl16e_CLK_D)
                                                      0.183     0.615    g_skew[7].g_delay.d_q_reg[47]_srl5
  -------------------------------------------------------------------
                         required time                         -0.615    
                         arrival time                           0.655    
  -------------------------------------------------------------------
                         slack                                  0.040    

Slack (MET) :             0.058ns  (arrival time - required time)
  Source:                 u_array/g_row[7].g_col[4].u_pe/ps_o_reg[20]/C
                            (rising edge-triggered cell FDRE clocked by clk  {rise@0.000ns fall@2.000ns period=4.000ns})
  Destination:            g_deskew[4].g_delay.d_q_reg[52]_srl2/D
                            (rising edge-triggered cell SRL16E clocked by clk  {rise@0.000ns fall@2.000ns period=4.000ns})
  Path Group:             clk
  Path Type:              Hold (Min at Fast Process Corner)
  Requirement:            0.000ns  (clk rise@0.000ns - clk rise@0.000ns)
  Data Path Delay:        0.197ns  (logic 0.141ns (71.611%)  route 0.056ns (28.389%))
  Logic Levels:           0  
  Clock Path Skew:        0.022ns (DCD - SCD - CPR)
    Destination Clock Delay (DCD):    0.432ns
    Source Clock Delay      (SCD):    0.410ns
    Clock Pessimism Removal (CPR):    -0.000ns

    Location             Delay type                Incr(ns)  Path(ns)    Netlist Resource(s)
  -------------------------------------------------------------------    -------------------
                         (clock clk rise edge)        0.000     0.000 r  
                                                      0.000     0.000 r  clk (IN)
                         net (fo=4776, unset)         0.410     0.410    u_array/g_row[7].g_col[4].u_pe/clk
    SLICE_X57Y146        FDRE                                         r  u_array/g_row[7].g_col[4].u_pe/ps_o_reg[20]/C
  -------------------------------------------------------------------    -------------------
    SLICE_X57Y146        FDRE (Prop_fdre_C_Q)         0.141     0.551 r  u_array/g_row[7].g_col[4].u_pe/ps_o_reg[20]/Q
                         net (fo=1, routed)           0.056     0.607    u_array_n_96
    SLICE_X56Y146        SRL16E                                       r  g_deskew[4].g_delay.d_q_reg[52]_srl2/D
  -------------------------------------------------------------------    -------------------

                         (clock clk rise edge)        0.000     0.000 r  
                                                      0.000     0.000 r  clk (IN)
                         net (fo=4776, unset)         0.432     0.432    clk
    SLICE_X56Y146        SRL16E                                       r  g_deskew[4].g_delay.d_q_reg[52]_srl2/CLK
                         clock pessimism              0.000     0.432    
    SLICE_X56Y146        SRL16E (Hold_srl16e_CLK_D)
                                                      0.117     0.549    g_deskew[4].g_delay.d_q_reg[52]_srl2
  -------------------------------------------------------------------
                         required time                         -0.549    
                         arrival time                           0.607    
  -------------------------------------------------------------------
                         slack                                  0.058    

Slack (MET) :             0.097ns  (arrival time - required time)
  Source:                 g_deskew[5].g_delay.d_q_reg[22]/C
                            (rising edge-triggered cell FDRE clocked by clk  {rise@0.000ns fall@2.000ns period=4.000ns})
  Destination:            g_deskew[5].g_delay.d_q_reg[54]/D
                            (rising edge-triggered cell FDRE clocked by clk  {rise@0.000ns fall@2.000ns period=4.000ns})
  Path Group:             clk
  Path Type:              Hold (Min at Fast Process Corner)
  Requirement:            0.000ns  (clk rise@0.000ns - clk rise@0.000ns)
  Data Path Delay:        0.197ns  (logic 0.141ns (71.611%)  route 0.056ns (28.389%))
  Logic Levels:           0  
  Clock Path Skew:        0.022ns (DCD - SCD - CPR)
    Destination Clock Delay (DCD):    0.432ns
    Source Clock Delay      (SCD):    0.410ns
    Clock Pessimism Removal (CPR):    -0.000ns

    Location             Delay type                Incr(ns)  Path(ns)    Netlist Resource(s)
  -------------------------------------------------------------------    -------------------
                         (clock clk rise edge)        0.000     0.000 r  
                                                      0.000     0.000 r  clk (IN)
                         net (fo=4776, unset)         0.410     0.410    clk
    SLICE_X45Y157        FDRE                                         r  g_deskew[5].g_delay.d_q_reg[22]/C
  -------------------------------------------------------------------    -------------------
    SLICE_X45Y157        FDRE (Prop_fdre_C_Q)         0.141     0.551 r  g_deskew[5].g_delay.d_q_reg[22]/Q
                         net (fo=1, routed)           0.056     0.607    g_deskew[5].g_delay.d_q[22]
    SLICE_X45Y157        FDRE                                         r  g_deskew[5].g_delay.d_q_reg[54]/D
  -------------------------------------------------------------------    -------------------

                         (clock clk rise edge)        0.000     0.000 r  
                                                      0.000     0.000 r  clk (IN)
                         net (fo=4776, unset)         0.432     0.432    clk
    SLICE_X45Y157        FDRE                                         r  g_deskew[5].g_delay.d_q_reg[54]/C
                         clock pessimism              0.000     0.432    
    SLICE_X45Y157        FDRE (Hold_fdre_C_D)         0.078     0.510    g_deskew[5].g_delay.d_q_reg[54]
  -------------------------------------------------------------------
                         required time                         -0.510    
                         arrival time                           0.607    
  -------------------------------------------------------------------
                         slack                                  0.097    

Slack (MET) :             0.099ns  (arrival time - required time)
  Source:                 g_deskew[5].g_delay.d_q_reg[21]/C
                            (rising edge-triggered cell FDRE clocked by clk  {rise@0.000ns fall@2.000ns period=4.000ns})
  Destination:            g_deskew[5].g_delay.d_q_reg[53]/D
                            (rising edge-triggered cell FDRE clocked by clk  {rise@0.000ns fall@2.000ns period=4.000ns})
  Path Group:             clk
  Path Type:              Hold (Min at Fast Process Corner)
  Requirement:            0.000ns  (clk rise@0.000ns - clk rise@0.000ns)
  Data Path Delay:        0.197ns  (logic 0.141ns (71.611%)  route 0.056ns (28.389%))
  Logic Levels:           0  
  Clock Path Skew:        0.022ns (DCD - SCD - CPR)
    Destination Clock Delay (DCD):    0.432ns
    Source Clock Delay      (SCD):    0.410ns
    Clock Pessimism Removal (CPR):    -0.000ns

    Location             Delay type                Incr(ns)  Path(ns)    Netlist Resource(s)
  -------------------------------------------------------------------    -------------------
                         (clock clk rise edge)        0.000     0.000 r  
                                                      0.000     0.000 r  clk (IN)
                         net (fo=4776, unset)         0.410     0.410    clk
    SLICE_X45Y157        FDRE                                         r  g_deskew[5].g_delay.d_q_reg[21]/C
  -------------------------------------------------------------------    -------------------
    SLICE_X45Y157        FDRE (Prop_fdre_C_Q)         0.141     0.551 r  g_deskew[5].g_delay.d_q_reg[21]/Q
                         net (fo=1, routed)           0.056     0.607    g_deskew[5].g_delay.d_q[21]
    SLICE_X45Y157        FDRE                                         r  g_deskew[5].g_delay.d_q_reg[53]/D
  -------------------------------------------------------------------    -------------------

                         (clock clk rise edge)        0.000     0.000 r  
                                                      0.000     0.000 r  clk (IN)
                         net (fo=4776, unset)         0.432     0.432    clk
    SLICE_X45Y157        FDRE                                         r  g_deskew[5].g_delay.d_q_reg[53]/C
                         clock pessimism              0.000     0.432    
    SLICE_X45Y157        FDRE (Hold_fdre_C_D)         0.076     0.508    g_deskew[5].g_delay.d_q_reg[53]
  -------------------------------------------------------------------
                         required time                         -0.508    
                         arrival time                           0.607    
  -------------------------------------------------------------------
                         slack                                  0.099    

Slack (MET) :             0.100ns  (arrival time - required time)
  Source:                 g_deskew[5].g_delay.d_q_reg[14]/C
                            (rising edge-triggered cell FDRE clocked by clk  {rise@0.000ns fall@2.000ns period=4.000ns})
  Destination:            g_deskew[5].g_delay.d_q_reg[46]/D
                            (rising edge-triggered cell FDRE clocked by clk  {rise@0.000ns fall@2.000ns period=4.000ns})
  Path Group:             clk
  Path Type:              Hold (Min at Fast Process Corner)
  Requirement:            0.000ns  (clk rise@0.000ns - clk rise@0.000ns)
  Data Path Delay:        0.197ns  (logic 0.141ns (71.611%)  route 0.056ns (28.389%))
  Logic Levels:           0  
  Clock Path Skew:        0.022ns (DCD - SCD - CPR)
    Destination Clock Delay (DCD):    0.432ns
    Source Clock Delay      (SCD):    0.410ns
    Clock Pessimism Removal (CPR):    -0.000ns

    Location             Delay type                Incr(ns)  Path(ns)    Netlist Resource(s)
  -------------------------------------------------------------------    -------------------
                         (clock clk rise edge)        0.000     0.000 r  
                                                      0.000     0.000 r  clk (IN)
                         net (fo=4776, unset)         0.410     0.410    clk
    SLICE_X45Y157        FDRE                                         r  g_deskew[5].g_delay.d_q_reg[14]/C
  -------------------------------------------------------------------    -------------------
    SLICE_X45Y157        FDRE (Prop_fdre_C_Q)         0.141     0.551 r  g_deskew[5].g_delay.d_q_reg[14]/Q
                         net (fo=1, routed)           0.056     0.607    g_deskew[5].g_delay.d_q[14]
    SLICE_X45Y157        FDRE                                         r  g_deskew[5].g_delay.d_q_reg[46]/D
  -------------------------------------------------------------------    -------------------

                         (clock clk rise edge)        0.000     0.000 r  
                                                      0.000     0.000 r  clk (IN)
                         net (fo=4776, unset)         0.432     0.432    clk
    SLICE_X45Y157        FDRE                                         r  g_deskew[5].g_delay.d_q_reg[46]/C
                         clock pessimism              0.000     0.432    
    SLICE_X45Y157        FDRE (Hold_fdre_C_D)         0.075     0.507    g_deskew[5].g_delay.d_q_reg[46]
  -------------------------------------------------------------------
                         required time                         -0.507    
                         arrival time                           0.607    
  -------------------------------------------------------------------
                         slack                                  0.100    





Pulse Width Checks
--------------------------------------------------------------------------------------
Clock Name:         clk
Waveform(ns):       { 0.000 2.000 }
Period(ns):         4.000
Sources:            { clk }

Check Type        Corner  Lib Pin     Reference Pin  Required(ns)  Actual(ns)  Slack(ns)  Location       Pin
Min Period        n/a     FDCE/C      n/a            1.000         4.000       3.000      SLICE_X63Y106  bank_fresh_reg[0]/C
Min Period        n/a     FDCE/C      n/a            1.000         4.000       3.000      SLICE_X63Y106  bank_fresh_reg[1]/C
Min Period        n/a     FDCE/C      n/a            1.000         4.000       3.000      SLICE_X38Y108  bank_full_reg[0]/C
Min Period        n/a     FDCE/C      n/a            1.000         4.000       3.000      SLICE_X38Y109  bank_full_reg[1]/C
Min Period        n/a     FDCE/C      n/a            1.000         4.000       3.000      SLICE_X48Y156  fifo_cnt_reg[0]/C
Low Pulse Width   Slow    SRL16E/CLK  n/a            0.980         2.000       1.020      SLICE_X42Y115  g_deskew[0].g_delay.d_q_reg[160]_srl6/CLK
Low Pulse Width   Fast    SRL16E/CLK  n/a            0.980         2.000       1.020      SLICE_X42Y115  g_deskew[0].g_delay.d_q_reg[160]_srl6/CLK
Low Pulse Width   Slow    SRL16E/CLK  n/a            0.980         2.000       1.020      SLICE_X42Y115  g_deskew[0].g_delay.d_q_reg[161]_srl6/CLK
Low Pulse Width   Fast    SRL16E/CLK  n/a            0.980         2.000       1.020      SLICE_X42Y115  g_deskew[0].g_delay.d_q_reg[161]_srl6/CLK
Low Pulse Width   Slow    SRL16E/CLK  n/a            0.980         2.000       1.020      SLICE_X42Y115  g_deskew[0].g_delay.d_q_reg[162]_srl6/CLK
High Pulse Width  Slow    SRL16E/CLK  n/a            0.980         2.000       1.020      SLICE_X42Y115  g_deskew[0].g_delay.d_q_reg[160]_srl6/CLK
High Pulse Width  Fast    SRL16E/CLK  n/a            0.980         2.000       1.020      SLICE_X42Y115  g_deskew[0].g_delay.d_q_reg[160]_srl6/CLK
High Pulse Width  Slow    SRL16E/CLK  n/a            0.980         2.000       1.020      SLICE_X42Y115  g_deskew[0].g_delay.d_q_reg[161]_srl6/CLK
High Pulse Width  Fast    SRL16E/CLK  n/a            0.980         2.000       1.020      SLICE_X42Y115  g_deskew[0].g_delay.d_q_reg[161]_srl6/CLK
High Pulse Width  Slow    SRL16E/CLK  n/a            0.980         2.000       1.020      SLICE_X42Y115  g_deskew[0].g_delay.d_q_reg[162]_srl6/CLK



