Copyright 1986-2021 Xilinx, Inc. All Rights Reserved.
-----------------------------------------------------------------------------------------------------------------------------------------------
| Tool Version : Vivado v.2021.1 (win64) Build 3247384 Thu Jun 10 19:36:33 MDT 2021
| Date         : Thu Oct  1 19:48:31 2026
| Host         : Vineet running 64-bit major release  (build 9200)
| Command      : report_timing_summary -file E:/hw-projects/systolic-array/syn/reports/vivado_8x8_xc7a100tcsg324-1_dsp/timing.rpt -max_paths 5
| Design       : sa_core
| Device       : 7a100t-csg324
| Speed File   : -1  PRODUCTION 1.23 2018-06-13
-----------------------------------------------------------------------------------------------------------------------------------------------

Timing Summary Report

------------------------------------------------------------------------------------------------
| Timer Settings
| --------------
------------------------------------------------------------------------------------------------

  Enable Multi Corner Analysis               :  Yes
  Enable Pessimism Removal                   :  Yes
  Pessimism Removal Resolution               :  Nearest Common Node
  Enable Input Delay Default Clock           :  No
  Enable Preset / Clear Arcs                 :  No
  Disable Flight Delays                      :  No
  Ignore I/O Paths                           :  No
  Timing Early Launch at Borrowing Latches   :  No
  Borrow Time for Max Delay Exceptions       :  Yes
  Merge Timing Exceptions                    :  Yes

  Corner  Analyze    Analyze    
  Name    Max Paths  Min Paths  
  ------  ---------  ---------  
  Slow    Yes        Yes        
  Fast    Yes        Yes        


------------------------------------------------------------------------------------------------
| Report Methodology
| ------------------
------------------------------------------------------------------------------------------------

No report available as report_methodology has not been run prior. Run report_methodology on the current design for the summary of methodology violations.



check_timing report

Table of Contents
-----------------
1. checking no_clock (0)
2. checking constant_clock (0)
3. checking pulse_width_clock (0)
4. checking unconstrained_internal_endpoints (0)
5. checking no_input_delay (137)
6. checking no_output_delay (263)
7. checking multiple_clock (0)
8. checking generated_clocks (0)
9. checking loops (0)
10. checking partial_input_delay (0)
11. checking partial_output_delay (0)
12. checking latch_loops (0)

1. checking no_clock (0)
------------------------
 There are 0 register/latch pins with no clock.


2. checking constant_clock (0)
------------------------------
 There are 0 register/latch pins with constant_clock.


3. checking pulse_width_clock (0)
---------------------------------
 There are 0 register/latch pins which need pulse_width check


4. checking unconstrained_internal_endpoints (0)
------------------------------------------------
 There are 0 pins that are not constrained for maximum delay.

 There are 0 pins that are not constrained for maximum delay due to constant clock.


5. checking no_input_delay (137)
--------------------------------
 There are 137 input ports with no input delay specified. (HIGH)

 There are 0 input ports with no input delay but user has a false path constraint.


6. checking no_output_delay (263)
---------------------------------
 There are 263 ports with no output delay specified. (HIGH)

 There are 0 ports with no output delay but user has a false path constraint

 There are 0 ports with no output delay but with a timing clock defined on it or propagating through it


7. checking multiple_clock (0)
------------------------------
 There are 0 register/latch pins with multiple clocks.


8. checking generated_clocks (0)
--------------------------------
 There are 0 generated clocks that are not connected to a clock source.


9. checking loops (0)
---------------------
 There are 0 combinational loops in the design.


10. checking partial_input_delay (0)
------------------------------------
 There are 0 input ports with partial input delay specified.


11. checking partial_output_delay (0)
-------------------------------------
 There are 0 ports with partial output delay specified.


12. checking latch_loops (0)
----------------------------
 There are 0 combinational latch loops in the design through latch input



------------------------------------------------------------------------------------------------
| Design Timing Summary
| ---------------------
------------------------------------------------------------------------------------------------

    WNS(ns)      TNS(ns)  TNS Failing Endpoints  TNS Total Endpoints      WHS(ns)      THS(ns)  THS Failing Endpoints  THS Total Endpoints     WPWS(ns)     TPWS(ns)  TPWS Failing Endpoints  TPWS Total Endpoints  
    -------      -------  ---------------------  -------------------      -------      -------  ---------------------  -------------------     --------     --------  ----------------------  --------------------  
     -2.285    -5670.011                   6680                13301        0.090        0.000                      0                13301        0.116        0.000                       0                  2967  


Timing constraints are not met.


------------------------------------------------------------------------------------------------
| Clock Summary
| -------------
------------------------------------------------------------------------------------------------

Clock  Waveform(ns)         Period(ns)      Frequency(MHz)
-----  ------------         ----------      --------------
clk    {0.000 2.000}        4.000           250.000         


------------------------------------------------------------------------------------------------
| Intra Clock Table
| -----------------
------------------------------------------------------------------------------------------------

Clock             WNS(ns)      TNS(ns)  TNS Failing Endpoints  TNS Total Endpoints      WHS(ns)      THS(ns)  THS Failing Endpoints  THS Total Endpoints     WPWS(ns)     TPWS(ns)  TPWS Failing Endpoints  TPWS Total Endpoints  
-----             -------      -------  ---------------------  -------------------      -------      -------  ---------------------  -------------------     --------     --------  ----------------------  --------------------  
clk                -2.285    -5670.011                   6680                13301        0.090        0.000                      0                13301        0.116        0.000                       0                  2967  


------------------------------------------------------------------------------------------------
| Inter Clock Table
| -----------------
------------------------------------------------------------------------------------------------

From Clock    To Clock          WNS(ns)      TNS(ns)  TNS Failing Endpoints  TNS Total Endpoints      WHS(ns)      THS(ns)  THS Failing Endpoints  THS Total Endpoints  
----------    --------          -------      -------  ---------------------  -------------------      -------      -------  ---------------------  -------------------  


------------------------------------------------------------------------------------------------
| Other Path Groups Table
| -----------------------
------------------------------------------------------------------------------------------------

Path Group    From Clock    To Clock          WNS(ns)      TNS(ns)  TNS Failing Endpoints  TNS Total Endpoints      WHS(ns)      THS(ns)  THS Failing Endpoints  THS Total Endpoints  
----------    ----------    --------          -------      -------  ---------------------  -------------------      -------      -------  ---------------------  -------------------  


------------------------------------------------------------------------------------------------
| Timing Details
| --------------
------------------------------------------------------------------------------------------------


---------------------------------------------------------------------------------------------------
From Clock:  clk
  To Clock:  clk

Setup :         6680  Failing Endpoints,  Worst Slack       -2.285ns,  Total Violation    -5670.011ns
Hold  :            0  Failing Endpoints,  Worst Slack        0.090ns,  Total Violation        0.000ns
PW    :            0  Failing Endpoints,  Worst Slack        0.116ns,  Total Violation        0.000ns
---------------------------------------------------------------------------------------------------


Max Delay Paths
--------------------------------------------------------------------------------------
Slack (VIOLATED) :        -2.285ns  (required time - arrival time)
  Source:                 u_array/g_row[1].g_col[6].u_pe/a_bank_o_reg/C
                            (rising edge-triggered cell FDRE clocked by clk  {rise@0.000ns fall@2.000ns period=4.000ns})
  Destination:            u_array/g_row[2].g_col[6].u_pe/prod_q_reg/B[5]
                            (rising edge-triggered cell DSP48E1 clocked by clk  {rise@0.000ns fall@2.000ns period=4.000ns})
  Path Group:             clk
  Path Type:              Setup (Max at Slow Process Corner)
  Requirement:            4.000ns  (clk rise@4.000ns - clk rise@0.000ns)
  Data Path Delay:        2.665ns  (logic 0.580ns (21.764%)  route 2.085ns (78.236%))
  Logic Levels:           1  (LUT3=1)
  Clock Path Skew:        -0.049ns (DCD - SCD + CPR)
    Destination Clock Delay (DCD):    0.924ns = ( 4.924 - 4.000 ) 
    Source Clock Delay      (SCD):    0.973ns
    Clock Pessimism Removal (CPR):    0.000ns
  Clock Uncertainty:      0.035ns  ((TSJ^2 + TIJ^2)^1/2 + DJ) / 2 + PE
    Total System Jitter     (TSJ):    0.071ns
    Total Input Jitter      (TIJ):    0.000ns
    Discrete Jitter          (DJ):    0.000ns
    Phase Error              (PE):    0.000ns

    Location             Delay type                Incr(ns)  Path(ns)    Netlist Resource(s)
  -------------------------------------------------------------------    -------------------
                         (clock clk rise edge)        0.000     0.000 r  
                                                      0.000     0.000 r  clk (IN)
                         net (fo=2966, unset)         0.973     0.973    u_array/g_row[1].g_col[6].u_pe/clk
    SLICE_X29Y88         FDRE                                         r  u_array/g_row[1].g_col[6].u_pe/a_bank_o_reg/C
  -------------------------------------------------------------------    -------------------
    SLICE_X29Y88         FDRE (Prop_fdre_C_Q)         0.456     1.429 r  u_array/g_row[1].g_col[6].u_pe/a_bank_o_reg/Q
                         net (fo=57, routed)          1.119     2.548    u_array/g_row[2].g_col[6].u_pe/b_h[1]_7
    SLICE_X47Y93         LUT3 (Prop_lut3_I2_O)        0.124     2.672 r  u_array/g_row[2].g_col[6].u_pe/sum_i_4/O
                         net (fo=2, routed)           0.966     3.638    u_array/g_row[2].g_col[6].u_pe/B[5]
    DSP48_X1Y38          DSP48E1                                      r  u_array/g_row[2].g_col[6].u_pe/prod_q_reg/B[5]
  -------------------------------------------------------------------    -------------------

                         (clock clk rise edge)        4.000     4.000 r  
                                                      0.000     4.000 r  clk (IN)
                         net (fo=2966, unset)         0.924     4.924    u_array/g_row[2].g_col[6].u_pe/clk
    DSP48_X1Y38          DSP48E1                                      r  u_array/g_row[2].g_col[6].u_pe/prod_q_reg/CLK
                         clock pessimism              0.000     4.924    
                         clock uncertainty           -0.035     4.889    
    DSP48_X1Y38          DSP48E1 (Setup_dsp48e1_CLK_B[5])
                                                     -3.536     1.353    u_array/g_row[2].g_col[6].u_pe/prod_q_reg
  -------------------------------------------------------------------
                         required time                          1.353    
                         arrival time                          -3.638    
  -------------------------------------------------------------------
                         slack                                 -2.285    

Slack (VIOLATED) :        -2.266ns  (required time - arrival time)
  Source:                 u_array/g_row[1].g_col[6].u_pe/a_bank_o_reg/C
                            (rising edge-triggered cell FDRE clocked by clk  {rise@0.000ns fall@2.000ns period=4.000ns})
  Destination:            u_array/g_row[3].g_col[5].u_pe/prod_q_reg/B[2]
                            (rising edge-triggered cell DSP48E1 clocked by clk  {rise@0.000ns fall@2.000ns period=4.000ns})
  Path Group:             clk
  Path Type:              Setup (Max at Slow Process Corner)
  Requirement:            4.000ns  (clk rise@4.000ns - clk rise@0.000ns)
  Data Path Delay:        2.646ns  (logic 0.580ns (21.918%)  route 2.066ns (78.082%))
  Logic Levels:           1  (LUT3=1)
  Clock Path Skew:        -0.049ns (DCD - SCD + CPR)
    Destination Clock Delay (DCD):    0.924ns = ( 4.924 - 4.000 ) 
    Source Clock Delay      (SCD):    0.973ns
    Clock Pessimism Removal (CPR):    0.000ns
  Clock Uncertainty:      0.035ns  ((TSJ^2 + TIJ^2)^1/2 + DJ) / 2 + PE
    Total System Jitter     (TSJ):    0.071ns
    Total Input Jitter      (TIJ):    0.000ns
    Discrete Jitter          (DJ):    0.000ns
    Phase Error              (PE):    0.000ns

    Location             Delay type                Incr(ns)  Path(ns)    Netlist Resource(s)
  -------------------------------------------------------------------    -------------------
                         (clock clk rise edge)        0.000     0.000 r  
                                                      0.000     0.000 r  clk (IN)
                         net (fo=2966, unset)         0.973     0.973    u_array/g_row[1].g_col[6].u_pe/clk
    SLICE_X29Y88         FDRE                                         r  u_array/g_row[1].g_col[6].u_pe/a_bank_o_reg/C
  -------------------------------------------------------------------    -------------------
    SLICE_X29Y88         FDRE (Prop_fdre_C_Q)         0.456     1.429 r  u_array/g_row[1].g_col[6].u_pe/a_bank_o_reg/Q
                         net (fo=57, routed)          0.983     2.412    u_array/g_row[3].g_col[5].u_pe/b_h[1]_7
    SLICE_X13Y88         LUT3 (Prop_lut3_I2_O)        0.124     2.536 r  u_array/g_row[3].g_col[5].u_pe/sum_i_7/O
                         net (fo=2, routed)           1.083     3.619    u_array/g_row[3].g_col[5].u_pe/B[2]
    DSP48_X0Y41          DSP48E1                                      r  u_array/g_row[3].g_col[5].u_pe/prod_q_reg/B[2]
  -------------------------------------------------------------------    -------------------

                         (clock clk rise edge)        4.000     4.000 r  
                                                      0.000     4.000 r  clk (IN)
                         net (fo=2966, unset)         0.924     4.924    u_array/g_row[3].g_col[5].u_pe/clk
    DSP48_X0Y41          DSP48E1                                      r  u_array/g_row[3].g_col[5].u_pe/prod_q_reg/CLK
                         clock pessimism              0.000     4.924    
                         clock uncertainty           -0.035     4.889    
    DSP48_X0Y41          DSP48E1 (Setup_dsp48e1_CLK_B[2])
                                                     -3.536     1.353    u_array/g_row[3].g_col[5].u_pe/prod_q_reg
  -------------------------------------------------------------------
                         required time                          1.353    
                         arrival time                          -3.619    
  -------------------------------------------------------------------
                         slack                                 -2.266    

Slack (VIOLATED) :        -2.259ns  (required time - arrival time)
  Source:                 u_array/g_row[1].g_col[6].u_pe/a_bank_o_reg/C
                            (rising edge-triggered cell FDRE clocked by clk  {rise@0.000ns fall@2.000ns period=4.000ns})
  Destination:            u_array/g_row[2].g_col[6].u_pe/prod_q_reg/B[2]
                            (rising edge-triggered cell DSP48E1 clocked by clk  {rise@0.000ns fall@2.000ns period=4.000ns})
  Path Group:             clk
  Path Type:              Setup (Max at Slow Process Corner)
  Requirement:            4.000ns  (clk rise@4.000ns - clk rise@0.000ns)
  Data Path Delay:        2.639ns  (logic 0.580ns (21.978%)  route 2.059ns (78.022%))
  Logic Levels:           1  (LUT3=1)
  Clock Path Skew:        -0.049ns (DCD - SCD + CPR)
    Destination Clock Delay (DCD):    0.924ns = ( 4.924 - 4.000 ) 
    Source Clock Delay      (SCD):    0.973ns
    Clock Pessimism Removal (CPR):    0.000ns
  Clock Uncertainty:      0.035ns  ((TSJ^2 + TIJ^2)^1/2 + DJ) / 2 + PE
    Total System Jitter     (TSJ):    0.071ns
    Total Input Jitter      (TIJ):    0.000ns
    Discrete Jitter          (DJ):    0.000ns
    Phase Error              (PE):    0.000ns

    Location             Delay type                Incr(ns)  Path(ns)    Netlist Resource(s)
  -------------------------------------------------------------------    -------------------
                         (clock clk rise edge)        0.000     0.000 r  
                                                      0.000     0.000 r  clk (IN)
                         net (fo=2966, unset)         0.973     0.973    u_array/g_row[1].g_col[6].u_pe/clk
    SLICE_X29Y88         FDRE                                         r  u_array/g_row[1].g_col[6].u_pe/a_bank_o_reg/C
  -------------------------------------------------------------------    -------------------
    SLICE_X29Y88         FDRE (Prop_fdre_C_Q)         0.456     1.429 r  u_array/g_row[1].g_col[6].u_pe/a_bank_o_reg/Q
                         net (fo=57, routed)          1.143     2.572    u_array/g_row[2].g_col[6].u_pe/b_h[1]_7
    SLICE_X48Y94         LUT3 (Prop_lut3_I2_O)        0.124     2.696 r  u_array/g_row[2].g_col[6].u_pe/sum_i_7/O
                         net (fo=2, routed)           0.916     3.612    u_array/g_row[2].g_col[6].u_pe/B[2]
    DSP48_X1Y38          DSP48E1                                      r  u_array/g_row[2].g_col[6].u_pe/prod_q_reg/B[2]
  -------------------------------------------------------------------    -------------------

                         (clock clk rise edge)        4.000     4.000 r  
                                                      0.000     4.000 r  clk (IN)
                         net (fo=2966, unset)         0.924     4.924    u_array/g_row[2].g_col[6].u_pe/clk
    DSP48_X1Y38          DSP48E1                                      r  u_array/g_row[2].g_col[6].u_pe/prod_q_reg/CLK
                         clock pessimism              0.000     4.924    
                         clock uncertainty           -0.035     4.889    
    DSP48_X1Y38          DSP48E1 (Setup_dsp48e1_CLK_B[2])
                                                     -3.536     1.353    u_array/g_row[2].g_col[6].u_pe/prod_q_reg
  -------------------------------------------------------------------
                         required time                          1.353    
                         arrival time                          -3.612    
  -------------------------------------------------------------------
                         slack                                 -2.259    

Slack (VIOLATED) :        -2.200ns  (required time - arrival time)
  Source:                 u_array/g_row[1].g_col[6].u_pe/a_bank_o_reg/C
                            (rising edge-triggered cell FDRE clocked by clk  {rise@0.000ns fall@2.000ns period=4.000ns})
  Destination:            u_array/g_row[2].g_col[6].u_pe/prod_q_reg/B[0]
                            (rising edge-triggered cell DSP48E1 clocked by clk  {rise@0.000ns fall@2.000ns period=4.000ns})
  Path Group:             clk
  Path Type:              Setup (Max at Slow Process Corner)
  Requirement:            4.000ns  (clk rise@4.000ns - clk rise@0.000ns)
  Data Path Delay:        2.580ns  (logic 0.580ns (22.479%)  route 2.000ns (77.521%))
  Logic Levels:           1  (LUT3=1)
  Clock Path Skew:        -0.049ns (DCD - SCD + CPR)
    Destination Clock Delay (DCD):    0.924ns = ( 4.924 - 4.000 ) 
    Source Clock Delay      (SCD):    0.973ns
    Clock Pessimism Removal (CPR):    0.000ns
  Clock Uncertainty:      0.035ns  ((TSJ^2 + TIJ^2)^1/2 + DJ) / 2 + PE
    Total System Jitter     (TSJ):    0.071ns
    Total Input Jitter      (TIJ):    0.000ns
    Discrete Jitter          (DJ):    0.000ns
    Phase Error              (PE):    0.000ns

    Location             Delay type                Incr(ns)  Path(ns)    Netlist Resource(s)
  -------------------------------------------------------------------    -------------------
                         (clock clk rise edge)        0.000     0.000 r  
                                                      0.000     0.000 r  clk (IN)
                         net (fo=2966, unset)         0.973     0.973    u_array/g_row[1].g_col[6].u_pe/clk
    SLICE_X29Y88         FDRE                                         r  u_array/g_row[1].g_col[6].u_pe/a_bank_o_reg/C
  -------------------------------------------------------------------    -------------------
    SLICE_X29Y88         FDRE (Prop_fdre_C_Q)         0.456     1.429 r  u_array/g_row[1].g_col[6].u_pe/a_bank_o_reg/Q
                         net (fo=57, routed)          1.094     2.523    u_array/g_row[2].g_col[6].u_pe/b_h[1]_7
    SLICE_X47Y92         LUT3 (Prop_lut3_I2_O)        0.124     2.647 r  u_array/g_row[2].g_col[6].u_pe/sum_i_9/O
                         net (fo=2, routed)           0.906     3.553    u_array/g_row[2].g_col[6].u_pe/B[0]
    DSP48_X1Y38          DSP48E1                                      r  u_array/g_row[2].g_col[6].u_pe/prod_q_reg/B[0]
  -------------------------------------------------------------------    -------------------

                         (clock clk rise edge)        4.000     4.000 r  
                                                      0.000     4.000 r  clk (IN)
                         net (fo=2966, unset)         0.924     4.924    u_array/g_row[2].g_col[6].u_pe/clk
    DSP48_X1Y38          DSP48E1                                      r  u_array/g_row[2].g_col[6].u_pe/prod_q_reg/CLK
                         clock pessimism              0.000     4.924    
                         clock uncertainty           -0.035     4.889    
    DSP48_X1Y38          DSP48E1 (Setup_dsp48e1_CLK_B[0])
                                                     -3.536     1.353    u_array/g_row[2].g_col[6].u_pe/prod_q_reg
  -------------------------------------------------------------------
                         required time                          1.353    
                         arrival time                          -3.553    
  -------------------------------------------------------------------
                         slack                                 -2.200    

Slack (VIOLATED) :        -2.195ns  (required time - arrival time)
  Source:                 u_array/g_row[1].g_col[6].u_pe/a_bank_o_reg/C
                            (rising edge-triggered cell FDRE clocked by clk  {rise@0.000ns fall@2.000ns period=4.000ns})
  Destination:            u_array/g_row[2].g_col[6].u_pe/prod_q_reg/B[10]
                            (rising edge-triggered cell DSP48E1 clocked by clk  {rise@0.000ns fall@2.000ns period=4.000ns})
  Path Group:             clk
  Path Type:              Setup (Max at Slow Process Corner)
  Requirement:            4.000ns  (clk rise@4.000ns - clk rise@0.000ns)
  Data Path Delay:        2.575ns  (logic 0.580ns (22.520%)  route 1.995ns (77.480%))
  Logic Levels:           1  (LUT3=1)
  Clock Path Skew:        -0.049ns (DCD - SCD + CPR)
    Destination Clock Delay (DCD):    0.924ns = ( 4.924 - 4.000 ) 
    Source Clock Delay      (SCD):    0.973ns
    Clock Pessimism Removal (CPR):    0.000ns
  Clock Uncertainty:      0.035ns  ((TSJ^2 + TIJ^2)^1/2 + DJ) / 2 + PE
    Total System Jitter     (TSJ):    0.071ns
    Total Input Jitter      (TIJ):    0.000ns
    Discrete Jitter          (DJ):    0.000ns
    Phase Error              (PE):    0.000ns

    Location             Delay type                Incr(ns)  Path(ns)    Netlist Resource(s)
  -------------------------------------------------------------------    -------------------
                         (clock clk rise edge)        0.000     0.000 r  
                                                      0.000     0.000 r  clk (IN)
                         net (fo=2966, unset)         0.973     0.973    u_array/g_row[1].g_col[6].u_pe/clk
    SLICE_X29Y88         FDRE                                         r  u_array/g_row[1].g_col[6].u_pe/a_bank_o_reg/C
  -------------------------------------------------------------------    -------------------
    SLICE_X29Y88         FDRE (Prop_fdre_C_Q)         0.456     1.429 r  u_array/g_row[1].g_col[6].u_pe/a_bank_o_reg/Q
                         net (fo=57, routed)          1.002     2.431    u_array/g_row[2].g_col[6].u_pe/b_h[1]_7
    SLICE_X47Y94         LUT3 (Prop_lut3_I2_O)        0.124     2.555 r  u_array/g_row[2].g_col[6].u_pe/sum_i_2/O
                         net (fo=22, routed)          0.993     3.548    u_array/g_row[2].g_col[6].u_pe/B[7]
    DSP48_X1Y38          DSP48E1                                      r  u_array/g_row[2].g_col[6].u_pe/prod_q_reg/B[10]
  -------------------------------------------------------------------    -------------------

                         (clock clk rise edge)        4.000     4.000 r  
                                                      0.000     4.000 r  clk (IN)
                         net (fo=2966, unset)         0.924     4.924    u_array/g_row[2].g_col[6].u_pe/clk
    DSP48_X1Y38          DSP48E1                                      r  u_array/g_row[2].g_col[6].u_pe/prod_q_reg/CLK
                         clock pessimism              0.000     4.924    
                         clock uncertainty           -0.035     4.889    
    DSP48_X1Y38          DSP48E1 (Setup_dsp48e1_CLK_B[10])
                                                     -3.536     1.353    u_array/g_row[2].g_col[6].u_pe/prod_q_reg
  -------------------------------------------------------------------
                         required time                          1.353    
                         arrival time                          -3.548    
  -------------------------------------------------------------------
                         slack                                 -2.195    





Min Delay Paths
--------------------------------------------------------------------------------------
Slack (MET) :             0.090ns  (arrival time - required time)
  Source:                 g_skew[6].g_delay.d_q_reg[7]/C
                            (rising edge-triggered cell FDRE clocked by clk  {rise@0.000ns fall@2.000ns period=4.000ns})
  Destination:            g_skew[6].g_delay.d_q_reg[31]_srl3/D
                            (rising edge-triggered cell SRL16E clocked by clk  {rise@0.000ns fall@2.000ns period=4.000ns})
  Path Group:             clk
  Path Type:              Hold (Min at Fast Process Corner)
  Requirement:            0.000ns  (clk rise@0.000ns - clk rise@0.000ns)
  Data Path Delay:        0.241ns  (logic 0.128ns (53.025%)  route 0.113ns (46.975%))
  Logic Levels:           0  
  Clock Path Skew:        0.022ns (DCD - SCD - CPR)
    Destination Clock Delay (DCD):    0.432ns
    Source Clock Delay      (SCD):    0.410ns
    Clock Pessimism Removal (CPR):    -0.000ns

    Location             Delay type                Incr(ns)  Path(ns)    Netlist Resource(s)
  -------------------------------------------------------------------    -------------------
                         (clock clk rise edge)        0.000     0.000 r  
                                                      0.000     0.000 r  clk (IN)
                         net (fo=2966, unset)         0.410     0.410    clk
    SLICE_X61Y84         FDRE                                         r  g_skew[6].g_delay.d_q_reg[7]/C
  -------------------------------------------------------------------    -------------------
    SLICE_X61Y84         FDRE (Prop_fdre_C_Q)         0.128     0.538 r  g_skew[6].g_delay.d_q_reg[7]/Q
                         net (fo=1, routed)           0.113     0.652    g_skew[6].g_delay.d_q_reg_n_0_[7]
    SLICE_X60Y84         SRL16E                                       r  g_skew[6].g_delay.d_q_reg[31]_srl3/D
  -------------------------------------------------------------------    -------------------

                         (clock clk rise edge)        0.000     0.000 r  
                                                      0.000     0.000 r  clk (IN)
                         net (fo=2966, unset)         0.432     0.432    clk
    SLICE_X60Y84         SRL16E                                       r  g_skew[6].g_delay.d_q_reg[31]_srl3/CLK
                         clock pessimism              0.000     0.432    
    SLICE_X60Y84         SRL16E (Hold_srl16e_CLK_D)
                                                      0.130     0.562    g_skew[6].g_delay.d_q_reg[31]_srl3
  -------------------------------------------------------------------
                         required time                         -0.562    
                         arrival time                           0.652    
  -------------------------------------------------------------------
                         slack                                  0.090    

Slack (MET) :             0.112ns  (arrival time - required time)
  Source:                 g_skew[2].g_delay.d_q_reg[12]/C
                            (rising edge-triggered cell FDRE clocked by clk  {rise@0.000ns fall@2.000ns period=4.000ns})
  Destination:            u_array/g_row[2].g_col[0].u_pe/a_o_reg[4]/D
                            (rising edge-triggered cell FDRE clocked by clk  {rise@0.000ns fall@2.000ns period=4.000ns})
  Path Group:             clk
  Path Type:              Hold (Min at Fast Process Corner)
  Requirement:            0.000ns  (clk rise@0.000ns - clk rise@0.000ns)
  Data Path Delay:        0.209ns  (logic 0.141ns (67.454%)  route 0.068ns (32.546%))
  Logic Levels:           0  
  Clock Path Skew:        0.022ns (DCD - SCD - CPR)
    Destination Clock Delay (DCD):    0.432ns
    Source Clock Delay      (SCD):    0.410ns
    Clock Pessimism Removal (CPR):    -0.000ns

    Location             Delay type                Incr(ns)  Path(ns)    Netlist Resource(s)
  -------------------------------------------------------------------    -------------------
                         (clock clk rise edge)        0.000     0.000 r  
                                                      0.000     0.000 r  clk (IN)
                         net (fo=2966, unset)         0.410     0.410    clk
    SLICE_X79Y34         FDRE                                         r  g_skew[2].g_delay.d_q_reg[12]/C
  -------------------------------------------------------------------    -------------------
    SLICE_X79Y34         FDRE (Prop_fdre_C_Q)         0.141     0.551 r  g_skew[2].g_delay.d_q_reg[12]/Q
                         net (fo=3, routed)           0.068     0.619    u_array/g_row[2].g_col[0].u_pe/sk_data[4]
    SLICE_X79Y34         FDRE                                         r  u_array/g_row[2].g_col[0].u_pe/a_o_reg[4]/D
  -------------------------------------------------------------------    -------------------

                         (clock clk rise edge)        0.000     0.000 r  
                                                      0.000     0.000 r  clk (IN)
                         net (fo=2966, unset)         0.432     0.432    u_array/g_row[2].g_col[0].u_pe/clk
    SLICE_X79Y34         FDRE                                         r  u_array/g_row[2].g_col[0].u_pe/a_o_reg[4]/C
                         clock pessimism              0.000     0.432    
    SLICE_X79Y34         FDRE (Hold_fdre_C_D)         0.075     0.507    u_array/g_row[2].g_col[0].u_pe/a_o_reg[4]
  -------------------------------------------------------------------
                         required time                         -0.507    
                         arrival time                           0.619    
  -------------------------------------------------------------------
                         slack                                  0.112    

Slack (MET) :             0.117ns  (arrival time - required time)
  Source:                 g_skew[2].g_delay.d_q_reg[14]/C
                            (rising edge-triggered cell FDRE clocked by clk  {rise@0.000ns fall@2.000ns period=4.000ns})
  Destination:            u_array/g_row[2].g_col[0].u_pe/a_o_reg[6]/D
                            (rising edge-triggered cell FDRE clocked by clk  {rise@0.000ns fall@2.000ns period=4.000ns})
  Path Group:             clk
  Path Type:              Hold (Min at Fast Process Corner)
  Requirement:            0.000ns  (clk rise@0.000ns - clk rise@0.000ns)
  Data Path Delay:        0.209ns  (logic 0.141ns (67.433%)  route 0.068ns (32.567%))
  Logic Levels:           0  
  Clock Path Skew:        0.022ns (DCD - SCD - CPR)
    Destination Clock Delay (DCD):    0.432ns
    Source Clock Delay      (SCD):    0.410ns
    Clock Pessimism Removal (CPR):    -0.000ns

    Location             Delay type                Incr(ns)  Path(ns)    Netlist Resource(s)
  -------------------------------------------------------------------    -------------------
                         (clock clk rise edge)        0.000     0.000 r  
                                                      0.000     0.000 r  clk (IN)
                         net (fo=2966, unset)         0.410     0.410    clk
    SLICE_X79Y34         FDRE                                         r  g_skew[2].g_delay.d_q_reg[14]/C
  -------------------------------------------------------------------    -------------------
    SLICE_X79Y34         FDRE (Prop_fdre_C_Q)         0.141     0.551 r  g_skew[2].g_delay.d_q_reg[14]/Q
                         net (fo=3, routed)           0.068     0.619    u_array/g_row[2].g_col[0].u_pe/sk_data[6]
    SLICE_X79Y34         FDRE                                         r  u_array/g_row[2].g_col[0].u_pe/a_o_reg[6]/D
  -------------------------------------------------------------------    -------------------

                         (clock clk rise edge)        0.000     0.000 r  
                                                      0.000     0.000 r  clk (IN)
                         net (fo=2966, unset)         0.432     0.432    u_array/g_row[2].g_col[0].u_pe/clk
    SLICE_X79Y34         FDRE                                         r  u_array/g_row[2].g_col[0].u_pe/a_o_reg[6]/C
                         clock pessimism              0.000     0.432    
    SLICE_X79Y34         FDRE (Hold_fdre_C_D)         0.071     0.503    u_array/g_row[2].g_col[0].u_pe/a_o_reg[6]
  -------------------------------------------------------------------
                         required time                         -0.503    
                         arrival time                           0.619    
  -------------------------------------------------------------------
                         slack                                  0.117    

Slack (MET) :             0.124ns  (arrival time - required time)
  Source:                 g_skew[5].g_delay.d_q_reg[7]/C
                            (rising edge-triggered cell FDRE clocked by clk  {rise@0.000ns fall@2.000ns period=4.000ns})
  Destination:            g_skew[5].g_delay.d_q_reg[23]_srl2/D
                            (rising edge-triggered cell SRL16E clocked by clk  {rise@0.000ns fall@2.000ns period=4.000ns})
  Path Group:             clk
  Path Type:              Hold (Min at Fast Process Corner)
  Requirement:            0.000ns  (clk rise@0.000ns - clk rise@0.000ns)
  Data Path Delay:        0.276ns  (logic 0.128ns (46.453%)  route 0.148ns (53.547%))
  Logic Levels:           0  
  Clock Path Skew:        0.022ns (DCD - SCD - CPR)
    Destination Clock Delay (DCD):    0.432ns
    Source Clock Delay      (SCD):    0.410ns
    Clock Pessimism Removal (CPR):    -0.000ns

    Location             Delay type                Incr(ns)  Path(ns)    Netlist Resource(s)
  -------------------------------------------------------------------    -------------------
                         (clock clk rise edge)        0.000     0.000 r  
                                                      0.000     0.000 r  clk (IN)
                         net (fo=2966, unset)         0.410     0.410    clk
    SLICE_X61Y76         FDRE                                         r  g_skew[5].g_delay.d_q_reg[7]/C
  -------------------------------------------------------------------    -------------------
    SLICE_X61Y76         FDRE (Prop_fdre_C_Q)         0.128     0.538 r  g_skew[5].g_delay.d_q_reg[7]/Q
                         net (fo=1, routed)           0.148     0.686    g_skew[5].g_delay.d_q_reg_n_0_[7]
    SLICE_X60Y76         SRL16E                                       r  g_skew[5].g_delay.d_q_reg[23]_srl2/D
  -------------------------------------------------------------------    -------------------

                         (clock clk rise edge)        0.000     0.000 r  
                                                      0.000     0.000 r  clk (IN)
                         net (fo=2966, unset)         0.432     0.432    clk
    SLICE_X60Y76         SRL16E                                       r  g_skew[5].g_delay.d_q_reg[23]_srl2/CLK
                         clock pessimism              0.000     0.432    
    SLICE_X60Y76         SRL16E (Hold_srl16e_CLK_D)
                                                      0.130     0.562    g_skew[5].g_delay.d_q_reg[23]_srl2
  -------------------------------------------------------------------
                         required time                         -0.562    
                         arrival time                           0.686    
  -------------------------------------------------------------------
                         slack                                  0.124    

Slack (MET) :             0.132ns  (arrival time - required time)
  Source:                 u_array/g_row[0].g_col[3].u_pe/ps_o_reg[31]/C
                            (rising edge-triggered cell FDRE clocked by clk  {rise@0.000ns fall@2.000ns period=4.000ns})
  Destination:            u_array/ovf_q_reg[11]/D
                            (rising edge-triggered cell FDCE clocked by clk  {rise@0.000ns fall@2.000ns period=4.000ns})
  Path Group:             clk
  Path Type:              Hold (Min at Fast Process Corner)
  Requirement:            0.000ns  (clk rise@0.000ns - clk rise@0.000ns)
  Data Path Delay:        0.273ns  (logic 0.186ns (68.106%)  route 0.087ns (31.894%))
  Logic Levels:           1  (LUT5=1)
  Clock Path Skew:        0.022ns (DCD - SCD - CPR)
    Destination Clock Delay (DCD):    0.432ns
    Source Clock Delay      (SCD):    0.410ns
    Clock Pessimism Removal (CPR):    -0.000ns

    Location             Delay type                Incr(ns)  Path(ns)    Netlist Resource(s)
  -------------------------------------------------------------------    -------------------
                         (clock clk rise edge)        0.000     0.000 r  
                                                      0.000     0.000 r  clk (IN)
                         net (fo=2966, unset)         0.410     0.410    u_array/g_row[0].g_col[3].u_pe/clk
    SLICE_X71Y60         FDRE                                         r  u_array/g_row[0].g_col[3].u_pe/ps_o_reg[31]/C
  -------------------------------------------------------------------    -------------------
    SLICE_X71Y60         FDRE (Prop_fdre_C_Q)         0.141     0.551 r  u_array/g_row[0].g_col[3].u_pe/ps_o_reg[31]/Q
                         net (fo=1, routed)           0.087     0.638    u_array/g_row[1].g_col[3].u_pe/ps_o[0]
    SLICE_X70Y60         LUT5 (Prop_lut5_I2_O)        0.045     0.683 r  u_array/g_row[1].g_col[3].u_pe/ovf_q[11]_i_1/O
                         net (fo=1, routed)           0.000     0.683    u_array/g_row[1].g_col[3].u_pe_n_1
    SLICE_X70Y60         FDCE                                         r  u_array/ovf_q_reg[11]/D
  -------------------------------------------------------------------    -------------------

                         (clock clk rise edge)        0.000     0.000 r  
                                                      0.000     0.000 r  clk (IN)
                         net (fo=2966, unset)         0.432     0.432    u_array/clk
    SLICE_X70Y60         FDCE                                         r  u_array/ovf_q_reg[11]/C
                         clock pessimism              0.000     0.432    
    SLICE_X70Y60         FDCE (Hold_fdce_C_D)         0.120     0.552    u_array/ovf_q_reg[11]
  -------------------------------------------------------------------
                         required time                         -0.552    
                         arrival time                           0.683    
  -------------------------------------------------------------------
                         slack                                  0.132    





Pulse Width Checks
--------------------------------------------------------------------------------------
Clock Name:         clk
Waveform(ns):       { 0.000 2.000 }
Period(ns):         4.000
Sources:            { clk }

Check Type        Corner  Lib Pin      Reference Pin  Required(ns)  Actual(ns)  Slack(ns)  Location      Pin
Min Period        n/a     DSP48E1/CLK  n/a            3.884         4.000       0.116      DSP48_X2Y40   u_array/g_row[0].g_col[1].u_pe/prod_q_reg/CLK
Min Period        n/a     DSP48E1/CLK  n/a            3.884         4.000       0.116      DSP48_X2Y38   u_array/g_row[0].g_col[1].u_pe/sum/CLK
Min Period        n/a     DSP48E1/CLK  n/a            3.884         4.000       0.116      DSP48_X2Y26   u_array/g_row[0].g_col[2].u_pe/prod_q_reg/CLK
Min Period        n/a     DSP48E1/CLK  n/a            3.884         4.000       0.116      DSP48_X2Y30   u_array/g_row[0].g_col[2].u_pe/sum/CLK
Min Period        n/a     DSP48E1/CLK  n/a            3.884         4.000       0.116      DSP48_X2Y8    u_array/g_row[0].g_col[3].u_pe/prod_q_reg/CLK
Low Pulse Width   Slow    SRL16E/CLK   n/a            0.980         2.000       1.020      SLICE_X60Y82  g_deskew[0].g_delay.d_q_reg[160]_srl7/CLK
Low Pulse Width   Fast    SRL16E/CLK   n/a            0.980         2.000       1.020      SLICE_X60Y82  g_deskew[0].g_delay.d_q_reg[160]_srl7/CLK
Low Pulse Width   Slow    SRL16E/CLK   n/a            0.980         2.000       1.020      SLICE_X60Y82  g_deskew[0].g_delay.d_q_reg[161]_srl7/CLK
Low Pulse Width   Fast    SRL16E/CLK   n/a            0.980         2.000       1.020      SLICE_X60Y82  g_deskew[0].g_delay.d_q_reg[161]_srl7/CLK
Low Pulse Width   Slow    SRL16E/CLK   n/a            0.980         2.000       1.020      SLICE_X60Y82  g_deskew[0].g_delay.d_q_reg[162]_srl7/CLK
High Pulse Width  Slow    SRL16E/CLK   n/a            0.980         2.000       1.020      SLICE_X60Y82  g_deskew[0].g_delay.d_q_reg[160]_srl7/CLK
High Pulse Width  Fast    SRL16E/CLK   n/a            0.980         2.000       1.020      SLICE_X60Y82  g_deskew[0].g_delay.d_q_reg[160]_srl7/CLK
High Pulse Width  Slow    SRL16E/CLK   n/a            0.980         2.000       1.020      SLICE_X60Y82  g_deskew[0].g_delay.d_q_reg[161]_srl7/CLK
High Pulse Width  Fast    SRL16E/CLK   n/a            0.980         2.000       1.020      SLICE_X60Y82  g_deskew[0].g_delay.d_q_reg[161]_srl7/CLK
High Pulse Width  Slow    SRL16E/CLK   n/a            0.980         2.000       1.020      SLICE_X60Y82  g_deskew[0].g_delay.d_q_reg[162]_srl7/CLK



