┏━━━━━━━┳━━━━━━━━━┳━━━━━━━━━━┳━━━━━━━━━━━━━━━━━━━┳━━━━━━━━━━━━━━━━┳━━━━━━━┓
┃ P / R ┃ Partial ┃ Required ┃ Net               ┃ Pin            ┃ Layer ┃
┡━━━━━━━╇━━━━━━━━━╇━━━━━━━━━━╇━━━━━━━━━━━━━━━━━━━╇━━━━━━━━━━━━━━━━╇━━━━━━━┩
│ 2.81  │ 1122.31 │ 400.00   │ _03710_           │ _09300_/B      │ met1  │
│ 2.42  │ 969.00  │ 400.00   │ u_array.a_h[8\]   │ _17193_/A0     │ met1  │
│ 2.07  │ 826.94  │ 400.00   │ net682            │ _17198_/A0     │ met1  │
│ 2.00  │ 798.28  │ 400.00   │ _07122_           │ _13698_/A1     │ met1  │
│ 1.80  │ 721.28  │ 400.00   │ _07111_           │ _13685_/A1     │ met1  │
│ 1.78  │ 713.13  │ 400.00   │ net55             │ _09548_/A0     │ met1  │
│ 1.77  │ 709.90  │ 400.00   │ bot_ps[66\]       │ _09556_/A0     │ met3  │
│ 1.76  │ 705.67  │ 400.00   │ net56             │ _16740_/A1     │ met1  │
│ 1.66  │ 662.93  │ 400.00   │ u_array.a_h[12\]  │ _17197_/A0     │ met1  │
│ 1.58  │ 631.18  │ 400.00   │ net558            │ fanout551/A    │ met1  │
│ 1.47  │ 589.61  │ 400.00   │ net51             │ _13072_/A1     │ met1  │
│ 1.42  │ 568.55  │ 400.00   │ _03615_           │ fanout563/A    │ met1  │
│ 1.39  │ 557.67  │ 400.00   │ u_array.a_h[58\]  │ _15309_/A1     │ met1  │
│ 1.39  │ 557.44  │ 400.00   │ _08963_           │ _15758_/A1     │ met1  │
│ 1.35  │ 540.31  │ 400.00   │ u_array.a_h[103\] │ fanout781/A    │ met1  │
│ 1.31  │ 523.61  │ 400.00   │ u_array.a_h[62\]  │ fanout739/A    │ met3  │
│ 1.27  │ 509.80  │ 400.00   │ net545            │ fanout529/A    │ met1  │
│ 1.27  │ 509.51  │ 400.00   │ net243            │ _12531_/S      │ met1  │
│ 1.24  │ 495.22  │ 400.00   │ _03622_           │ _09209_/B1     │ met3  │
│ 1.15  │ 459.27  │ 400.00   │ net61             │ _15827_/A0     │ met1  │
│ 1.15  │ 459.27  │ 400.00   │ net61             │ _16744_/A1     │ met1  │
│ 1.12  │ 447.37  │ 400.00   │ _03952_           │ fanout221/A    │ met3  │
│ 1.12  │ 447.37  │ 400.00   │ _03952_           │ fanout222/A    │ met3  │
│ 1.12  │ 447.37  │ 400.00   │ _03952_           │ fanout223/A    │ met3  │
│ 1.11  │ 443.09  │ 400.00   │ net39             │ _10602_/A0     │ met1  │
│ 1.10  │ 441.06  │ 400.00   │ net317            │ _09211_/B      │ met1  │
│ 1.10  │ 441.06  │ 400.00   │ net317            │ _09213_/C      │ met1  │
│ 1.07  │ 428.90  │ 400.00   │ clk               │ clkbuf_0_clk/A │ met4  │
│ 1.02  │ 409.47  │ 400.00   │ net226            │ _18057_/S      │ met1  │
│ 1.02  │ 406.01  │ 400.00   │ _03619_           │ _09207_/A2     │ met3  │
└───────┴─────────┴──────────┴───────────────────┴────────────────┴───────┘
