Net: net295
  Pin:   _09810_/S (sky130_fd_sc_hd__mux2_1)
    Layer: mcon
      Partial area ratio:    0.11
      Required ratio:    3.00 (Gate area) 
      Cumulative area ratio:    0.11
      Required ratio:    0.00 (Cumulative area) 

    Layer: met1
      Partial area ratio:  175.60
      Required ratio:    0.00 (Gate area) 
      Cumulative area ratio:  175.60
      Required ratio:    0.00 (Cumulative area) 
      Partial area ratio:  876.84
      Required ratio:  400.00 (Side area) (VIOLATED)
      Cumulative area ratio:  876.84
      Required ratio:    0.00 (Cumulative side area) 

    Layer: via
      Partial area ratio:    0.27
      Required ratio:    6.00 (Gate area) 
      Cumulative area ratio:    0.38
      Required ratio:    0.00 (Cumulative area) 

    Layer: met2
      Partial area ratio:   25.49
      Required ratio:    0.00 (Gate area) 
      Cumulative area ratio:  201.09
      Required ratio:    0.00 (Cumulative area) 
      Partial area ratio:  126.99
      Required ratio: 3308.48 (Side area) 
      Cumulative area ratio: 1003.83
      Required ratio:    0.00 (Cumulative side area) 

    Layer: via2
      Partial area ratio:    0.03
      Required ratio:   69.76 (Gate area) 
      Cumulative area ratio:    0.41
      Required ratio:    0.00 (Cumulative area) 

    Layer: met3
      Partial area ratio:    0.08
      Required ratio:    0.00 (Gate area) 
      Cumulative area ratio:  201.17
      Required ratio:    0.00 (Cumulative area) 
      Partial area ratio:    0.73
      Required ratio: 3308.48 (Side area) 
      Cumulative area ratio: 1004.56
      Required ratio:    0.00 (Cumulative side area) 

    Layer: via3
      Partial area ratio:    0.03
      Required ratio:   69.76 (Gate area) 
      Cumulative area ratio:    0.43
      Required ratio:    0.00 (Cumulative area) 

    Layer: met4
      Partial area ratio:   16.22
      Required ratio:    0.00 (Gate area) 
      Cumulative area ratio:  217.39
      Required ratio:    0.00 (Cumulative area) 
      Partial area ratio:   86.76
      Required ratio: 3308.48 (Side area) 
      Cumulative area ratio: 1091.32
      Required ratio:    0.00 (Cumulative side area) 


  Pin:   fanout279/A (sky130_fd_sc_hd__buf_4)
    Layer: mcon
      Partial area ratio:    0.12
      Required ratio:    3.00 (Gate area) 
      Cumulative area ratio:    0.12
      Required ratio:    0.00 (Cumulative area) 

    Layer: met1
      Partial area ratio:   13.14
      Required ratio:    0.00 (Gate area) 
      Cumulative area ratio:   13.14
      Required ratio:    0.00 (Cumulative area) 
      Partial area ratio:   64.51
      Required ratio:  400.00 (Side area) 
      Cumulative area ratio:   64.51
      Required ratio:    0.00 (Cumulative side area) 

    Layer: via
      Partial area ratio:    0.27
      Required ratio:    6.00 (Gate area) 
      Cumulative area ratio:    0.39
      Required ratio:    0.00 (Cumulative area) 

    Layer: met2
      Partial area ratio:    2.74
      Required ratio:    0.00 (Gate area) 
      Cumulative area ratio:   15.88
      Required ratio:    0.00 (Cumulative area) 
      Partial area ratio:   13.31
      Required ratio:  400.00 (Side area) 
      Cumulative area ratio:   77.82
      Required ratio:    0.00 (Cumulative side area) 

    Layer: via2
      Partial area ratio:    0.08
      Required ratio:    6.00 (Gate area) 
      Cumulative area ratio:    0.47
      Required ratio:    0.00 (Cumulative area) 

    Layer: met3
      Partial area ratio:    0.25
      Required ratio:    0.00 (Gate area) 
      Cumulative area ratio:   16.13
      Required ratio:    0.00 (Cumulative area) 
      Partial area ratio:    2.29
      Required ratio:  400.00 (Side area) 
      Cumulative area ratio:   80.12
      Required ratio:    0.00 (Cumulative side area) 

    Layer: via3
      Partial area ratio:    0.08
      Required ratio:    6.00 (Gate area) 
      Cumulative area ratio:    0.55
      Required ratio:    0.00 (Cumulative area) 

    Layer: met4
      Partial area ratio:   16.22
      Required ratio:    0.00 (Gate area) 
      Cumulative area ratio:   32.36
      Required ratio:    0.00 (Cumulative area) 
      Partial area ratio:   86.76
      Required ratio: 3308.48 (Side area) 
      Cumulative area ratio:  166.87
      Required ratio:    0.00 (Cumulative side area) 


  Pin:   fanout281/A (sky130_fd_sc_hd__buf_4)
    Layer: mcon
      Partial area ratio:    0.12
      Required ratio:    3.00 (Gate area) 
      Cumulative area ratio:    0.12
      Required ratio:    0.00 (Cumulative area) 

    Layer: met1
      Partial area ratio:    3.91
      Required ratio:    0.00 (Gate area) 
      Cumulative area ratio:    3.91
      Required ratio:    0.00 (Cumulative area) 
      Partial area ratio:   18.81
      Required ratio:  400.00 (Side area) 
      Cumulative area ratio:   18.81
      Required ratio:    0.00 (Cumulative side area) 

    Layer: via
      Partial area ratio:    0.18
      Required ratio:    6.00 (Gate area) 
      Cumulative area ratio:    0.30
      Required ratio:    0.00 (Cumulative area) 

    Layer: met2
      Partial area ratio:    2.74
      Required ratio:    0.00 (Gate area) 
      Cumulative area ratio:    6.65
      Required ratio:    0.00 (Cumulative area) 
      Partial area ratio:   13.31
      Required ratio:  400.00 (Side area) 
      Cumulative area ratio:   32.12
      Required ratio:    0.00 (Cumulative side area) 

    Layer: via2
      Partial area ratio:    0.08
      Required ratio:    6.00 (Gate area) 
      Cumulative area ratio:    0.38
      Required ratio:    0.00 (Cumulative area) 

    Layer: met3
      Partial area ratio:    0.25
      Required ratio:    0.00 (Gate area) 
      Cumulative area ratio:    6.91
      Required ratio:    0.00 (Cumulative area) 
      Partial area ratio:    2.29
      Required ratio:  400.00 (Side area) 
      Cumulative area ratio:   34.41
      Required ratio:    0.00 (Cumulative side area) 

    Layer: via3
      Partial area ratio:    0.08
      Required ratio:    6.00 (Gate area) 
      Cumulative area ratio:    0.46
      Required ratio:    0.00 (Cumulative area) 

    Layer: met4
      Partial area ratio:   16.22
      Required ratio:    0.00 (Gate area) 
      Cumulative area ratio:   23.13
      Required ratio:    0.00 (Cumulative area) 
      Partial area ratio:   86.76
      Required ratio: 3308.48 (Side area) 
      Cumulative area ratio:  121.17
      Required ratio:    0.00 (Cumulative side area) 


  Pin:   fanout285/A (sky130_fd_sc_hd__buf_6)
    Layer: mcon
      Partial area ratio:    0.06
      Required ratio:    3.00 (Gate area) 
      Cumulative area ratio:    0.06
      Required ratio:    0.00 (Cumulative area) 

    Layer: met1
      Partial area ratio:    4.42
      Required ratio:    0.00 (Gate area) 
      Cumulative area ratio:    4.42
      Required ratio:    0.00 (Cumulative area) 
      Partial area ratio:   21.55
      Required ratio:  400.00 (Side area) 
      Cumulative area ratio:   21.55
      Required ratio:    0.00 (Cumulative side area) 

    Layer: via
      Partial area ratio:    0.10
      Required ratio:    6.00 (Gate area) 
      Cumulative area ratio:    0.16
      Required ratio:    0.00 (Cumulative area) 

    Layer: met2
      Partial area ratio:   25.49
      Required ratio:    0.00 (Gate area) 
      Cumulative area ratio:   29.91
      Required ratio:    0.00 (Cumulative area) 
      Partial area ratio:  126.99
      Required ratio: 3308.48 (Side area) 
      Cumulative area ratio:  148.54
      Required ratio:    0.00 (Cumulative side area) 

    Layer: via2
      Partial area ratio:    0.03
      Required ratio:   69.76 (Gate area) 
      Cumulative area ratio:    0.19
      Required ratio:    0.00 (Cumulative area) 

    Layer: met3
      Partial area ratio:    0.08
      Required ratio:    0.00 (Gate area) 
      Cumulative area ratio:   29.99
      Required ratio:    0.00 (Cumulative area) 
      Partial area ratio:    0.73
      Required ratio: 3308.48 (Side area) 
      Cumulative area ratio:  149.27
      Required ratio:    0.00 (Cumulative side area) 

    Layer: via3
      Partial area ratio:    0.03
      Required ratio:   69.76 (Gate area) 
      Cumulative area ratio:    0.21
      Required ratio:    0.00 (Cumulative area) 

    Layer: met4
      Partial area ratio:   16.22
      Required ratio:    0.00 (Gate area) 
      Cumulative area ratio:   46.21
      Required ratio:    0.00 (Cumulative area) 
      Partial area ratio:   86.76
      Required ratio: 3308.48 (Side area) 
      Cumulative area ratio:  236.03
      Required ratio:    0.00 (Cumulative side area) 


  Pin:   fanout289/A (sky130_fd_sc_hd__clkbuf_4)
    Layer: mcon
      Partial area ratio:    0.14
      Required ratio:    3.00 (Gate area) 
      Cumulative area ratio:    0.14
      Required ratio:    0.00 (Cumulative area) 

    Layer: met1
      Partial area ratio:    2.37
      Required ratio:    0.00 (Gate area) 
      Cumulative area ratio:    2.37
      Required ratio:    0.00 (Cumulative area) 
      Partial area ratio:   10.96
      Required ratio:  400.00 (Side area) 
      Cumulative area ratio:   10.96
      Required ratio:    0.00 (Cumulative side area) 

    Layer: via
      Partial area ratio:    0.21
      Required ratio:    6.00 (Gate area) 
      Cumulative area ratio:    0.35
      Required ratio:    0.00 (Cumulative area) 

    Layer: met2
      Partial area ratio:   25.49
      Required ratio:    0.00 (Gate area) 
      Cumulative area ratio:   27.85
      Required ratio:    0.00 (Cumulative area) 
      Partial area ratio:  126.99
      Required ratio: 3308.48 (Side area) 
      Cumulative area ratio:  137.95
      Required ratio:    0.00 (Cumulative side area) 

    Layer: via2
      Partial area ratio:    0.03
      Required ratio:   69.76 (Gate area) 
      Cumulative area ratio:    0.37
      Required ratio:    0.00 (Cumulative area) 

    Layer: met3
      Partial area ratio:    0.08
      Required ratio:    0.00 (Gate area) 
      Cumulative area ratio:   27.93
      Required ratio:    0.00 (Cumulative area) 
      Partial area ratio:    0.73
      Required ratio: 3308.48 (Side area) 
      Cumulative area ratio:  138.68
      Required ratio:    0.00 (Cumulative side area) 

    Layer: via3
      Partial area ratio:    0.03
      Required ratio:   69.76 (Gate area) 
      Cumulative area ratio:    0.40
      Required ratio:    0.00 (Cumulative area) 

    Layer: met4
      Partial area ratio:   16.22
      Required ratio:    0.00 (Gate area) 
      Cumulative area ratio:   44.16
      Required ratio:    0.00 (Cumulative area) 
      Partial area ratio:   86.76
      Required ratio: 3308.48 (Side area) 
      Cumulative area ratio:  225.44
      Required ratio:    0.00 (Cumulative side area) 


  Pin:   fanout294/A (sky130_fd_sc_hd__buf_2)
    Layer: mcon
      Partial area ratio:    0.18
      Required ratio:    3.00 (Gate area) 
      Cumulative area ratio:    0.18
      Required ratio:    0.00 (Cumulative area) 

    Layer: met1
      Partial area ratio:    4.42
      Required ratio:    0.00 (Gate area) 
      Cumulative area ratio:    4.42
      Required ratio:    0.00 (Cumulative area) 
      Partial area ratio:   21.55
      Required ratio:  400.00 (Side area) 
      Cumulative area ratio:   21.55
      Required ratio:    0.00 (Cumulative side area) 

    Layer: via
      Partial area ratio:    0.10
      Required ratio:    6.00 (Gate area) 
      Cumulative area ratio:    0.28
      Required ratio:    0.00 (Cumulative area) 

    Layer: met2
      Partial area ratio:   25.49
      Required ratio:    0.00 (Gate area) 
      Cumulative area ratio:   29.91
      Required ratio:    0.00 (Cumulative area) 
      Partial area ratio:  126.99
      Required ratio: 3308.48 (Side area) 
      Cumulative area ratio:  148.54
      Required ratio:    0.00 (Cumulative side area) 

    Layer: via2
      Partial area ratio:    0.03
      Required ratio:   69.76 (Gate area) 
      Cumulative area ratio:    0.31
      Required ratio:    0.00 (Cumulative area) 

    Layer: met3
      Partial area ratio:    0.08
      Required ratio:    0.00 (Gate area) 
      Cumulative area ratio:   29.99
      Required ratio:    0.00 (Cumulative area) 
      Partial area ratio:    0.73
      Required ratio: 3308.48 (Side area) 
      Cumulative area ratio:  149.27
      Required ratio:    0.00 (Cumulative side area) 

    Layer: via3
      Partial area ratio:    0.03
      Required ratio:   69.76 (Gate area) 
      Cumulative area ratio:    0.34
      Required ratio:    0.00 (Cumulative area) 

    Layer: met4
      Partial area ratio:   16.22
      Required ratio:    0.00 (Gate area) 
      Cumulative area ratio:   46.21
      Required ratio:    0.00 (Cumulative area) 
      Partial area ratio:   86.76
      Required ratio: 3308.48 (Side area) 
      Cumulative area ratio:  236.03
      Required ratio:    0.00 (Cumulative side area) 


  Pin:   ANTENNA_44/DIODE (sky130_fd_sc_hd__diode_2)
    Layer: mcon
      Partial area ratio:    0.07
      Required ratio:   10.82 (Gate area) 
      Cumulative area ratio:    0.07
      Required ratio:    0.00 (Cumulative area) 

    Layer: met1
      Partial area ratio:    2.17
      Required ratio:    0.00 (Gate area) 
      Cumulative area ratio:    2.17
      Required ratio:    0.00 (Cumulative area) 
      Partial area ratio:   10.43
      Required ratio: 2773.88 (Side area) 
      Cumulative area ratio:   10.43
      Required ratio:    0.00 (Cumulative side area) 

    Layer: via
      Partial area ratio:    0.10
      Required ratio:   21.65 (Gate area) 
      Cumulative area ratio:    0.17
      Required ratio:    0.00 (Cumulative area) 

    Layer: met2
      Partial area ratio:   25.49
      Required ratio:    0.00 (Gate area) 
      Cumulative area ratio:   27.66
      Required ratio:    0.00 (Cumulative area) 
      Partial area ratio:  126.99
      Required ratio: 3308.48 (Side area) 
      Cumulative area ratio:  137.42
      Required ratio:    0.00 (Cumulative side area) 

    Layer: via2
      Partial area ratio:    0.03
      Required ratio:   69.76 (Gate area) 
      Cumulative area ratio:    0.20
      Required ratio:    0.00 (Cumulative area) 

    Layer: met3
      Partial area ratio:    0.08
      Required ratio:    0.00 (Gate area) 
      Cumulative area ratio:   27.74
      Required ratio:    0.00 (Cumulative area) 
      Partial area ratio:    0.73
      Required ratio: 3308.48 (Side area) 
      Cumulative area ratio:  138.15
      Required ratio:    0.00 (Cumulative side area) 

    Layer: via3
      Partial area ratio:    0.03
      Required ratio:   69.76 (Gate area) 
      Cumulative area ratio:    0.22
      Required ratio:    0.00 (Cumulative area) 

    Layer: met4
      Partial area ratio:   16.22
      Required ratio:    0.00 (Gate area) 
      Cumulative area ratio:   43.96
      Required ratio:    0.00 (Cumulative area) 
      Partial area ratio:   86.76
      Required ratio: 3308.48 (Side area) 
      Cumulative area ratio:  224.91
      Required ratio:    0.00 (Cumulative side area) 



[INFO ANT-0002] Found 1 net violations.
[INFO ANT-0001] Found 1 pin violations.
