Copyright 1986-2021 Xilinx, Inc. All Rights Reserved.
----------------------------------------------------------------------------------------------------------------------------------------------
| Tool Version : Vivado v.2021.1 (win64) Build 3247384 Thu Jun 10 19:36:33 MDT 2021
| Date         : Thu Oct  1 19:48:27 2026
| Host         : Vineet running 64-bit major release  (build 9200)
| Command      : report_timing -file E:/hw-projects/systolic-array/syn/reports/vivado_4x4_xc7a100tcsg324-1_lut/critical_path.rpt -max_paths 1
| Design       : sa_core
| Device       : 7a100t-csg324
| Speed File   : -1  PRODUCTION 1.23 2018-06-13
----------------------------------------------------------------------------------------------------------------------------------------------

Timing Report

Slack (VIOLATED) :        -2.688ns  (required time - arrival time)
  Source:                 g_skew[3].g_delay.b_q_reg[2]/C
                            (rising edge-triggered cell FDRE clocked by clk  {rise@0.000ns fall@2.000ns period=4.000ns})
  Destination:            u_array/g_row[0].g_col[3].u_pe/prod_q_reg[13]/D
                            (rising edge-triggered cell FDRE clocked by clk  {rise@0.000ns fall@2.000ns period=4.000ns})
  Path Group:             clk
  Path Type:              Setup (Max at Slow Process Corner)
  Requirement:            4.000ns  (clk rise@4.000ns - clk rise@0.000ns)
  Data Path Delay:        6.666ns  (logic 2.899ns (43.491%)  route 3.767ns (56.509%))
  Logic Levels:           8  (CARRY4=4 LUT3=2 LUT4=1 LUT6=1)
  Clock Path Skew:        -0.049ns (DCD - SCD + CPR)
    Destination Clock Delay (DCD):    0.924ns = ( 4.924 - 4.000 ) 
    Source Clock Delay      (SCD):    0.973ns
    Clock Pessimism Removal (CPR):    0.000ns
  Clock Uncertainty:      0.035ns  ((TSJ^2 + TIJ^2)^1/2 + DJ) / 2 + PE
    Total System Jitter     (TSJ):    0.071ns
    Total Input Jitter      (TIJ):    0.000ns
    Discrete Jitter          (DJ):    0.000ns
    Phase Error              (PE):    0.000ns

    Location             Delay type                Incr(ns)  Path(ns)    Netlist Resource(s)
  -------------------------------------------------------------------    -------------------
                         (clock clk rise edge)        0.000     0.000 r  
                                                      0.000     0.000 r  clk (IN)
                         net (fo=1248, unset)         0.973     0.973    clk
    SLICE_X10Y141        FDRE                                         r  g_skew[3].g_delay.b_q_reg[2]/C
  -------------------------------------------------------------------    -------------------
    SLICE_X10Y141        FDRE (Prop_fdre_C_Q)         0.518     1.491 r  g_skew[3].g_delay.b_q_reg[2]/Q
                         net (fo=169, routed)         1.124     2.615    u_array/g_row[0].g_col[3].u_pe/g_skew[3].g_delay.b_q[0]
    SLICE_X13Y147        LUT3 (Prop_lut3_I1_O)        0.124     2.739 r  u_array/g_row[0].g_col[3].u_pe/mult__30_carry_i_8__6/O
                         net (fo=8, routed)           0.647     3.386    u_array/g_row[0].g_col[3].u_pe/w1_q_reg[3]_0
    SLICE_X14Y146        LUT6 (Prop_lut6_I0_O)        0.124     3.510 r  u_array/g_row[0].g_col[3].u_pe/mult__30_carry_i_1__6/O
                         net (fo=1, routed)           0.608     4.119    u_array/g_row[0].g_col[3].u_pe/mult__30_carry_i_1__6_n_0
    SLICE_X12Y146        CARRY4 (Prop_carry4_DI[3]_CO[3])
                                                      0.396     4.515 r  u_array/g_row[0].g_col[3].u_pe/mult__30_carry/CO[3]
                         net (fo=1, routed)           0.000     4.515    u_array/g_row[0].g_col[3].u_pe/mult__30_carry_n_0
    SLICE_X12Y147        CARRY4 (Prop_carry4_CI_O[0])
                                                      0.219     4.734 r  u_array/g_row[0].g_col[3].u_pe/mult__30_carry__0/O[0]
                         net (fo=2, routed)           0.742     5.475    u_array/g_row[0].g_col[3].u_pe/mult__30_carry__0_n_7
    SLICE_X11Y146        LUT3 (Prop_lut3_I2_O)        0.320     5.795 r  u_array/g_row[0].g_col[3].u_pe/mult__85_carry__0_i_4__6/O
                         net (fo=2, routed)           0.645     6.441    u_array/g_row[0].g_col[3].u_pe/mult__85_carry__0_i_4__6_n_0
    SLICE_X11Y147        LUT4 (Prop_lut4_I3_O)        0.332     6.773 r  u_array/g_row[0].g_col[3].u_pe/mult__85_carry__0_i_8__6/O
                         net (fo=1, routed)           0.000     6.773    u_array/g_row[0].g_col[3].u_pe/mult__85_carry__0_i_8__6_n_0
    SLICE_X11Y147        CARRY4 (Prop_carry4_S[0]_CO[3])
                                                      0.532     7.305 r  u_array/g_row[0].g_col[3].u_pe/mult__85_carry__0/CO[3]
                         net (fo=1, routed)           0.000     7.305    u_array/g_row[0].g_col[3].u_pe/mult__85_carry__0_n_0
    SLICE_X11Y148        CARRY4 (Prop_carry4_CI_O[1])
                                                      0.334     7.639 r  u_array/g_row[0].g_col[3].u_pe/mult__85_carry__1/O[1]
                         net (fo=1, routed)           0.000     7.639    u_array/g_row[0].g_col[3].u_pe/mult__85_carry__1_n_6
    SLICE_X11Y148        FDRE                                         r  u_array/g_row[0].g_col[3].u_pe/prod_q_reg[13]/D
  -------------------------------------------------------------------    -------------------

                         (clock clk rise edge)        4.000     4.000 r  
                                                      0.000     4.000 r  clk (IN)
                         net (fo=1248, unset)         0.924     4.924    u_array/g_row[0].g_col[3].u_pe/clk
    SLICE_X11Y148        FDRE                                         r  u_array/g_row[0].g_col[3].u_pe/prod_q_reg[13]/C
                         clock pessimism              0.000     4.924    
                         clock uncertainty           -0.035     4.889    
    SLICE_X11Y148        FDRE (Setup_fdre_C_D)        0.062     4.951    u_array/g_row[0].g_col[3].u_pe/prod_q_reg[13]
  -------------------------------------------------------------------
                         required time                          4.951    
                         arrival time                          -7.639    
  -------------------------------------------------------------------
                         slack                                 -2.688    




