Copyright 1986-2021 Xilinx, Inc. All Rights Reserved.
-----------------------------------------------------------------------------------------------------------------------------------------------
| Tool Version : Vivado v.2021.1 (win64) Build 3247384 Thu Jun 10 19:36:33 MDT 2021
| Date         : Thu Oct  1 19:48:27 2026
| Host         : Vineet running 64-bit major release  (build 9200)
| Command      : report_timing_summary -file E:/hw-projects/systolic-array/syn/reports/vivado_4x4_xc7a100tcsg324-1_lut/timing.rpt -max_paths 5
| Design       : sa_core
| Device       : 7a100t-csg324
| Speed File   : -1  PRODUCTION 1.23 2018-06-13
-----------------------------------------------------------------------------------------------------------------------------------------------

Timing Summary Report

------------------------------------------------------------------------------------------------
| Timer Settings
| --------------
------------------------------------------------------------------------------------------------

  Enable Multi Corner Analysis               :  Yes
  Enable Pessimism Removal                   :  Yes
  Pessimism Removal Resolution               :  Nearest Common Node
  Enable Input Delay Default Clock           :  No
  Enable Preset / Clear Arcs                 :  No
  Disable Flight Delays                      :  No
  Ignore I/O Paths                           :  No
  Timing Early Launch at Borrowing Latches   :  No
  Borrow Time for Max Delay Exceptions       :  Yes
  Merge Timing Exceptions                    :  Yes

  Corner  Analyze    Analyze    
  Name    Max Paths  Min Paths  
  ------  ---------  ---------  
  Slow    Yes        Yes        
  Fast    Yes        Yes        


------------------------------------------------------------------------------------------------
| Report Methodology
| ------------------
------------------------------------------------------------------------------------------------

No report available as report_methodology has not been run prior. Run report_methodology on the current design for the summary of methodology violations.



check_timing report

Table of Contents
-----------------
1. checking no_clock (0)
2. checking constant_clock (0)
3. checking pulse_width_clock (0)
4. checking unconstrained_internal_endpoints (0)
5. checking no_input_delay (72)
6. checking no_output_delay (135)
7. checking multiple_clock (0)
8. checking generated_clocks (0)
9. checking loops (0)
10. checking partial_input_delay (0)
11. checking partial_output_delay (0)
12. checking latch_loops (0)

1. checking no_clock (0)
------------------------
 There are 0 register/latch pins with no clock.


2. checking constant_clock (0)
------------------------------
 There are 0 register/latch pins with constant_clock.


3. checking pulse_width_clock (0)
---------------------------------
 There are 0 register/latch pins which need pulse_width check


4. checking unconstrained_internal_endpoints (0)
------------------------------------------------
 There are 0 pins that are not constrained for maximum delay.

 There are 0 pins that are not constrained for maximum delay due to constant clock.


5. checking no_input_delay (72)
-------------------------------
 There are 72 input ports with no input delay specified. (HIGH)

 There are 0 input ports with no input delay but user has a false path constraint.


6. checking no_output_delay (135)
---------------------------------
 There are 135 ports with no output delay specified. (HIGH)

 There are 0 ports with no output delay but user has a false path constraint

 There are 0 ports with no output delay but with a timing clock defined on it or propagating through it


7. checking multiple_clock (0)
------------------------------
 There are 0 register/latch pins with multiple clocks.


8. checking generated_clocks (0)
--------------------------------
 There are 0 generated clocks that are not connected to a clock source.


9. checking loops (0)
---------------------
 There are 0 combinational loops in the design.


10. checking partial_input_delay (0)
------------------------------------
 There are 0 input ports with partial input delay specified.


11. checking partial_output_delay (0)
-------------------------------------
 There are 0 ports with partial output delay specified.


12. checking latch_loops (0)
----------------------------
 There are 0 combinational latch loops in the design through latch input



------------------------------------------------------------------------------------------------
| Design Timing Summary
| ---------------------
------------------------------------------------------------------------------------------------

    WNS(ns)      TNS(ns)  TNS Failing Endpoints  TNS Total Endpoints      WHS(ns)      THS(ns)  THS Failing Endpoints  THS Total Endpoints     WPWS(ns)     TPWS(ns)  TPWS Failing Endpoints  TPWS Total Endpoints  
    -------      -------  ---------------------  -------------------      -------      -------  ---------------------  -------------------     --------     --------  ----------------------  --------------------  
     -2.688     -906.013                   1089                 2426        0.110        0.000                      0                 2426        1.020        0.000                       0                  1249  


Timing constraints are not met.


------------------------------------------------------------------------------------------------
| Clock Summary
| -------------
------------------------------------------------------------------------------------------------

Clock  Waveform(ns)         Period(ns)      Frequency(MHz)
-----  ------------         ----------      --------------
clk    {0.000 2.000}        4.000           250.000         


------------------------------------------------------------------------------------------------
| Intra Clock Table
| -----------------
------------------------------------------------------------------------------------------------

Clock             WNS(ns)      TNS(ns)  TNS Failing Endpoints  TNS Total Endpoints      WHS(ns)      THS(ns)  THS Failing Endpoints  THS Total Endpoints     WPWS(ns)     TPWS(ns)  TPWS Failing Endpoints  TPWS Total Endpoints  
-----             -------      -------  ---------------------  -------------------      -------      -------  ---------------------  -------------------     --------     --------  ----------------------  --------------------  
clk                -2.688     -906.013                   1089                 2426        0.110        0.000                      0                 2426        1.020        0.000                       0                  1249  


------------------------------------------------------------------------------------------------
| Inter Clock Table
| -----------------
------------------------------------------------------------------------------------------------

From Clock    To Clock          WNS(ns)      TNS(ns)  TNS Failing Endpoints  TNS Total Endpoints      WHS(ns)      THS(ns)  THS Failing Endpoints  THS Total Endpoints  
----------    --------          -------      -------  ---------------------  -------------------      -------      -------  ---------------------  -------------------  


------------------------------------------------------------------------------------------------
| Other Path Groups Table
| -----------------------
------------------------------------------------------------------------------------------------

Path Group    From Clock    To Clock          WNS(ns)      TNS(ns)  TNS Failing Endpoints  TNS Total Endpoints      WHS(ns)      THS(ns)  THS Failing Endpoints  THS Total Endpoints  
----------    ----------    --------          -------      -------  ---------------------  -------------------      -------      -------  ---------------------  -------------------  


------------------------------------------------------------------------------------------------
| Timing Details
| --------------
------------------------------------------------------------------------------------------------


---------------------------------------------------------------------------------------------------
From Clock:  clk
  To Clock:  clk

Setup :         1089  Failing Endpoints,  Worst Slack       -2.688ns,  Total Violation     -906.013ns
Hold  :            0  Failing Endpoints,  Worst Slack        0.110ns,  Total Violation        0.000ns
PW    :            0  Failing Endpoints,  Worst Slack        1.020ns,  Total Violation        0.000ns
---------------------------------------------------------------------------------------------------


Max Delay Paths
--------------------------------------------------------------------------------------
Slack (VIOLATED) :        -2.688ns  (required time - arrival time)
  Source:                 g_skew[3].g_delay.b_q_reg[2]/C
                            (rising edge-triggered cell FDRE clocked by clk  {rise@0.000ns fall@2.000ns period=4.000ns})
  Destination:            u_array/g_row[0].g_col[3].u_pe/prod_q_reg[13]/D
                            (rising edge-triggered cell FDRE clocked by clk  {rise@0.000ns fall@2.000ns period=4.000ns})
  Path Group:             clk
  Path Type:              Setup (Max at Slow Process Corner)
  Requirement:            4.000ns  (clk rise@4.000ns - clk rise@0.000ns)
  Data Path Delay:        6.666ns  (logic 2.899ns (43.491%)  route 3.767ns (56.509%))
  Logic Levels:           8  (CARRY4=4 LUT3=2 LUT4=1 LUT6=1)
  Clock Path Skew:        -0.049ns (DCD - SCD + CPR)
    Destination Clock Delay (DCD):    0.924ns = ( 4.924 - 4.000 ) 
    Source Clock Delay      (SCD):    0.973ns
    Clock Pessimism Removal (CPR):    0.000ns
  Clock Uncertainty:      0.035ns  ((TSJ^2 + TIJ^2)^1/2 + DJ) / 2 + PE
    Total System Jitter     (TSJ):    0.071ns
    Total Input Jitter      (TIJ):    0.000ns
    Discrete Jitter          (DJ):    0.000ns
    Phase Error              (PE):    0.000ns

    Location             Delay type                Incr(ns)  Path(ns)    Netlist Resource(s)
  -------------------------------------------------------------------    -------------------
                         (clock clk rise edge)        0.000     0.000 r  
                                                      0.000     0.000 r  clk (IN)
                         net (fo=1248, unset)         0.973     0.973    clk
    SLICE_X10Y141        FDRE                                         r  g_skew[3].g_delay.b_q_reg[2]/C
  -------------------------------------------------------------------    -------------------
    SLICE_X10Y141        FDRE (Prop_fdre_C_Q)         0.518     1.491 r  g_skew[3].g_delay.b_q_reg[2]/Q
                         net (fo=169, routed)         1.124     2.615    u_array/g_row[0].g_col[3].u_pe/g_skew[3].g_delay.b_q[0]
    SLICE_X13Y147        LUT3 (Prop_lut3_I1_O)        0.124     2.739 r  u_array/g_row[0].g_col[3].u_pe/mult__30_carry_i_8__6/O
                         net (fo=8, routed)           0.647     3.386    u_array/g_row[0].g_col[3].u_pe/w1_q_reg[3]_0
    SLICE_X14Y146        LUT6 (Prop_lut6_I0_O)        0.124     3.510 r  u_array/g_row[0].g_col[3].u_pe/mult__30_carry_i_1__6/O
                         net (fo=1, routed)           0.608     4.119    u_array/g_row[0].g_col[3].u_pe/mult__30_carry_i_1__6_n_0
    SLICE_X12Y146        CARRY4 (Prop_carry4_DI[3]_CO[3])
                                                      0.396     4.515 r  u_array/g_row[0].g_col[3].u_pe/mult__30_carry/CO[3]
                         net (fo=1, routed)           0.000     4.515    u_array/g_row[0].g_col[3].u_pe/mult__30_carry_n_0
    SLICE_X12Y147        CARRY4 (Prop_carry4_CI_O[0])
                                                      0.219     4.734 r  u_array/g_row[0].g_col[3].u_pe/mult__30_carry__0/O[0]
                         net (fo=2, routed)           0.742     5.475    u_array/g_row[0].g_col[3].u_pe/mult__30_carry__0_n_7
    SLICE_X11Y146        LUT3 (Prop_lut3_I2_O)        0.320     5.795 r  u_array/g_row[0].g_col[3].u_pe/mult__85_carry__0_i_4__6/O
                         net (fo=2, routed)           0.645     6.441    u_array/g_row[0].g_col[3].u_pe/mult__85_carry__0_i_4__6_n_0
    SLICE_X11Y147        LUT4 (Prop_lut4_I3_O)        0.332     6.773 r  u_array/g_row[0].g_col[3].u_pe/mult__85_carry__0_i_8__6/O
                         net (fo=1, routed)           0.000     6.773    u_array/g_row[0].g_col[3].u_pe/mult__85_carry__0_i_8__6_n_0
    SLICE_X11Y147        CARRY4 (Prop_carry4_S[0]_CO[3])
                                                      0.532     7.305 r  u_array/g_row[0].g_col[3].u_pe/mult__85_carry__0/CO[3]
                         net (fo=1, routed)           0.000     7.305    u_array/g_row[0].g_col[3].u_pe/mult__85_carry__0_n_0
    SLICE_X11Y148        CARRY4 (Prop_carry4_CI_O[1])
                                                      0.334     7.639 r  u_array/g_row[0].g_col[3].u_pe/mult__85_carry__1/O[1]
                         net (fo=1, routed)           0.000     7.639    u_array/g_row[0].g_col[3].u_pe/mult__85_carry__1_n_6
    SLICE_X11Y148        FDRE                                         r  u_array/g_row[0].g_col[3].u_pe/prod_q_reg[13]/D
  -------------------------------------------------------------------    -------------------

                         (clock clk rise edge)        4.000     4.000 r  
                                                      0.000     4.000 r  clk (IN)
                         net (fo=1248, unset)         0.924     4.924    u_array/g_row[0].g_col[3].u_pe/clk
    SLICE_X11Y148        FDRE                                         r  u_array/g_row[0].g_col[3].u_pe/prod_q_reg[13]/C
                         clock pessimism              0.000     4.924    
                         clock uncertainty           -0.035     4.889    
    SLICE_X11Y148        FDRE (Setup_fdre_C_D)        0.062     4.951    u_array/g_row[0].g_col[3].u_pe/prod_q_reg[13]
  -------------------------------------------------------------------
                         required time                          4.951    
                         arrival time                          -7.639    
  -------------------------------------------------------------------
                         slack                                 -2.688    

Slack (VIOLATED) :        -2.667ns  (required time - arrival time)
  Source:                 g_skew[3].g_delay.b_q_reg[2]/C
                            (rising edge-triggered cell FDRE clocked by clk  {rise@0.000ns fall@2.000ns period=4.000ns})
  Destination:            u_array/g_row[0].g_col[3].u_pe/prod_q_reg[15]/D
                            (rising edge-triggered cell FDRE clocked by clk  {rise@0.000ns fall@2.000ns period=4.000ns})
  Path Group:             clk
  Path Type:              Setup (Max at Slow Process Corner)
  Requirement:            4.000ns  (clk rise@4.000ns - clk rise@0.000ns)
  Data Path Delay:        6.645ns  (logic 2.878ns (43.312%)  route 3.767ns (56.688%))
  Logic Levels:           8  (CARRY4=4 LUT3=2 LUT4=1 LUT6=1)
  Clock Path Skew:        -0.049ns (DCD - SCD + CPR)
    Destination Clock Delay (DCD):    0.924ns = ( 4.924 - 4.000 ) 
    Source Clock Delay      (SCD):    0.973ns
    Clock Pessimism Removal (CPR):    0.000ns
  Clock Uncertainty:      0.035ns  ((TSJ^2 + TIJ^2)^1/2 + DJ) / 2 + PE
    Total System Jitter     (TSJ):    0.071ns
    Total Input Jitter      (TIJ):    0.000ns
    Discrete Jitter          (DJ):    0.000ns
    Phase Error              (PE):    0.000ns

    Location             Delay type                Incr(ns)  Path(ns)    Netlist Resource(s)
  -------------------------------------------------------------------    -------------------
                         (clock clk rise edge)        0.000     0.000 r  
                                                      0.000     0.000 r  clk (IN)
                         net (fo=1248, unset)         0.973     0.973    clk
    SLICE_X10Y141        FDRE                                         r  g_skew[3].g_delay.b_q_reg[2]/C
  -------------------------------------------------------------------    -------------------
    SLICE_X10Y141        FDRE (Prop_fdre_C_Q)         0.518     1.491 r  g_skew[3].g_delay.b_q_reg[2]/Q
                         net (fo=169, routed)         1.124     2.615    u_array/g_row[0].g_col[3].u_pe/g_skew[3].g_delay.b_q[0]
    SLICE_X13Y147        LUT3 (Prop_lut3_I1_O)        0.124     2.739 r  u_array/g_row[0].g_col[3].u_pe/mult__30_carry_i_8__6/O
                         net (fo=8, routed)           0.647     3.386    u_array/g_row[0].g_col[3].u_pe/w1_q_reg[3]_0
    SLICE_X14Y146        LUT6 (Prop_lut6_I0_O)        0.124     3.510 r  u_array/g_row[0].g_col[3].u_pe/mult__30_carry_i_1__6/O
                         net (fo=1, routed)           0.608     4.119    u_array/g_row[0].g_col[3].u_pe/mult__30_carry_i_1__6_n_0
    SLICE_X12Y146        CARRY4 (Prop_carry4_DI[3]_CO[3])
                                                      0.396     4.515 r  u_array/g_row[0].g_col[3].u_pe/mult__30_carry/CO[3]
                         net (fo=1, routed)           0.000     4.515    u_array/g_row[0].g_col[3].u_pe/mult__30_carry_n_0
    SLICE_X12Y147        CARRY4 (Prop_carry4_CI_O[0])
                                                      0.219     4.734 r  u_array/g_row[0].g_col[3].u_pe/mult__30_carry__0/O[0]
                         net (fo=2, routed)           0.742     5.475    u_array/g_row[0].g_col[3].u_pe/mult__30_carry__0_n_7
    SLICE_X11Y146        LUT3 (Prop_lut3_I2_O)        0.320     5.795 r  u_array/g_row[0].g_col[3].u_pe/mult__85_carry__0_i_4__6/O
                         net (fo=2, routed)           0.645     6.441    u_array/g_row[0].g_col[3].u_pe/mult__85_carry__0_i_4__6_n_0
    SLICE_X11Y147        LUT4 (Prop_lut4_I3_O)        0.332     6.773 r  u_array/g_row[0].g_col[3].u_pe/mult__85_carry__0_i_8__6/O
                         net (fo=1, routed)           0.000     6.773    u_array/g_row[0].g_col[3].u_pe/mult__85_carry__0_i_8__6_n_0
    SLICE_X11Y147        CARRY4 (Prop_carry4_S[0]_CO[3])
                                                      0.532     7.305 r  u_array/g_row[0].g_col[3].u_pe/mult__85_carry__0/CO[3]
                         net (fo=1, routed)           0.000     7.305    u_array/g_row[0].g_col[3].u_pe/mult__85_carry__0_n_0
    SLICE_X11Y148        CARRY4 (Prop_carry4_CI_O[3])
                                                      0.313     7.618 r  u_array/g_row[0].g_col[3].u_pe/mult__85_carry__1/O[3]
                         net (fo=1, routed)           0.000     7.618    u_array/g_row[0].g_col[3].u_pe/mult__85_carry__1_n_4
    SLICE_X11Y148        FDRE                                         r  u_array/g_row[0].g_col[3].u_pe/prod_q_reg[15]/D
  -------------------------------------------------------------------    -------------------

                         (clock clk rise edge)        4.000     4.000 r  
                                                      0.000     4.000 r  clk (IN)
                         net (fo=1248, unset)         0.924     4.924    u_array/g_row[0].g_col[3].u_pe/clk
    SLICE_X11Y148        FDRE                                         r  u_array/g_row[0].g_col[3].u_pe/prod_q_reg[15]/C
                         clock pessimism              0.000     4.924    
                         clock uncertainty           -0.035     4.889    
    SLICE_X11Y148        FDRE (Setup_fdre_C_D)        0.062     4.951    u_array/g_row[0].g_col[3].u_pe/prod_q_reg[15]
  -------------------------------------------------------------------
                         required time                          4.951    
                         arrival time                          -7.618    
  -------------------------------------------------------------------
                         slack                                 -2.667    

Slack (VIOLATED) :        -2.660ns  (required time - arrival time)
  Source:                 u_array/g_row[0].g_col[0].u_pe/w0_q_reg[2]/C
                            (rising edge-triggered cell FDRE clocked by clk  {rise@0.000ns fall@2.000ns period=4.000ns})
  Destination:            u_array/g_row[0].g_col[0].u_pe/prod_q_reg[13]/D
                            (rising edge-triggered cell FDRE clocked by clk  {rise@0.000ns fall@2.000ns period=4.000ns})
  Path Group:             clk
  Path Type:              Setup (Max at Slow Process Corner)
  Requirement:            4.000ns  (clk rise@4.000ns - clk rise@0.000ns)
  Data Path Delay:        6.638ns  (logic 2.733ns (41.172%)  route 3.905ns (58.828%))
  Logic Levels:           7  (CARRY4=3 LUT3=2 LUT4=1 LUT6=1)
  Clock Path Skew:        -0.049ns (DCD - SCD + CPR)
    Destination Clock Delay (DCD):    0.924ns = ( 4.924 - 4.000 ) 
    Source Clock Delay      (SCD):    0.973ns
    Clock Pessimism Removal (CPR):    0.000ns
  Clock Uncertainty:      0.035ns  ((TSJ^2 + TIJ^2)^1/2 + DJ) / 2 + PE
    Total System Jitter     (TSJ):    0.071ns
    Total Input Jitter      (TIJ):    0.000ns
    Discrete Jitter          (DJ):    0.000ns
    Phase Error              (PE):    0.000ns

    Location             Delay type                Incr(ns)  Path(ns)    Netlist Resource(s)
  -------------------------------------------------------------------    -------------------
                         (clock clk rise edge)        0.000     0.000 r  
                                                      0.000     0.000 r  clk (IN)
                         net (fo=1248, unset)         0.973     0.973    u_array/g_row[0].g_col[0].u_pe/clk
    SLICE_X2Y139         FDRE                                         r  u_array/g_row[0].g_col[0].u_pe/w0_q_reg[2]/C
  -------------------------------------------------------------------    -------------------
    SLICE_X2Y139         FDRE (Prop_fdre_C_Q)         0.518     1.491 r  u_array/g_row[0].g_col[0].u_pe/w0_q_reg[2]/Q
                         net (fo=1, routed)           0.624     2.115    u_array/g_row[0].g_col[0].u_pe/w0_q[2]
    SLICE_X0Y139         LUT3 (Prop_lut3_I2_O)        0.124     2.239 r  u_array/g_row[0].g_col[0].u_pe/mult__0_carry_i_9/O
                         net (fo=16, routed)          1.035     3.274    u_array/g_row[0].g_col[0].u_pe/B[2]
    SLICE_X2Y139         LUT6 (Prop_lut6_I3_O)        0.124     3.398 r  u_array/g_row[0].g_col[0].u_pe/mult__0_carry__0_i_2/O
                         net (fo=2, routed)           0.619     4.017    u_array/g_row[0].g_col[0].u_pe/mult__0_carry__0_i_2_n_0
    SLICE_X1Y139         CARRY4 (Prop_carry4_DI[2]_O[3])
                                                      0.438     4.455 r  u_array/g_row[0].g_col[0].u_pe/mult__0_carry__0/O[3]
                         net (fo=2, routed)           0.817     5.272    u_array/g_row[0].g_col[0].u_pe/mult__0_carry__0_n_4
    SLICE_X1Y141         LUT3 (Prop_lut3_I0_O)        0.331     5.603 r  u_array/g_row[0].g_col[0].u_pe/mult__85_carry__0_i_4/O
                         net (fo=2, routed)           0.810     6.413    u_array/g_row[0].g_col[0].u_pe/mult__85_carry__0_i_4_n_0
    SLICE_X1Y142         LUT4 (Prop_lut4_I3_O)        0.332     6.745 r  u_array/g_row[0].g_col[0].u_pe/mult__85_carry__0_i_8/O
                         net (fo=1, routed)           0.000     6.745    u_array/g_row[0].g_col[0].u_pe/mult__85_carry__0_i_8_n_0
    SLICE_X1Y142         CARRY4 (Prop_carry4_S[0]_CO[3])
                                                      0.532     7.277 r  u_array/g_row[0].g_col[0].u_pe/mult__85_carry__0/CO[3]
                         net (fo=1, routed)           0.000     7.277    u_array/g_row[0].g_col[0].u_pe/mult__85_carry__0_n_0
    SLICE_X1Y143         CARRY4 (Prop_carry4_CI_O[1])
                                                      0.334     7.611 r  u_array/g_row[0].g_col[0].u_pe/mult__85_carry__1/O[1]
                         net (fo=1, routed)           0.000     7.611    u_array/g_row[0].g_col[0].u_pe/mult[13]
    SLICE_X1Y143         FDRE                                         r  u_array/g_row[0].g_col[0].u_pe/prod_q_reg[13]/D
  -------------------------------------------------------------------    -------------------

                         (clock clk rise edge)        4.000     4.000 r  
                                                      0.000     4.000 r  clk (IN)
                         net (fo=1248, unset)         0.924     4.924    u_array/g_row[0].g_col[0].u_pe/clk
    SLICE_X1Y143         FDRE                                         r  u_array/g_row[0].g_col[0].u_pe/prod_q_reg[13]/C
                         clock pessimism              0.000     4.924    
                         clock uncertainty           -0.035     4.889    
    SLICE_X1Y143         FDRE (Setup_fdre_C_D)        0.062     4.951    u_array/g_row[0].g_col[0].u_pe/prod_q_reg[13]
  -------------------------------------------------------------------
                         required time                          4.951    
                         arrival time                          -7.611    
  -------------------------------------------------------------------
                         slack                                 -2.660    

Slack (VIOLATED) :        -2.650ns  (required time - arrival time)
  Source:                 g_skew[2].g_delay.b_q_reg[1]/C
                            (rising edge-triggered cell FDRE clocked by clk  {rise@0.000ns fall@2.000ns period=4.000ns})
  Destination:            u_array/g_row[1].g_col[1].u_pe/prod_q_reg[13]/D
                            (rising edge-triggered cell FDRE clocked by clk  {rise@0.000ns fall@2.000ns period=4.000ns})
  Path Group:             clk
  Path Type:              Setup (Max at Slow Process Corner)
  Requirement:            4.000ns  (clk rise@4.000ns - clk rise@0.000ns)
  Data Path Delay:        6.628ns  (logic 2.967ns (44.767%)  route 3.661ns (55.233%))
  Logic Levels:           8  (CARRY4=4 LUT3=2 LUT4=1 LUT6=1)
  Clock Path Skew:        -0.049ns (DCD - SCD + CPR)
    Destination Clock Delay (DCD):    0.924ns = ( 4.924 - 4.000 ) 
    Source Clock Delay      (SCD):    0.973ns
    Clock Pessimism Removal (CPR):    0.000ns
  Clock Uncertainty:      0.035ns  ((TSJ^2 + TIJ^2)^1/2 + DJ) / 2 + PE
    Total System Jitter     (TSJ):    0.071ns
    Total Input Jitter      (TIJ):    0.000ns
    Discrete Jitter          (DJ):    0.000ns
    Phase Error              (PE):    0.000ns

    Location             Delay type                Incr(ns)  Path(ns)    Netlist Resource(s)
  -------------------------------------------------------------------    -------------------
                         (clock clk rise edge)        0.000     0.000 r  
                                                      0.000     0.000 r  clk (IN)
                         net (fo=1248, unset)         0.973     0.973    clk
    SLICE_X9Y131         FDRE                                         r  g_skew[2].g_delay.b_q_reg[1]/C
  -------------------------------------------------------------------    -------------------
    SLICE_X9Y131         FDRE (Prop_fdre_C_Q)         0.456     1.429 r  g_skew[2].g_delay.b_q_reg[1]/Q
                         net (fo=127, routed)         1.079     2.508    u_array/g_row[1].g_col[1].u_pe/a_bank_i
    SLICE_X3Y135         LUT3 (Prop_lut3_I1_O)        0.124     2.632 r  u_array/g_row[1].g_col[1].u_pe/mult__30_carry_i_10__4/O
                         net (fo=14, routed)          0.782     3.414    u_array/g_row[1].g_col[1].u_pe/w1_q_reg[4]_0
    SLICE_X7Y131         LUT6 (Prop_lut6_I5_O)        0.124     3.538 r  u_array/g_row[1].g_col[1].u_pe/mult__30_carry_i_1__4/O
                         net (fo=1, routed)           0.331     3.869    u_array/g_row[1].g_col[1].u_pe/mult__30_carry_i_1__4_n_0
    SLICE_X6Y132         CARRY4 (Prop_carry4_DI[3]_CO[3])
                                                      0.396     4.265 r  u_array/g_row[1].g_col[1].u_pe/mult__30_carry/CO[3]
                         net (fo=1, routed)           0.000     4.265    u_array/g_row[1].g_col[1].u_pe/mult__30_carry_n_0
    SLICE_X6Y133         CARRY4 (Prop_carry4_CI_O[1])
                                                      0.323     4.588 r  u_array/g_row[1].g_col[1].u_pe/mult__30_carry__0/O[1]
                         net (fo=2, routed)           0.803     5.391    u_array/g_row[1].g_col[1].u_pe/mult__30_carry__0_n_6
    SLICE_X5Y133         LUT3 (Prop_lut3_I2_O)        0.334     5.725 r  u_array/g_row[1].g_col[1].u_pe/mult__85_carry__0_i_3__4/O
                         net (fo=2, routed)           0.666     6.391    u_array/g_row[1].g_col[1].u_pe/mult__85_carry__0_i_3__4_n_0
    SLICE_X5Y133         LUT4 (Prop_lut4_I3_O)        0.326     6.717 r  u_array/g_row[1].g_col[1].u_pe/mult__85_carry__0_i_7__4/O
                         net (fo=1, routed)           0.000     6.717    u_array/g_row[1].g_col[1].u_pe/mult__85_carry__0_i_7__4_n_0
    SLICE_X5Y133         CARRY4 (Prop_carry4_S[1]_CO[3])
                                                      0.550     7.267 r  u_array/g_row[1].g_col[1].u_pe/mult__85_carry__0/CO[3]
                         net (fo=1, routed)           0.000     7.267    u_array/g_row[1].g_col[1].u_pe/mult__85_carry__0_n_0
    SLICE_X5Y134         CARRY4 (Prop_carry4_CI_O[1])
                                                      0.334     7.601 r  u_array/g_row[1].g_col[1].u_pe/mult__85_carry__1/O[1]
                         net (fo=1, routed)           0.000     7.601    u_array/g_row[1].g_col[1].u_pe/mult__85_carry__1_n_6
    SLICE_X5Y134         FDRE                                         r  u_array/g_row[1].g_col[1].u_pe/prod_q_reg[13]/D
  -------------------------------------------------------------------    -------------------

                         (clock clk rise edge)        4.000     4.000 r  
                                                      0.000     4.000 r  clk (IN)
                         net (fo=1248, unset)         0.924     4.924    u_array/g_row[1].g_col[1].u_pe/clk
    SLICE_X5Y134         FDRE                                         r  u_array/g_row[1].g_col[1].u_pe/prod_q_reg[13]/C
                         clock pessimism              0.000     4.924    
                         clock uncertainty           -0.035     4.889    
    SLICE_X5Y134         FDRE (Setup_fdre_C_D)        0.062     4.951    u_array/g_row[1].g_col[1].u_pe/prod_q_reg[13]
  -------------------------------------------------------------------
                         required time                          4.951    
                         arrival time                          -7.601    
  -------------------------------------------------------------------
                         slack                                 -2.650    

Slack (VIOLATED) :        -2.641ns  (required time - arrival time)
  Source:                 g_skew[3].g_delay.b_q_reg[2]/C
                            (rising edge-triggered cell FDRE clocked by clk  {rise@0.000ns fall@2.000ns period=4.000ns})
  Destination:            u_array/g_row[3].g_col[0].u_pe/prod_q_reg[13]/D
                            (rising edge-triggered cell FDRE clocked by clk  {rise@0.000ns fall@2.000ns period=4.000ns})
  Path Group:             clk
  Path Type:              Setup (Max at Slow Process Corner)
  Requirement:            4.000ns  (clk rise@4.000ns - clk rise@0.000ns)
  Data Path Delay:        6.619ns  (logic 2.895ns (43.736%)  route 3.724ns (56.264%))
  Logic Levels:           8  (CARRY4=4 LUT3=2 LUT4=1 LUT6=1)
  Clock Path Skew:        -0.049ns (DCD - SCD + CPR)
    Destination Clock Delay (DCD):    0.924ns = ( 4.924 - 4.000 ) 
    Source Clock Delay      (SCD):    0.973ns
    Clock Pessimism Removal (CPR):    0.000ns
  Clock Uncertainty:      0.035ns  ((TSJ^2 + TIJ^2)^1/2 + DJ) / 2 + PE
    Total System Jitter     (TSJ):    0.071ns
    Total Input Jitter      (TIJ):    0.000ns
    Discrete Jitter          (DJ):    0.000ns
    Phase Error              (PE):    0.000ns

    Location             Delay type                Incr(ns)  Path(ns)    Netlist Resource(s)
  -------------------------------------------------------------------    -------------------
                         (clock clk rise edge)        0.000     0.000 r  
                                                      0.000     0.000 r  clk (IN)
                         net (fo=1248, unset)         0.973     0.973    clk
    SLICE_X10Y141        FDRE                                         r  g_skew[3].g_delay.b_q_reg[2]/C
  -------------------------------------------------------------------    -------------------
    SLICE_X10Y141        FDRE (Prop_fdre_C_Q)         0.518     1.491 r  g_skew[3].g_delay.b_q_reg[2]/Q
                         net (fo=169, routed)         0.946     2.437    u_array/g_row[3].g_col[0].u_pe/g_skew[3].g_delay.b_q[0]
    SLICE_X9Y146         LUT3 (Prop_lut3_I1_O)        0.124     2.561 r  u_array/g_row[3].g_col[0].u_pe/mult__30_carry_i_8__9/O
                         net (fo=8, routed)           0.846     3.406    u_array/g_row[3].g_col[0].u_pe/mult__30_carry_i_8__9_n_0
    SLICE_X4Y146         LUT6 (Prop_lut6_I0_O)        0.124     3.530 r  u_array/g_row[3].g_col[0].u_pe/mult__30_carry_i_1__9/O
                         net (fo=1, routed)           0.479     4.009    u_array/g_row[3].g_col[0].u_pe/mult__30_carry_i_1__9_n_0
    SLICE_X7Y144         CARRY4 (Prop_carry4_DI[3]_CO[3])
                                                      0.385     4.394 r  u_array/g_row[3].g_col[0].u_pe/mult__30_carry/CO[3]
                         net (fo=1, routed)           0.000     4.394    u_array/g_row[3].g_col[0].u_pe/mult__30_carry_n_0
    SLICE_X7Y145         CARRY4 (Prop_carry4_CI_O[0])
                                                      0.222     4.616 r  u_array/g_row[3].g_col[0].u_pe/mult__30_carry__0/O[0]
                         net (fo=2, routed)           0.860     5.476    u_array/g_row[3].g_col[0].u_pe/mult__30_carry__0_n_7
    SLICE_X7Y141         LUT3 (Prop_lut3_I2_O)        0.324     5.800 r  u_array/g_row[3].g_col[0].u_pe/mult__85_carry__0_i_4__9/O
                         net (fo=2, routed)           0.594     6.394    u_array/g_row[3].g_col[0].u_pe/mult__85_carry__0_i_4__9_n_0
    SLICE_X7Y142         LUT4 (Prop_lut4_I3_O)        0.332     6.726 r  u_array/g_row[3].g_col[0].u_pe/mult__85_carry__0_i_8__9/O
                         net (fo=1, routed)           0.000     6.726    u_array/g_row[3].g_col[0].u_pe/mult__85_carry__0_i_8__9_n_0
    SLICE_X7Y142         CARRY4 (Prop_carry4_S[0]_CO[3])
                                                      0.532     7.258 r  u_array/g_row[3].g_col[0].u_pe/mult__85_carry__0/CO[3]
                         net (fo=1, routed)           0.000     7.258    u_array/g_row[3].g_col[0].u_pe/mult__85_carry__0_n_0
    SLICE_X7Y143         CARRY4 (Prop_carry4_CI_O[1])
                                                      0.334     7.592 r  u_array/g_row[3].g_col[0].u_pe/mult__85_carry__1/O[1]
                         net (fo=1, routed)           0.000     7.592    u_array/g_row[3].g_col[0].u_pe/mult__85_carry__1_n_6
    SLICE_X7Y143         FDRE                                         r  u_array/g_row[3].g_col[0].u_pe/prod_q_reg[13]/D
  -------------------------------------------------------------------    -------------------

                         (clock clk rise edge)        4.000     4.000 r  
                                                      0.000     4.000 r  clk (IN)
                         net (fo=1248, unset)         0.924     4.924    u_array/g_row[3].g_col[0].u_pe/clk
    SLICE_X7Y143         FDRE                                         r  u_array/g_row[3].g_col[0].u_pe/prod_q_reg[13]/C
                         clock pessimism              0.000     4.924    
                         clock uncertainty           -0.035     4.889    
    SLICE_X7Y143         FDRE (Setup_fdre_C_D)        0.062     4.951    u_array/g_row[3].g_col[0].u_pe/prod_q_reg[13]
  -------------------------------------------------------------------
                         required time                          4.951    
                         arrival time                          -7.592    
  -------------------------------------------------------------------
                         slack                                 -2.641    





Min Delay Paths
--------------------------------------------------------------------------------------
Slack (MET) :             0.110ns  (arrival time - required time)
  Source:                 u_array/g_row[3].g_col[2].u_pe/ps_o_reg[31]/C
                            (rising edge-triggered cell FDRE clocked by clk  {rise@0.000ns fall@2.000ns period=4.000ns})
  Destination:            g_deskew[2].g_delay.d_q_reg[31]/D
                            (rising edge-triggered cell FDRE clocked by clk  {rise@0.000ns fall@2.000ns period=4.000ns})
  Path Group:             clk
  Path Type:              Hold (Min at Fast Process Corner)
  Requirement:            0.000ns  (clk rise@0.000ns - clk rise@0.000ns)
  Data Path Delay:        0.206ns  (logic 0.141ns (68.336%)  route 0.065ns (31.664%))
  Logic Levels:           0  
  Clock Path Skew:        0.022ns (DCD - SCD - CPR)
    Destination Clock Delay (DCD):    0.432ns
    Source Clock Delay      (SCD):    0.410ns
    Clock Pessimism Removal (CPR):    -0.000ns

    Location             Delay type                Incr(ns)  Path(ns)    Netlist Resource(s)
  -------------------------------------------------------------------    -------------------
                         (clock clk rise edge)        0.000     0.000 r  
                                                      0.000     0.000 r  clk (IN)
                         net (fo=1248, unset)         0.410     0.410    u_array/g_row[3].g_col[2].u_pe/clk
    SLICE_X20Y157        FDRE                                         r  u_array/g_row[3].g_col[2].u_pe/ps_o_reg[31]/C
  -------------------------------------------------------------------    -------------------
    SLICE_X20Y157        FDRE (Prop_fdre_C_Q)         0.141     0.551 r  u_array/g_row[3].g_col[2].u_pe/ps_o_reg[31]/Q
                         net (fo=1, routed)           0.065     0.616    u_array_n_72
    SLICE_X20Y157        FDRE                                         r  g_deskew[2].g_delay.d_q_reg[31]/D
  -------------------------------------------------------------------    -------------------

                         (clock clk rise edge)        0.000     0.000 r  
                                                      0.000     0.000 r  clk (IN)
                         net (fo=1248, unset)         0.432     0.432    clk
    SLICE_X20Y157        FDRE                                         r  g_deskew[2].g_delay.d_q_reg[31]/C
                         clock pessimism              0.000     0.432    
    SLICE_X20Y157        FDRE (Hold_fdre_C_D)         0.075     0.507    g_deskew[2].g_delay.d_q_reg[31]
  -------------------------------------------------------------------
                         required time                         -0.507    
                         arrival time                           0.616    
  -------------------------------------------------------------------
                         slack                                  0.110    

Slack (MET) :             0.150ns  (arrival time - required time)
  Source:                 u_array/g_row[0].g_col[1].u_pe/prod_q_reg[7]/C
                            (rising edge-triggered cell FDRE clocked by clk  {rise@0.000ns fall@2.000ns period=4.000ns})
  Destination:            u_array/g_row[0].g_col[1].u_pe/ps_o_reg[7]/D
                            (rising edge-triggered cell FDRE clocked by clk  {rise@0.000ns fall@2.000ns period=4.000ns})
  Path Group:             clk
  Path Type:              Hold (Min at Fast Process Corner)
  Requirement:            0.000ns  (clk rise@0.000ns - clk rise@0.000ns)
  Data Path Delay:        0.242ns  (logic 0.141ns (58.263%)  route 0.101ns (41.737%))
  Logic Levels:           0  
  Clock Path Skew:        0.022ns (DCD - SCD - CPR)
    Destination Clock Delay (DCD):    0.432ns
    Source Clock Delay      (SCD):    0.410ns
    Clock Pessimism Removal (CPR):    -0.000ns

    Location             Delay type                Incr(ns)  Path(ns)    Netlist Resource(s)
  -------------------------------------------------------------------    -------------------
                         (clock clk rise edge)        0.000     0.000 r  
                                                      0.000     0.000 r  clk (IN)
                         net (fo=1248, unset)         0.410     0.410    u_array/g_row[0].g_col[1].u_pe/clk
    SLICE_X1Y130         FDRE                                         r  u_array/g_row[0].g_col[1].u_pe/prod_q_reg[7]/C
  -------------------------------------------------------------------    -------------------
    SLICE_X1Y130         FDRE (Prop_fdre_C_Q)         0.141     0.551 r  u_array/g_row[0].g_col[1].u_pe/prod_q_reg[7]/Q
                         net (fo=1, routed)           0.101     0.652    u_array/g_row[0].g_col[1].u_pe/prod_q_reg_n_0_[7]
    SLICE_X3Y130         FDRE                                         r  u_array/g_row[0].g_col[1].u_pe/ps_o_reg[7]/D
  -------------------------------------------------------------------    -------------------

                         (clock clk rise edge)        0.000     0.000 r  
                                                      0.000     0.000 r  clk (IN)
                         net (fo=1248, unset)         0.432     0.432    u_array/g_row[0].g_col[1].u_pe/clk
    SLICE_X3Y130         FDRE                                         r  u_array/g_row[0].g_col[1].u_pe/ps_o_reg[7]/C
                         clock pessimism              0.000     0.432    
    SLICE_X3Y130         FDRE (Hold_fdre_C_D)         0.070     0.502    u_array/g_row[0].g_col[1].u_pe/ps_o_reg[7]
  -------------------------------------------------------------------
                         required time                         -0.502    
                         arrival time                           0.652    
  -------------------------------------------------------------------
                         slack                                  0.150    

Slack (MET) :             0.156ns  (arrival time - required time)
  Source:                 u_array/g_row[0].g_col[0].u_pe/prod_q_reg[10]/C
                            (rising edge-triggered cell FDRE clocked by clk  {rise@0.000ns fall@2.000ns period=4.000ns})
  Destination:            u_array/g_row[0].g_col[0].u_pe/ps_o_reg[10]/D
                            (rising edge-triggered cell FDRE clocked by clk  {rise@0.000ns fall@2.000ns period=4.000ns})
  Path Group:             clk
  Path Type:              Hold (Min at Fast Process Corner)
  Requirement:            0.000ns  (clk rise@0.000ns - clk rise@0.000ns)
  Data Path Delay:        0.241ns  (logic 0.141ns (58.447%)  route 0.100ns (41.553%))
  Logic Levels:           0  
  Clock Path Skew:        0.022ns (DCD - SCD - CPR)
    Destination Clock Delay (DCD):    0.432ns
    Source Clock Delay      (SCD):    0.410ns
    Clock Pessimism Removal (CPR):    -0.000ns

    Location             Delay type                Incr(ns)  Path(ns)    Netlist Resource(s)
  -------------------------------------------------------------------    -------------------
                         (clock clk rise edge)        0.000     0.000 r  
                                                      0.000     0.000 r  clk (IN)
                         net (fo=1248, unset)         0.410     0.410    u_array/g_row[0].g_col[0].u_pe/clk
    SLICE_X1Y142         FDRE                                         r  u_array/g_row[0].g_col[0].u_pe/prod_q_reg[10]/C
  -------------------------------------------------------------------    -------------------
    SLICE_X1Y142         FDRE (Prop_fdre_C_Q)         0.141     0.551 r  u_array/g_row[0].g_col[0].u_pe/prod_q_reg[10]/Q
                         net (fo=1, routed)           0.100     0.651    u_array/g_row[0].g_col[0].u_pe/prod_q[10]
    SLICE_X2Y141         FDRE                                         r  u_array/g_row[0].g_col[0].u_pe/ps_o_reg[10]/D
  -------------------------------------------------------------------    -------------------

                         (clock clk rise edge)        0.000     0.000 r  
                                                      0.000     0.000 r  clk (IN)
                         net (fo=1248, unset)         0.432     0.432    u_array/g_row[0].g_col[0].u_pe/clk
    SLICE_X2Y141         FDRE                                         r  u_array/g_row[0].g_col[0].u_pe/ps_o_reg[10]/C
                         clock pessimism              0.000     0.432    
    SLICE_X2Y141         FDRE (Hold_fdre_C_D)         0.064     0.496    u_array/g_row[0].g_col[0].u_pe/ps_o_reg[10]
  -------------------------------------------------------------------
                         required time                         -0.496    
                         arrival time                           0.651    
  -------------------------------------------------------------------
                         slack                                  0.156    

Slack (MET) :             0.157ns  (arrival time - required time)
  Source:                 g_deskew[1].g_delay.d_q_reg[11]/C
                            (rising edge-triggered cell FDRE clocked by clk  {rise@0.000ns fall@2.000ns period=4.000ns})
  Destination:            g_deskew[1].g_delay.d_q_reg[43]/D
                            (rising edge-triggered cell FDRE clocked by clk  {rise@0.000ns fall@2.000ns period=4.000ns})
  Path Group:             clk
  Path Type:              Hold (Min at Fast Process Corner)
  Requirement:            0.000ns  (clk rise@0.000ns - clk rise@0.000ns)
  Data Path Delay:        0.251ns  (logic 0.141ns (56.174%)  route 0.110ns (43.826%))
  Logic Levels:           0  
  Clock Path Skew:        0.022ns (DCD - SCD - CPR)
    Destination Clock Delay (DCD):    0.432ns
    Source Clock Delay      (SCD):    0.410ns
    Clock Pessimism Removal (CPR):    -0.000ns

    Location             Delay type                Incr(ns)  Path(ns)    Netlist Resource(s)
  -------------------------------------------------------------------    -------------------
                         (clock clk rise edge)        0.000     0.000 r  
                                                      0.000     0.000 r  clk (IN)
                         net (fo=1248, unset)         0.410     0.410    clk
    SLICE_X5Y157         FDRE                                         r  g_deskew[1].g_delay.d_q_reg[11]/C
  -------------------------------------------------------------------    -------------------
    SLICE_X5Y157         FDRE (Prop_fdre_C_Q)         0.141     0.551 r  g_deskew[1].g_delay.d_q_reg[11]/Q
                         net (fo=1, routed)           0.110     0.661    g_deskew[1].g_delay.d_q[11]
    SLICE_X5Y157         FDRE                                         r  g_deskew[1].g_delay.d_q_reg[43]/D
  -------------------------------------------------------------------    -------------------

                         (clock clk rise edge)        0.000     0.000 r  
                                                      0.000     0.000 r  clk (IN)
                         net (fo=1248, unset)         0.432     0.432    clk
    SLICE_X5Y157         FDRE                                         r  g_deskew[1].g_delay.d_q_reg[43]/C
                         clock pessimism              0.000     0.432    
    SLICE_X5Y157         FDRE (Hold_fdre_C_D)         0.072     0.504    g_deskew[1].g_delay.d_q_reg[43]
  -------------------------------------------------------------------
                         required time                         -0.504    
                         arrival time                           0.661    
  -------------------------------------------------------------------
                         slack                                  0.157    

Slack (MET) :             0.159ns  (arrival time - required time)
  Source:                 u_array/g_row[0].g_col[1].u_pe/ps_o_reg[31]/C
                            (rising edge-triggered cell FDRE clocked by clk  {rise@0.000ns fall@2.000ns period=4.000ns})
  Destination:            u_array/g_row[1].g_col[1].u_pe/ps_o_reg[15]/D
                            (rising edge-triggered cell FDRE clocked by clk  {rise@0.000ns fall@2.000ns period=4.000ns})
  Path Group:             clk
  Path Type:              Hold (Min at Fast Process Corner)
  Requirement:            0.000ns  (clk rise@0.000ns - clk rise@0.000ns)
  Data Path Delay:        0.314ns  (logic 0.250ns (79.557%)  route 0.064ns (20.443%))
  Logic Levels:           2  (CARRY4=1 LUT2=1)
  Clock Path Skew:        0.022ns (DCD - SCD - CPR)
    Destination Clock Delay (DCD):    0.432ns
    Source Clock Delay      (SCD):    0.410ns
    Clock Pessimism Removal (CPR):    -0.000ns

    Location             Delay type                Incr(ns)  Path(ns)    Netlist Resource(s)
  -------------------------------------------------------------------    -------------------
                         (clock clk rise edge)        0.000     0.000 r  
                                                      0.000     0.000 r  clk (IN)
                         net (fo=1248, unset)         0.410     0.410    u_array/g_row[0].g_col[1].u_pe/clk
    SLICE_X3Y136         FDRE                                         r  u_array/g_row[0].g_col[1].u_pe/ps_o_reg[31]/C
  -------------------------------------------------------------------    -------------------
    SLICE_X3Y136         FDRE (Prop_fdre_C_Q)         0.141     0.551 r  u_array/g_row[0].g_col[1].u_pe/ps_o_reg[31]/Q
                         net (fo=3, routed)           0.064     0.615    u_array/g_row[0].g_col[1].u_pe/Q[15]
    SLICE_X2Y136         LUT2 (Prop_lut2_I0_O)        0.045     0.660 r  u_array/g_row[0].g_col[1].u_pe/sum_carry__2_i_1__8/O
                         net (fo=1, routed)           0.000     0.660    u_array/g_row[1].g_col[1].u_pe/ps_o_reg[15]_0[3]
    SLICE_X2Y136         CARRY4 (Prop_carry4_S[3]_O[3])
                                                      0.064     0.724 r  u_array/g_row[1].g_col[1].u_pe/sum_carry__2/O[3]
                         net (fo=1, routed)           0.000     0.724    u_array/g_row[1].g_col[1].u_pe/sum_carry__2_n_4
    SLICE_X2Y136         FDRE                                         r  u_array/g_row[1].g_col[1].u_pe/ps_o_reg[15]/D
  -------------------------------------------------------------------    -------------------

                         (clock clk rise edge)        0.000     0.000 r  
                                                      0.000     0.000 r  clk (IN)
                         net (fo=1248, unset)         0.432     0.432    u_array/g_row[1].g_col[1].u_pe/clk
    SLICE_X2Y136         FDRE                                         r  u_array/g_row[1].g_col[1].u_pe/ps_o_reg[15]/C
                         clock pessimism              0.000     0.432    
    SLICE_X2Y136         FDRE (Hold_fdre_C_D)         0.134     0.566    u_array/g_row[1].g_col[1].u_pe/ps_o_reg[15]
  -------------------------------------------------------------------
                         required time                         -0.566    
                         arrival time                           0.724    
  -------------------------------------------------------------------
                         slack                                  0.159    





Pulse Width Checks
--------------------------------------------------------------------------------------
Clock Name:         clk
Waveform(ns):       { 0.000 2.000 }
Period(ns):         4.000
Sources:            { clk }

Check Type        Corner  Lib Pin     Reference Pin  Required(ns)  Actual(ns)  Slack(ns)  Location       Pin
Min Period        n/a     FDCE/C      n/a            1.000         4.000       3.000      SLICE_X1Y148   bank_fresh_reg[0]/C
Min Period        n/a     FDCE/C      n/a            1.000         4.000       3.000      SLICE_X1Y148   bank_fresh_reg[1]/C
Min Period        n/a     FDCE/C      n/a            1.000         4.000       3.000      SLICE_X0Y153   bank_full_reg[0]/C
Min Period        n/a     FDCE/C      n/a            1.000         4.000       3.000      SLICE_X0Y153   bank_full_reg[1]/C
Min Period        n/a     FDCE/C      n/a            1.000         4.000       3.000      SLICE_X14Y156  fifo_cnt_reg[0]/C
Low Pulse Width   Slow    SRL16E/CLK  n/a            0.980         2.000       1.020      SLICE_X8Y129   g_deskew[0].g_delay.d_q_reg[32]_srl2/CLK
Low Pulse Width   Fast    SRL16E/CLK  n/a            0.980         2.000       1.020      SLICE_X8Y129   g_deskew[0].g_delay.d_q_reg[32]_srl2/CLK
Low Pulse Width   Slow    SRL16E/CLK  n/a            0.980         2.000       1.020      SLICE_X8Y129   g_deskew[0].g_delay.d_q_reg[33]_srl2/CLK
Low Pulse Width   Fast    SRL16E/CLK  n/a            0.980         2.000       1.020      SLICE_X8Y129   g_deskew[0].g_delay.d_q_reg[33]_srl2/CLK
Low Pulse Width   Slow    SRL16E/CLK  n/a            0.980         2.000       1.020      SLICE_X8Y129   g_deskew[0].g_delay.d_q_reg[34]_srl2/CLK
High Pulse Width  Slow    SRL16E/CLK  n/a            0.980         2.000       1.020      SLICE_X8Y129   g_deskew[0].g_delay.d_q_reg[32]_srl2/CLK
High Pulse Width  Fast    SRL16E/CLK  n/a            0.980         2.000       1.020      SLICE_X8Y129   g_deskew[0].g_delay.d_q_reg[32]_srl2/CLK
High Pulse Width  Slow    SRL16E/CLK  n/a            0.980         2.000       1.020      SLICE_X8Y129   g_deskew[0].g_delay.d_q_reg[33]_srl2/CLK
High Pulse Width  Fast    SRL16E/CLK  n/a            0.980         2.000       1.020      SLICE_X8Y129   g_deskew[0].g_delay.d_q_reg[33]_srl2/CLK
High Pulse Width  Slow    SRL16E/CLK  n/a            0.980         2.000       1.020      SLICE_X8Y129   g_deskew[0].g_delay.d_q_reg[34]_srl2/CLK



