134. Printing statistics.

=== sa_core ===

   Number of wires:              10771
   Number of wire bits:          13466
   Number of public wires:         148
   Number of public wire bits:    2838
   Number of ports:                 17
   Number of port bits:            208
   Number of memories:               0
   Number of memory bits:            0
   Number of processes:              0
   Number of cells:              12798
     $_ANDNOT_                    3312
     $_AND_                        212
     $_MUX_                       2015
     $_NAND_                       800
     $_NOR_                        527
     $_NOT_                        334
     $_ORNOT_                      159
     $_OR_                         963
     $_XNOR_                       750
     $_XOR_                       2227
     sky130_fd_sc_hd__dfrtp_2       35
     sky130_fd_sc_hd__dfxtp_2     1464

   Area for cell type $_NOT_ is unknown!
   Area for cell type $_AND_ is unknown!
   Area for cell type $_NAND_ is unknown!
   Area for cell type $_OR_ is unknown!
   Area for cell type $_NOR_ is unknown!
   Area for cell type $_XOR_ is unknown!
   Area for cell type $_XNOR_ is unknown!
   Area for cell type $_ANDNOT_ is unknown!
   Area for cell type $_ORNOT_ is unknown!
   Area for cell type $_MUX_ is unknown!

   Chip area for module '\sa_core': 32059.497600
     of which used for sequential elements: 32059.497600 (100.00%)

