142. Printing statistics.

=== sa_core ===

   Number of wires:              10491
   Number of wire bits:          10682
   Number of public wires:        1513
   Number of public wire bits:    1704
   Number of ports:                 17
   Number of port bits:            208
   Number of memories:               0
   Number of memory bits:            0
   Number of processes:              0
   Number of cells:              10609
     sky130_fd_sc_hd__a2111o_2       5
     sky130_fd_sc_hd__a2111oi_2      1
     sky130_fd_sc_hd__a211o_2      140
     sky130_fd_sc_hd__a211oi_2      75
     sky130_fd_sc_hd__a21bo_2      219
     sky130_fd_sc_hd__a21boi_2      41
     sky130_fd_sc_hd__a21o_2       605
     sky130_fd_sc_hd__a21oi_2      323
     sky130_fd_sc_hd__a221o_2       11
     sky130_fd_sc_hd__a22o_2       376
     sky130_fd_sc_hd__a22oi_2      154
     sky130_fd_sc_hd__a2bb2o_2      62
     sky130_fd_sc_hd__a2bb2oi_2      1
     sky130_fd_sc_hd__a311o_2        9
     sky130_fd_sc_hd__a311oi_2       2
     sky130_fd_sc_hd__a31o_2       138
     sky130_fd_sc_hd__a31oi_2       29
     sky130_fd_sc_hd__a32o_2       142
     sky130_fd_sc_hd__a41o_2         3
     sky130_fd_sc_hd__a41oi_2       11
     sky130_fd_sc_hd__and2_2       380
     sky130_fd_sc_hd__and2b_2      127
     sky130_fd_sc_hd__and3_2       217
     sky130_fd_sc_hd__and3b_2       20
     sky130_fd_sc_hd__and4_2       188
     sky130_fd_sc_hd__and4b_2        8
     sky130_fd_sc_hd__and4bb_2      12
     sky130_fd_sc_hd__conb_1        12
     sky130_fd_sc_hd__dfrtp_2       35
     sky130_fd_sc_hd__dfxtp_2     1464
     sky130_fd_sc_hd__inv_2        221
     sky130_fd_sc_hd__mux2_1      1278
     sky130_fd_sc_hd__nand2_2      803
     sky130_fd_sc_hd__nand2b_2     136
     sky130_fd_sc_hd__nand3_2      471
     sky130_fd_sc_hd__nand3b_2      11
     sky130_fd_sc_hd__nand4_2      150
     sky130_fd_sc_hd__nor2_2       473
     sky130_fd_sc_hd__nor3_2        42
     sky130_fd_sc_hd__nor3b_2        7
     sky130_fd_sc_hd__nor4_2         1
     sky130_fd_sc_hd__nor4b_2        1
     sky130_fd_sc_hd__o2111a_2       2
     sky130_fd_sc_hd__o2111ai_2      2
     sky130_fd_sc_hd__o211a_2       93
     sky130_fd_sc_hd__o211ai_2      98
     sky130_fd_sc_hd__o21a_2       163
     sky130_fd_sc_hd__o21ai_2      187
     sky130_fd_sc_hd__o21ba_2       41
     sky130_fd_sc_hd__o21bai_2      52
     sky130_fd_sc_hd__o221a_2        2
     sky130_fd_sc_hd__o22a_2        25
     sky130_fd_sc_hd__o22ai_2        1
     sky130_fd_sc_hd__o2bb2a_2      47
     sky130_fd_sc_hd__o2bb2ai_2      1
     sky130_fd_sc_hd__o311a_2        9
     sky130_fd_sc_hd__o311ai_2       4
     sky130_fd_sc_hd__o31a_2        21
     sky130_fd_sc_hd__o31ai_2        9
     sky130_fd_sc_hd__o32a_2         7
     sky130_fd_sc_hd__o32ai_2        2
     sky130_fd_sc_hd__o41ai_2        1
     sky130_fd_sc_hd__or2_2        454
     sky130_fd_sc_hd__or3_2         84
     sky130_fd_sc_hd__or3b_2        41
     sky130_fd_sc_hd__or4_2         12
     sky130_fd_sc_hd__or4b_2         8
     sky130_fd_sc_hd__or4bb_2        1
     sky130_fd_sc_hd__xnor2_2      632
     sky130_fd_sc_hd__xor2_2       206

   Chip area for module '\sa_core': 120285.363200
     of which used for sequential elements: 32059.497600 (26.65%)

