┏━━━━━━━┳━━━━━━━━━┳━━━━━━━━━━┳━━━━━━━━━━━━━━━━━━━━━━━━━━━━━━━━━━━━━━━━━━━━┳━━━━━━━━━━━━━━━━━┳━━━━━━━┓
┃ P / R ┃ Partial ┃ Required ┃ Net                                        ┃ Pin             ┃ Layer ┃
┡━━━━━━━╇━━━━━━━━━╇━━━━━━━━━━╇━━━━━━━━━━━━━━━━━━━━━━━━━━━━━━━━━━━━━━━━━━━━╇━━━━━━━━━━━━━━━━━╇━━━━━━━┩
│ 3.66  │ 1465.46 │ 400.00   │ net295                                     │ fanout294/A     │ met3  │
│ 2.85  │ 1140.62 │ 400.00   │ net621                                     │ fanout593/A     │ met1  │
│ 2.73  │ 1093.58 │ 400.00   │ br_bank                                    │ _09211_/A_N     │ met1  │
│ 2.37  │ 948.88  │ 400.00   │ u_array.g_row[2\].g_col[1\].u_pe.ps_o[16\] │ _09366_/B       │ met3  │
│ 2.37  │ 948.88  │ 400.00   │ u_array.g_row[2\].g_col[1\].u_pe.ps_o[16\] │ _09367_/B       │ met3  │
│ 2.21  │ 883.25  │ 400.00   │ net295                                     │ _09810_/S       │ met3  │
│ 2.21  │ 883.25  │ 400.00   │ net295                                     │ fanout289/A     │ met3  │
│ 2.06  │ 823.56  │ 400.00   │ u_array.a_h[14\]                           │ _17199_/A0      │ met1  │
│ 2.05  │ 821.15  │ 400.00   │ rd_ptr                                     │ fanout878/A     │ met2  │
│ 1.99  │ 795.72  │ 400.00   │ _07122_                                    │ _13698_/A1      │ met1  │
│ 1.91  │ 762.74  │ 400.00   │ net57                                      │ _13714_/A0      │ met1  │
│ 1.84  │ 736.83  │ 400.00   │ net792                                     │ _12668_/A1      │ met1  │
│ 1.83  │ 730.45  │ 400.00   │ net295                                     │ fanout289/A     │ met2  │
│ 1.81  │ 723.83  │ 400.00   │ _07111_                                    │ _13685_/A1      │ met1  │
│ 1.80  │ 718.21  │ 400.00   │ net41                                      │ _11533_/A0      │ met1  │
│ 1.79  │ 716.39  │ 400.00   │ u_array.a_h[101\]                          │ _12671_/A1      │ met1  │
│ 1.60  │ 641.32  │ 400.00   │ u_array.a_h[11\]                           │ _17196_/A0      │ met1  │
│ 1.58  │ 632.68  │ 400.00   │ net558                                     │ fanout551/A     │ met1  │
│ 1.53  │ 612.89  │ 400.00   │ _08515_                                    │ _15256_/A1      │ met1  │
│ 1.47  │ 588.17  │ 400.00   │ net942                                     │ _18817_/RESET_B │ met1  │
│ 1.47  │ 586.89  │ 400.00   │ net56                                      │ _12534_/A1      │ met1  │
│ 1.39  │ 555.60  │ 400.00   │ net54                                      │ _13711_/A0      │ met1  │
│ 1.32  │ 529.52  │ 400.00   │ net741                                     │ fanout740/A     │ met1  │
│ 1.30  │ 3601.14 │ 2778.20  │ _03710_                                    │ _09300_/B       │ met3  │
│ 1.28  │ 510.51  │ 400.00   │ u_array.g_row[2\].g_col[3\].u_pe.ps_o[2\]  │ _09491_/A       │ met1  │
│ 1.24  │ 497.24  │ 400.00   │ net230                                     │ _17192_/S       │ met1  │
│ 1.23  │ 491.08  │ 400.00   │ net621                                     │ fanout575/A     │ met1  │
│ 1.20  │ 481.97  │ 400.00   │ clk                                        │ clkbuf_0_clk/A  │ met3  │
│ 1.14  │ 456.73  │ 400.00   │ net61                                      │ _09553_/A0      │ met1  │
│ 1.14  │ 456.73  │ 400.00   │ net61                                      │ _15827_/A0      │ met1  │
│ 1.13  │ 450.67  │ 400.00   │ net239                                     │ fanout238/A     │ met1  │
│ 1.12  │ 447.05  │ 400.00   │ u_array.a_h[52\]                           │ _15311_/A0      │ met3  │
│ 1.11  │ 445.13  │ 400.00   │ u_array.a_h[103\]                          │ fanout782/A     │ met1  │
│ 1.11  │ 444.07  │ 400.00   │ net43                                      │ _10606_/A0      │ met1  │
│ 1.11  │ 444.07  │ 400.00   │ net43                                      │ _11535_/A0      │ met1  │
│ 1.07  │ 429.55  │ 400.00   │ _04362_                                    │ fanout217/A     │ met3  │
│ 1.07  │ 429.55  │ 400.00   │ _04362_                                    │ fanout218/A     │ met3  │
│ 1.07  │ 429.55  │ 400.00   │ _04362_                                    │ fanout219/A     │ met3  │
│ 1.05  │ 420.50  │ 400.00   │ _06130_                                    │ _12574_/A1      │ met1  │
│ 1.01  │ 405.94  │ 400.00   │ _08039_                                    │ _14724_/A1      │ met1  │
└───────┴─────────┴──────────┴────────────────────────────────────────────┴─────────────────┴───────┘
