┏━━━━━━━┳━━━━━━━━━┳━━━━━━━━━━┳━━━━━━━━━━━━━━━━━━━━━━━━━━━━━━━━━━━━━━━━━━━┳━━━━━━━━━━━━━━━━━┳━━━━━━━┓
┃ P / R ┃ Partial ┃ Required ┃ Net                                       ┃ Pin             ┃ Layer ┃
┡━━━━━━━╇━━━━━━━━━╇━━━━━━━━━━╇━━━━━━━━━━━━━━━━━━━━━━━━━━━━━━━━━━━━━━━━━━━╇━━━━━━━━━━━━━━━━━╇━━━━━━━┩
│ 3.97  │ 1586.10 │ 400.00   │ u_array.a_h[100\]                         │ fanout787/A     │ met3  │
│ 3.48  │ 1390.64 │ 400.00   │ _03710_                                   │ _09300_/B       │ met1  │
│ 2.48  │ 990.08  │ 400.00   │ u_array.a_h[102\]                         │ fanout783/A     │ met3  │
│ 2.26  │ 903.72  │ 400.00   │ net2757                                   │ _12671_/A1      │ met1  │
│ 2.07  │ 827.83  │ 400.00   │ _07122_                                   │ _13698_/A1      │ met1  │
│ 2.01  │ 805.56  │ 400.00   │ net2729                                   │ _12667_/A1      │ met1  │
│ 1.71  │ 684.50  │ 400.00   │ _07111_                                   │ _13685_/A1      │ met1  │
│ 1.70  │ 678.48  │ 400.00   │ br_last                                   │ _10094_/A0      │ met1  │
│ 1.65  │ 661.96  │ 400.00   │ net883                                    │ fanout877/A     │ met2  │
│ 1.61  │ 644.06  │ 400.00   │ net2781                                   │ _12672_/A1      │ met1  │
│ 1.61  │ 643.61  │ 400.00   │ net51                                     │ _17167_/A1      │ met1  │
│ 1.60  │ 639.28  │ 400.00   │ net295                                    │ fanout289/A     │ met2  │
│ 1.57  │ 628.26  │ 400.00   │ _04362_                                   │ fanout218/A     │ met3  │
│ 1.57  │ 628.26  │ 400.00   │ _04362_                                   │ fanout219/A     │ met3  │
│ 1.56  │ 622.29  │ 400.00   │ net46                                     │ _12132_/A0      │ met3  │
│ 1.56  │ 622.29  │ 400.00   │ net46                                     │ _13068_/A1      │ met3  │
│ 1.52  │ 607.34  │ 400.00   │ net943                                    │ _18817_/RESET_B │ met1  │
│ 1.47  │ 588.36  │ 400.00   │ net72                                     │ _09202_/A       │ met1  │
│ 1.47  │ 586.89  │ 400.00   │ net56                                     │ _12534_/A1      │ met1  │
│ 1.37  │ 547.52  │ 400.00   │ net278                                    │ _09940_/S       │ met1  │
│ 1.31  │ 523.83  │ 400.00   │ net45                                     │ _17162_/A1      │ met1  │
│ 1.27  │ 506.85  │ 400.00   │ net218                                    │ _12042_/S       │ met1  │
│ 1.20  │ 481.78  │ 400.00   │ _08491_                                   │ _15228_/A1      │ met1  │
│ 1.17  │ 469.50  │ 400.00   │ net2674                                   │ _09793_/A1      │ met1  │
│ 1.11  │ 444.07  │ 400.00   │ net43                                     │ _10606_/A0      │ met1  │
│ 1.11  │ 444.07  │ 400.00   │ net43                                     │ _11535_/A0      │ met1  │
│ 1.11  │ 442.59  │ 400.00   │ u_array.g_row[2\].g_col[3\].u_pe.ps_o[3\] │ _09489_/A       │ met1  │
│ 1.10  │ 439.74  │ 400.00   │ net230                                    │ _17192_/S       │ met1  │
│ 1.09  │ 434.83  │ 400.00   │ _06130_                                   │ _12574_/A1      │ met1  │
│ 1.07  │ 429.33  │ 400.00   │ u_array.g_row[2\].g_col[3\].u_pe.ps_o[4\] │ _09487_/A       │ met1  │
│ 1.07  │ 428.90  │ 400.00   │ clk                                       │ clkbuf_0_clk/A  │ met4  │
│ 1.04  │ 414.23  │ 400.00   │ net557                                    │ fanout556/A     │ met1  │
└───────┴─────────┴──────────┴───────────────────────────────────────────┴─────────────────┴───────┘
